02-21 18:01:34.985   272   272 D SystemServerTiming: OnBootPhase_520_com.android.server.logcat.LogcatManagerService
02-21 18:01:34.985   272   272 V SystemServerTiming: OnBootPhase_520_com.android.server.logcat.LogcatManagerService took to complete: 0ms
02-21 18:01:34.985   272   272 D SystemServerTiming: OnBootPhase_520_com.android.server.inputmethod.InputMethodManagerService$Lifecycle
02-21 18:01:34.985   272   272 V SystemServerTiming: OnBootPhase_520_com.android.server.inputmethod.InputMethodManagerService$Lifecycle took to complete: 0ms
02-21 18:01:34.985   272   272 D SystemServerTiming: OnBootPhase_520_com.android.server.accessibility.AccessibilityManagerService$Lifecycle
02-21 18:01:34.985   272   272 V SystemServerTiming: OnBootPhase_520_com.android.server.accessibility.AccessibilityManagerService$Lifecycle took to complete: 0ms
02-21 18:01:34.985   272   272 D SystemServerTiming: OnBootPhase_520_com.android.server.StorageManagerService$Lifecycle
02-21 18:01:34.985   272   272 V SystemServerTiming: OnBootPhase_520_com.android.server.StorageManagerService$Lifecycle took to complete: 0ms
02-21 18:01:34.985   272   272 D SystemServerTiming: OnBootPhase_520_com.android.server.usage.StorageStatsService$Lifecycle
02-21 18:01:34.985   272   272 V SystemServerTiming: OnBootPhase_520_com.android.server.usage.StorageStatsService$Lifecycle took to complete: 0ms
02-21 18:01:34.985   272   272 D SystemServerTiming: OnBootPhase_520_com.android.server.UiModeManagerService
02-21 18:01:34.985   272   272 V SystemServerTiming: OnBootPhase_520_com.android.server.UiModeManagerService took to complete: 0ms
02-21 18:01:34.985   272   272 D SystemServerTiming: OnBootPhase_520_com.android.server.locales.LocaleManagerService
02-21 18:01:34.985   272   272 V SystemServerTiming: OnBootPhase_520_com.android.server.locales.LocaleManagerService took to complete: 0ms
02-21 18:01:34.985   272   272 D SystemServerTiming: OnBootPhase_520_com.android.server.locksettings.LockSettingsService$Lifecycle
02-21 18:01:34.985   272   272 V SystemServerTiming: OnBootPhase_520_com.android.server.locksettings.LockSettingsService$Lifecycle took to complete: 0ms
02-21 18:01:34.985   272   272 D SystemServerTiming: OnBootPhase_520_com.android.server.testharness.TestHarnessModeService
02-21 18:01:34.985   272   272 V SystemServerTiming: OnBootPhase_520_com.android.server.testharness.TestHarnessModeService took to complete: 0ms
02-21 18:01:34.985   272   272 D SystemServerTiming: OnBootPhase_520_com.android.server.DeviceIdleController
02-21 18:01:34.985   272   272 V SystemServerTiming: OnBootPhase_520_com.android.server.DeviceIdleController took to complete: 0ms
02-21 18:01:34.985   272   272 D SystemServerTiming: OnBootPhase_520_com.android.server.devicepolicy.DevicePolicyManagerService$Lifecycle
02-21 18:01:34.985   272   272 V SystemServerTiming: OnBootPhase_520_com.android.server.devicepolicy.DevicePolicyManagerService$Lifecycle took to complete: 0ms
02-21 18:01:34.985   272   272 D SystemServerTiming: OnBootPhase_520_com.android.server.texttospeech.TextToSpeechManagerService
02-21 18:01:34.985   272   272 V SystemServerTiming: OnBootPhase_520_com.android.server.texttospeech.TextToSpeechManagerService took to complete: 0ms
02-21 18:01:34.985   272   272 D SystemServerTiming: OnBootPhase_520_com.android.server.ambientcontext.AmbientContextManagerService
02-21 18:01:34.985   272   272 V SystemServerTiming: OnBootPhase_520_com.android.server.ambientcontext.AmbientContextManagerService took to complete: 0ms
02-21 18:01:34.985   272   272 D SystemServerTiming: OnBootPhase_520_com.android.server.speech.SpeechRecognitionManagerService
02-21 18:01:34.985   272   272 V SystemServerTiming: OnBootPhase_520_com.android.server.speech.SpeechRecognitionManagerService took to complete: 0ms
02-21 18:01:34.985   272   272 D SystemServerTiming: OnBootPhase_520_com.android.server.searchui.SearchUiManagerService
02-21 18:01:34.985   272   272 V SystemServerTiming: OnBootPhase_520_com.android.server.searchui.SearchUiManagerService took to complete: 0ms
02-21 18:01:34.985   272   272 D SystemServerTiming: OnBootPhase_520_com.android.server.smartspace.SmartspaceManagerService
02-21 18:01:34.985   272   272 V SystemServerTiming: OnBootPhase_520_com.android.server.smartspace.SmartspaceManagerService took to complete: 0ms
02-21 18:01:34.985   272   272 D SystemServerTiming: OnBootPhase_520_com.android.server.graphics.fonts.FontManagerService$Lifecycle
02-21 18:01:34.985   272   272 V SystemServerTiming: OnBootPhase_520_com.android.server.graphics.fonts.FontManagerService$Lifecycle took to complete: 0ms
02-21 18:01:34.985   272   272 D SystemServerTiming: OnBootPhase_520_com.android.server.textservices.TextServicesManagerService$Lifecycle
02-21 18:01:34.985   272   272 V SystemServerTiming: OnBootPhase_520_com.android.server.textservices.TextServicesManagerService$Lifecycle took to complete: 0ms
02-21 18:01:34.985   272   272 D SystemServerTiming: OnBootPhase_520_com.android.server.textclassifier.TextClassificationManagerService$Lifecycle
02-21 18:01:34.985   272   272 V SystemServerTiming: OnBootPhase_520_com.android.server.textclassifier.TextClassificationManagerService$Lifecycle took to complete: 0ms
02-21 18:01:34.985   272   272 D SystemServerTiming: OnBootPhase_520_com.android.server.NetworkScoreService$Lifecycle
02-21 18:01:34.985   272   272 V SystemServerTiming: OnBootPhase_520_com.android.server.NetworkScoreService$Lifecycle took to complete: 0ms
02-21 18:01:34.985   272   272 D SystemServerTiming: OnBootPhase_520_com.android.server.NetworkStatsServiceInitializer
02-21 18:01:34.985   272   272 V SystemServerTiming: OnBootPhase_520_com.android.server.NetworkStatsServiceInitializer took to complete: 0ms
02-21 18:01:34.985   272   272 D SystemServerTiming: OnBootPhase_520_com.android.server.wifi.WifiService
02-21 18:01:34.985   272   272 V SystemServerTiming: OnBootPhase_520_com.android.server.wifi.WifiService took to complete: 0ms
02-21 18:01:34.985   272   272 D SystemServerTiming: OnBootPhase_520_com.android.server.wifi.scanner.WifiScanningService
02-21 18:01:34.985   272   272 V SystemServerTiming: OnBootPhase_520_com.android.server.wifi.scanner.WifiScanningService took to complete: 0ms
02-21 18:01:34.985   272   272 D SystemServerTiming: OnBootPhase_520_com.android.server.ConnectivityServiceInitializer
02-21 18:01:34.985   272   272 V SystemServerTiming: OnBootPhase_520_com.android.server.ConnectivityServiceInitializer took to complete: 0ms
02-21 18:01:34.985   272   272 D SystemServerTiming: OnBootPhase_520_com.android.server.notification.NotificationManagerService
02-21 18:01:34.986   272   272 V SystemServerTiming: OnBootPhase_520_com.android.server.notification.NotificationManagerService took to complete: 1ms
02-21 18:01:34.986   272   272 D SystemServerTiming: OnBootPhase_520_com.android.server.storage.DeviceStorageMonitorService
02-21 18:01:34.986   272   272 V SystemServerTiming: OnBootPhase_520_com.android.server.storage.DeviceStorageMonitorService took to complete: 0ms
02-21 18:01:34.986   272   272 D SystemServerTiming: OnBootPhase_520_com.android.server.location.LocationManagerService$Lifecycle
02-21 18:01:34.986   272   272 V SystemServerTiming: OnBootPhase_520_com.android.server.location.LocationManagerService$Lifecycle took to complete: 0ms
02-21 18:01:34.986   272   272 D SystemServerTiming: OnBootPhase_520_com.android.server.timedetector.TimeDetectorService$Lifecycle
02-21 18:01:34.986   272   272 V SystemServerTiming: OnBootPhase_520_com.android.server.timedetector.TimeDetectorService$Lifecycle took to complete: 0ms
02-21 18:01:34.986   272   272 D SystemServerTiming: OnBootPhase_520_com.android.server.timezonedetector.TimeZoneDetectorService$Lifecycle
02-21 18:01:34.986   272   272 V SystemServerTiming: OnBootPhase_520_com.android.server.timezonedetector.TimeZoneDetectorService$Lifecycle took to complete: 0ms
02-21 18:01:34.986   272   272 D SystemServerTiming: OnBootPhase_520_com.android.server.timezonedetector.location.LocationTimeZoneManagerService$Lifecycle
02-21 18:01:34.986   272   272 V SystemServerTiming: OnBootPhase_520_com.android.server.timezonedetector.location.LocationTimeZoneManagerService$Lifecycle took to complete: 0ms
02-21 18:01:34.986   272   272 D SystemServerTiming: OnBootPhase_520_com.android.server.search.SearchManagerService$Lifecycle
02-21 18:01:34.986   272   272 V SystemServerTiming: OnBootPhase_520_com.android.server.search.SearchManagerService$Lifecycle took to complete: 0ms
02-21 18:01:34.986   272   272 D SystemServerTiming: OnBootPhase_520_com.android.server.wallpaper.WallpaperManagerService$Lifecycle
02-21 18:01:34.986   272   272 V SystemServerTiming: OnBootPhase_520_com.android.server.wallpaper.WallpaperManagerService$Lifecycle took to complete: 0ms
02-21 18:01:34.986   272   272 D SystemServerTiming: OnBootPhase_520_com.android.server.wallpapereffectsgeneration.WallpaperEffectsGenerationManagerService
02-21 18:01:34.986   272   272 V SystemServerTiming: OnBootPhase_520_com.android.server.wallpapereffectsgeneration.WallpaperEffectsGenerationManagerService took to complete: 0ms
02-21 18:01:34.986   272   272 D SystemServerTiming: OnBootPhase_520_com.android.server.audio.AudioService$Lifecycle
02-21 18:01:34.986   272   272 V SystemServerTiming: OnBootPhase_520_com.android.server.audio.AudioService$Lifecycle took to complete: 0ms
02-21 18:01:34.986   272   272 D SystemServerTiming: OnBootPhase_520_com.android.server.soundtrigger_middleware.SoundTriggerMiddlewareService$Lifecycle
02-21 18:01:34.986   272   272 V SystemServerTiming: OnBootPhase_520_com.android.server.soundtrigger_middleware.SoundTriggerMiddlewareService$Lifecycle took to complete: 0ms
02-21 18:01:34.986   272   272 D SystemServerTiming: OnBootPhase_520_com.android.server.DockObserver
02-21 18:01:34.986   272   272 V SystemServerTiming: OnBootPhase_520_com.android.server.DockObserver took to complete: 0ms
02-21 18:01:34.986   272   272 D SystemServerTiming: OnBootPhase_520_com.android.server.adb.AdbService$Lifecycle
02-21 18:01:34.986   272   272 V SystemServerTiming: OnBootPhase_520_com.android.server.adb.AdbService$Lifecycle took to complete: 0ms
02-21 18:01:34.986   272   272 D SystemServerTiming: OnBootPhase_520_com.android.server.usb.UsbService$Lifecycle
02-21 18:01:34.986   272   272 V SystemServerTiming: OnBootPhase_520_com.android.server.usb.UsbService$Lifecycle took to complete: 0ms
02-21 18:01:34.986   272   272 D SystemServerTiming: OnBootPhase_520_com.android.server.twilight.TwilightService
02-21 18:01:34.986   272   272 V SystemServerTiming: OnBootPhase_520_com.android.server.twilight.TwilightService took to complete: 0ms
02-21 18:01:34.986   272   272 D SystemServerTiming: OnBootPhase_520_com.android.server.display.color.ColorDisplayService
02-21 18:01:34.986   272   272 V SystemServerTiming: OnBootPhase_520_com.android.server.display.color.ColorDisplayService took to complete: 0ms
02-21 18:01:34.986   272   272 D SystemServerTiming: OnBootPhase_520_com.android.server.job.JobSchedulerService
02-21 18:01:34.986   272   272 V SystemServerTiming: OnBootPhase_520_com.android.server.job.JobSchedulerService took to complete: 0ms
02-21 18:01:34.986   272   272 D SystemServerTiming: OnBootPhase_520_com.android.server.soundtrigger.SoundTriggerService
02-21 18:01:34.986   272   272 D SoundTriggerService: onBootPhase: 520 : false
02-21 18:01:34.986   272   272 V SystemServerTiming: OnBootPhase_520_com.android.server.soundtrigger.SoundTriggerService took to complete: 0ms
02-21 18:01:34.986   272   272 D SystemServerTiming: OnBootPhase_520_com.android.server.trust.TrustManagerService
02-21 18:01:34.986   272   272 V SystemServerTiming: OnBootPhase_520_com.android.server.trust.TrustManagerService took to complete: 0ms
02-21 18:01:34.986   272   272 D SystemServerTiming: OnBootPhase_520_com.android.server.backup.BackupManagerService$Lifecycle
02-21 18:01:34.986   272   272 V SystemServerTiming: OnBootPhase_520_com.android.server.backup.BackupManagerService$Lifecycle took to complete: 0ms
02-21 18:01:34.986   272   272 D SystemServerTiming: OnBootPhase_520_com.android.server.appwidget.AppWidgetService
02-21 18:01:34.986   272   272 V SystemServerTiming: OnBootPhase_520_com.android.server.appwidget.AppWidgetService took to complete: 0ms
02-21 18:01:34.986   272   272 D SystemServerTiming: OnBootPhase_520_com.android.server.voiceinteraction.VoiceInteractionManagerService
02-21 18:01:34.986   272   272 V SystemServerTiming: OnBootPhase_520_com.android.server.voiceinteraction.VoiceInteractionManagerService took to complete: 0ms
02-21 18:01:34.986   272   272 D SystemServerTiming: OnBootPhase_520_com.android.server.apphibernation.AppHibernationService
02-21 18:01:34.986   272   272 V SystemServerTiming: OnBootPhase_520_com.android.server.apphibernation.AppHibernationService took to complete: 0ms
02-21 18:01:34.986   272   272 D SystemServerTiming: OnBootPhase_520_com.android.server.GestureLauncherService
02-21 18:01:34.986   272   272 V SystemServerTiming: OnBootPhase_520_com.android.server.GestureLauncherService took to complete: 0ms
02-21 18:01:34.986   272   272 D SystemServerTiming: OnBootPhase_520_com.android.server.SensorNotificationService
02-21 18:01:34.986   272   272 V SystemServerTiming: OnBootPhase_520_com.android.server.SensorNotificationService took to complete: 0ms
02-21 18:01:34.986   272   272 D SystemServerTiming: OnBootPhase_520_com.android.server.emergency.EmergencyAffordanceService
02-21 18:01:34.986   272   272 V SystemServerTiming: OnBootPhase_520_com.android.server.emergency.EmergencyAffordanceService took to complete: 0ms
02-21 18:01:34.986   272   272 D SystemServerTiming: OnBootPhase_520_com.android.server.blob.BlobStoreManagerService
02-21 18:01:34.986   272   272 V SystemServerTiming: OnBootPhase_520_com.android.server.blob.BlobStoreManagerService took to complete: 0ms
02-21 18:01:34.986   272   272 D SystemServerTiming: OnBootPhase_520_com.android.server.dreams.DreamManagerService
02-21 18:01:34.986   272   272 V SystemServerTiming: OnBootPhase_520_com.android.server.dreams.DreamManagerService took to complete: 0ms
02-21 18:01:34.986   272   272 D SystemServerTiming: OnBootPhase_520_com.android.server.print.PrintManagerService
02-21 18:01:34.986   272   272 V SystemServerTiming: OnBootPhase_520_com.android.server.print.PrintManagerService took to complete: 0ms
02-21 18:01:34.986   272   272 D SystemServerTiming: OnBootPhase_520_com.android.server.security.AttestationVerificationManagerService
02-21 18:01:34.986   272   272 V SystemServerTiming: OnBootPhase_520_com.android.server.security.AttestationVerificationManagerService took to complete: 0ms
02-21 18:01:34.986   272   272 D SystemServerTiming: OnBootPhase_520_com.android.server.companion.CompanionDeviceManagerService
02-21 18:01:34.986   272   272 V SystemServerTiming: OnBootPhase_520_com.android.server.companion.CompanionDeviceManagerService took to complete: 0ms
02-21 18:01:34.986   272   272 D SystemServerTiming: OnBootPhase_520_com.android.server.companion.virtual.VirtualDeviceManagerService
02-21 18:01:34.986   272   272 V SystemServerTiming: OnBootPhase_520_com.android.server.companion.virtual.VirtualDeviceManagerService took to complete: 0ms
02-21 18:01:34.986   272   272 D SystemServerTiming: OnBootPhase_520_com.android.server.restrictions.RestrictionsManagerService
02-21 18:01:34.986   272   272 V SystemServerTiming: OnBootPhase_520_com.android.server.restrictions.RestrictionsManagerService took to complete: 0ms
02-21 18:01:34.986   272   272 D SystemServerTiming: OnBootPhase_520_com.android.server.media.MediaSessionService
02-21 18:01:34.986   272   272 V SystemServerTiming: OnBootPhase_520_com.android.server.media.MediaSessionService took to complete: 0ms
02-21 18:01:34.986   272   272 D SystemServerTiming: OnBootPhase_520_com.android.server.media.MediaResourceMonitorService
02-21 18:01:34.986   272   272 V SystemServerTiming: OnBootPhase_520_com.android.server.media.MediaResourceMonitorService took to complete: 0ms
02-21 18:01:34.986   272   272 D SystemServerTiming: OnBootPhase_520_com.android.server.biometrics.BiometricService
02-21 18:01:34.986   272   272 V SystemServerTiming: OnBootPhase_520_com.android.server.biometrics.BiometricService took to complete: 0ms
02-21 18:01:34.986   272   272 D SystemServerTiming: OnBootPhase_520_com.android.server.biometrics.AuthService
02-21 18:01:34.986   272   272 V SystemServerTiming: OnBootPhase_520_com.android.server.biometrics.AuthService took to complete: 0ms
02-21 18:01:34.986   272   272 D SystemServerTiming: OnBootPhase_520_com.android.server.pm.ShortcutService$Lifecycle
02-21 18:01:34.986   272   272 V SystemServerTiming: OnBootPhase_520_com.android.server.pm.ShortcutService$Lifecycle took to complete: 0ms
02-21 18:01:34.986   272   272 D SystemServerTiming: OnBootPhase_520_com.android.server.pm.LauncherAppsService
02-21 18:01:34.986   272   272 V SystemServerTiming: OnBootPhase_520_com.android.server.pm.LauncherAppsService took to complete: 0ms
02-21 18:01:34.986   272   272 D SystemServerTiming: OnBootPhase_520_com.android.server.pm.CrossProfileAppsService
02-21 18:01:34.986   272   272 V SystemServerTiming: OnBootPhase_520_com.android.server.pm.CrossProfileAppsService took to complete: 0ms
02-21 18:01:34.986   272   272 D SystemServerTiming: OnBootPhase_520_com.android.server.people.PeopleService
02-21 18:01:34.986   272   272 V SystemServerTiming: OnBootPhase_520_com.android.server.people.PeopleService took to complete: 0ms
02-21 18:01:34.986   272   272 D SystemServerTiming: OnBootPhase_520_com.android.server.media.metrics.MediaMetricsManagerService
02-21 18:01:34.986   272   272 V SystemServerTiming: OnBootPhase_520_com.android.server.media.metrics.MediaMetricsManagerService took to complete: 0ms
02-21 18:01:34.986   272   272 D SystemServerTiming: OnBootPhase_520_com.android.server.media.projection.MediaProjectionManagerService
02-21 18:01:34.986   272   272 V SystemServerTiming: OnBootPhase_520_com.android.server.media.projection.MediaProjectionManagerService took to complete: 0ms
02-21 18:01:34.986   272   272 D SystemServerTiming: OnBootPhase_520_com.android.server.slice.SliceManagerService$Lifecycle
02-21 18:01:34.986   272   272 V SystemServerTiming: OnBootPhase_520_com.android.server.slice.SliceManagerService$Lifecycle took to complete: 0ms
02-21 18:01:34.986   272   272 D SystemServerTiming: OnBootPhase_520_com.android.server.stats.StatsCompanion$Lifecycle
02-21 18:01:34.986   272   272 V SystemServerTiming: OnBootPhase_520_com.android.server.stats.StatsCompanion$Lifecycle took to complete: 0ms
02-21 18:01:34.986   272   272 D SystemServerTiming: OnBootPhase_520_com.android.server.scheduling.RebootReadinessManagerService$Lifecycle
02-21 18:01:34.986   272   272 V SystemServerTiming: OnBootPhase_520_com.android.server.scheduling.RebootReadinessManagerService$Lifecycle took to complete: 0ms
02-21 18:01:34.986   272   272 D SystemServerTiming: OnBootPhase_520_com.android.server.stats.pull.StatsPullAtomService
02-21 18:01:34.986   272   272 V SystemServerTiming: OnBootPhase_520_com.android.server.stats.pull.StatsPullAtomService took to complete: 0ms
02-21 18:01:34.986   272   272 D SystemServerTiming: OnBootPhase_520_com.android.server.stats.bootstrap.StatsBootstrapAtomService$Lifecycle
02-21 18:01:34.986   272   272 V SystemServerTiming: OnBootPhase_520_com.android.server.stats.bootstrap.StatsBootstrapAtomService$Lifecycle took to complete: 0ms
02-21 18:01:34.986   272   272 D SystemServerTiming: OnBootPhase_520_com.android.server.incident.IncidentCompanionService
02-21 18:01:34.986   272   272 V SystemServerTiming: OnBootPhase_520_com.android.server.incident.IncidentCompanionService took to complete: 0ms
02-21 18:01:34.986   272   272 D SystemServerTiming: OnBootPhase_520_com.android.server.sdksandbox.SdkSandboxManagerService$Lifecycle
02-21 18:01:34.986   272   272 V SystemServerTiming: OnBootPhase_520_com.android.server.sdksandbox.SdkSandboxManagerService$Lifecycle took to complete: 0ms
02-21 18:01:34.986   272   272 D SystemServerTiming: OnBootPhase_520_com.android.server.adservices.AdServicesManagerService$Lifecycle
02-21 18:01:34.986   272   272 V SystemServerTiming: OnBootPhase_520_com.android.server.adservices.AdServicesManagerService$Lifecycle took to complete: 0ms
02-21 18:01:34.986   272   272 D SystemServerTiming: OnBootPhase_520_com.android.server.autofill.AutofillManagerService
02-21 18:01:34.986   272   272 V SystemServerTiming: OnBootPhase_520_com.android.server.autofill.AutofillManagerService took to complete: 0ms
02-21 18:01:34.986   272   272 D SystemServerTiming: OnBootPhase_520_com.android.server.clipboard.ClipboardService
02-21 18:01:34.986   272   272 V SystemServerTiming: OnBootPhase_520_com.android.server.clipboard.ClipboardService took to complete: 0ms
02-21 18:01:34.986   272   272 D SystemServerTiming: OnBootPhase_520_com.android.server.appbinding.AppBindingService$Lifecycle
02-21 18:01:34.986   272   272 V SystemServerTiming: OnBootPhase_520_com.android.server.appbinding.AppBindingService$Lifecycle took to complete: 0ms
02-21 18:01:34.986   272   272 D SystemServerTiming: OnBootPhase_520_com.android.server.tracing.TracingServiceProxy
02-21 18:01:34.986   272   272 V SystemServerTiming: OnBootPhase_520_com.android.server.tracing.TracingServiceProxy took to complete: 0ms
02-21 18:01:34.986   272   272 D SystemServerTiming: OnBootPhase_520_org.lineageos.platform.internal.ProfileManagerService
02-21 18:01:34.986   272   272 V SystemServerTiming: OnBootPhase_520_org.lineageos.platform.internal.ProfileManagerService took to complete: 0ms
02-21 18:01:34.986   272   272 D SystemServerTiming: OnBootPhase_520_org.lineageos.platform.internal.LineageHardwareService
02-21 18:01:34.986   272   272 V SystemServerTiming: OnBootPhase_520_org.lineageos.platform.internal.LineageHardwareService took to complete: 0ms
02-21 18:01:34.986   272   272 D SystemServerTiming: OnBootPhase_520_org.lineageos.platform.internal.display.LiveDisplayService
02-21 18:01:34.986   272   272 V SystemServerTiming: OnBootPhase_520_org.lineageos.platform.internal.display.LiveDisplayService took to complete: 0ms
02-21 18:01:34.986   272   272 D SystemServerTiming: OnBootPhase_520_org.lineageos.platform.internal.LineageSettingsService
02-21 18:01:34.986   272   272 V SystemServerTiming: OnBootPhase_520_org.lineageos.platform.internal.LineageSettingsService took to complete: 0ms
02-21 18:01:34.986   272   272 D SystemServerTiming: OnBootPhase_520_org.lineageos.platform.internal.LineageGlobalActionsService
02-21 18:01:34.986   272   272 V SystemServerTiming: OnBootPhase_520_org.lineageos.platform.internal.LineageGlobalActionsService took to complete: 0ms
02-21 18:01:34.986   272   272 D SystemServerTiming: OnBootPhase_520_org.lineageos.platform.internal.health.HealthInterfaceService
02-21 18:01:34.986   272   272 V SystemServerTiming: OnBootPhase_520_org.lineageos.platform.internal.health.HealthInterfaceService took to complete: 0ms
02-21 18:01:34.986   272   272 D SystemServerTiming: OnBootPhase_520_org.lineageos.platform.internal.WayDroidService
02-21 18:01:34.986   272   272 V SystemServerTiming: OnBootPhase_520_org.lineageos.platform.internal.WayDroidService took to complete: 0ms
02-21 18:01:34.986   272   272 D SystemServerTiming: OnBootPhase_520_com.android.server.policy.PermissionPolicyService
02-21 18:01:34.986   272   272 V SystemServerTiming: OnBootPhase_520_com.android.server.policy.PermissionPolicyService took to complete: 0ms
02-21 18:01:34.986   272   272 D SystemServerTiming: OnBootPhase_520_com.android.server.pm.StagingManager$Lifecycle
02-21 18:01:34.986   272   272 V SystemServerTiming: OnBootPhase_520_com.android.server.pm.StagingManager$Lifecycle took to complete: 0ms
02-21 18:01:34.986   272   272 D SystemServerTiming: OnBootPhase_520_com.android.server.app.GameManagerService$Lifecycle
02-21 18:01:34.986   272   272 V SystemServerTiming: OnBootPhase_520_com.android.server.app.GameManagerService$Lifecycle took to complete: 0ms
02-21 18:01:34.986   272   272 V SystemServerTiming: OnBootPhase_520 took to complete: 1ms
02-21 18:01:34.986   272   272 V SystemServerTiming: StartBootPhaseDeviceSpecificServicesReady took to complete: 1ms
02-21 18:01:34.986   272   272 D SystemServerTiming: StartSafetyCenterService
02-21 18:01:34.986   272   272 I SystemServiceManager: Starting com.android.safetycenter.SafetyCenterService
02-21 18:01:34.986   272   272 I SafetyCenterResContext: Found Safety Center resources APK at: com.android.safetycenter.resources
02-21 18:01:34.987    83   114 I ServiceManager: Waiting for service 'statscompanion' on '/dev/binder' successful after waiting 201ms
02-21 18:01:34.988   272   272 I SafetyCenterConfigReade: SafetyCenterConfig read successfully
02-21 18:01:34.988   272   272 V SystemServerTiming: StartSafetyCenterService took to complete: 2ms
02-21 18:01:34.988   272   272 D SystemServerTiming: AppSearchModule
02-21 18:01:34.990   272   272 I SystemServiceManager: Starting com.android.server.appsearch.AppSearchModule$Lifecycle
02-21 18:01:34.992   272   272 V SystemServerTiming: AppSearchModule took to complete: 4ms
02-21 18:01:34.992   272   272 D SystemServerTiming: StartMediaCommunicationService
02-21 18:01:34.992   272   272 I SystemServiceManager: Starting com.android.server.media.MediaCommunicationService
02-21 18:01:34.992   272   272 V SystemServerTiming: StartMediaCommunicationService took to complete: 0ms
02-21 18:01:34.992   272   272 D SystemServerTiming: AppCompatOverridesService
02-21 18:01:34.992   272   272 I SystemServiceManager: Starting com.android.server.compat.overrides.AppCompatOverridesService$Lifecycle
02-21 18:01:34.992   272   272 V SystemServerTiming: AppCompatOverridesService took to complete: 0ms
02-21 18:01:34.992   272   272 D SystemServerTiming: PhaseActivityManagerReady
02-21 18:01:34.992   272   272 D SystemServerTiming: controllersReady
02-21 18:01:34.993   272   526 D SystemServerTimingAsync: InitThreadPoolExec:Update app-ops uidState in case package com.example.my_first_app changed
02-21 18:01:34.993   272   527 D SystemServerTimingAsync: InitThreadPoolExec:Update app-ops uidState in case package com.android.providers.media.module changed
02-21 18:01:34.993   272   528 D SystemServerTimingAsync: InitThreadPoolExec:Update app-ops uidState in case package com.android.systemui changed
02-21 18:01:34.993   272   529 D SystemServerTimingAsync: InitThreadPoolExec:Update app-ops uidState in case package com.android.launcher3 changed
02-21 18:01:34.993   272   530 D SystemServerTimingAsync: InitThreadPoolExec:Update app-ops uidState in case package com.android.inputmethod.latin changed
02-21 18:01:34.993   272   531 D SystemServerTimingAsync: InitThreadPoolExec:Update app-ops uidState in case package org.lineageos.etar changed
02-21 18:01:34.993   272   532 D SystemServerTimingAsync: InitThreadPoolExec:Update app-ops uidState in case package com.android.deskclock changed
02-21 18:01:34.993   272   309 D SystemServerTimingAsync: InitThreadPoolExec:Update app-ops uidState in case package com.android.gallery3d changed
02-21 18:01:34.993   272   404 D SystemServerTimingAsync: InitThreadPoolExec:Update app-ops uidState in case package com.android.providers.calendar changed
02-21 18:01:34.993   272   386 D SystemServerTimingAsync: InitThreadPoolExec:Update app-ops uidState in case package com.android.providers.downloads changed
02-21 18:01:34.993   272   414 D SystemServerTimingAsync: InitThreadPoolExec:Update app-ops uidState in case package com.android.soundpicker changed
02-21 18:01:34.993   272   428 D SystemServerTimingAsync: InitThreadPoolExec:Update app-ops uidState in case package com.android.providers.userdictionary changed
02-21 18:01:34.993   272   527 V SystemServerTimingAsync: InitThreadPoolExec:Update app-ops uidState in case package com.android.providers.media.module changed took to complete: 0ms
02-21 18:01:34.993   272   526 V SystemServerTimingAsync: InitThreadPoolExec:Update app-ops uidState in case package com.example.my_first_app changed took to complete: 0ms
02-21 18:01:34.993   272   527 D SystemServerTimingAsync: InitThreadPoolExec:Update app-ops uidState in case package com.android.phone changed
02-21 18:01:34.993   272   438 D SystemServerTimingAsync: InitThreadPoolExec:Update app-ops uidState in case package com.android.providers.contacts changed
02-21 18:01:34.993   272   528 V SystemServerTimingAsync: InitThreadPoolExec:Update app-ops uidState in case package com.android.systemui changed took to complete: 0ms
02-21 18:01:34.993   272   414 V SystemServerTimingAsync: InitThreadPoolExec:Update app-ops uidState in case package com.android.soundpicker changed took to complete: 0ms
02-21 18:01:34.993   272   529 V SystemServerTimingAsync: InitThreadPoolExec:Update app-ops uidState in case package com.android.launcher3 changed took to complete: 0ms
02-21 18:01:34.993   272   526 D SystemServerTimingAsync: InitThreadPoolExec:Update app-ops uidState in case package android changed
02-21 18:01:34.993   272   386 V SystemServerTimingAsync: InitThreadPoolExec:Update app-ops uidState in case package com.android.providers.downloads changed took to complete: 0ms
02-21 18:01:34.993   272   495 D SystemServerTimingAsync: InitThreadPoolExec:Update app-ops uidState in case package com.android.server.telecom changed
02-21 18:01:34.993   272   526 V SystemServerTimingAsync: InitThreadPoolExec:Update app-ops uidState in case package android changed took to complete: 0ms
02-21 18:01:34.993   272   428 V SystemServerTimingAsync: InitThreadPoolExec:Update app-ops uidState in case package com.android.providers.userdictionary changed took to complete: 0ms
02-21 18:01:34.993   272   527 V SystemServerTimingAsync: InitThreadPoolExec:Update app-ops uidState in case package com.android.phone changed took to complete: 0ms
02-21 18:01:34.993   272   495 V SystemServerTimingAsync: InitThreadPoolExec:Update app-ops uidState in case package com.android.server.telecom changed took to complete: 0ms
02-21 18:01:34.993   272   404 V SystemServerTimingAsync: InitThreadPoolExec:Update app-ops uidState in case package com.android.providers.calendar changed took to complete: 0ms
02-21 18:01:34.993   272   531 V SystemServerTimingAsync: InitThreadPoolExec:Update app-ops uidState in case package org.lineageos.etar changed took to complete: 0ms
02-21 18:01:34.993   272   438 V SystemServerTimingAsync: InitThreadPoolExec:Update app-ops uidState in case package com.android.providers.contacts changed took to complete: 0ms
02-21 18:01:34.993   272   530 V SystemServerTimingAsync: InitThreadPoolExec:Update app-ops uidState in case package com.android.inputmethod.latin changed took to complete: 0ms
02-21 18:01:34.993   272   309 V SystemServerTimingAsync: InitThreadPoolExec:Update app-ops uidState in case package com.android.gallery3d changed took to complete: 0ms
02-21 18:01:34.993   272   532 V SystemServerTimingAsync: InitThreadPoolExec:Update app-ops uidState in case package com.android.deskclock changed took to complete: 0ms
02-21 18:01:34.993   272   528 D SystemServerTimingAsync: InitThreadPoolExec:Update app-ops uidState in case package com.android.settings changed
02-21 18:01:34.993   272   528 V SystemServerTimingAsync: InitThreadPoolExec:Update app-ops uidState in case package com.android.settings changed took to complete: 0ms
02-21 18:01:34.995   272   272 V SystemServerTiming: controllersReady took to complete: 4ms
02-21 18:01:34.996   272   272 D SystemServerTiming: killProcesses
02-21 18:01:34.996   272   272 V SystemServerTiming: killProcesses took to complete: 0ms
02-21 18:01:34.996   272   272 I ActivityManager: System now ready
02-21 18:01:34.996   272   272 D SystemServerTiming: updateTopComponentForFactoryTest
02-21 18:01:34.996   272   272 V SystemServerTiming: updateTopComponentForFactoryTest took to complete: 0ms
02-21 18:01:34.996   272   272 D SystemServerTiming: registerActivityLaunchObserver
02-21 18:01:34.996   272   272 V SystemServerTiming: registerActivityLaunchObserver took to complete: 0ms
02-21 18:01:34.996   272   272 D SystemServerTiming: watchDeviceProvisioning
02-21 18:01:34.999   272   272 V SystemServerTiming: watchDeviceProvisioning took to complete: 3ms
02-21 18:01:34.999   272   272 D SystemServerTiming: retrieveSettings
02-21 18:01:34.999   272   272 I ActivityTaskManager: Config changes=10000000 {1.0 ?mcc?mnc [en_US] ldltr sw992dp w1707dp h992dp 180dpi xlrg long land night finger qwerty/v/v -nav/h winConfig={ mBounds=Rect(0, 0 - 1920, 1116) mAppBounds=Rect(0, 0 - 1920, 1116) mMaxBounds=Rect(0, 0 - 1920, 1116) mDisplayRotation=ROTATION_0 mWindowingMode=fullscreen mDisplayWindowingMode=fullscreen mActivityType=undefined mAlwaysOnTop=undefined mRotation=ROTATION_0} s.8 fontWeightAdjustment=0}
02-21 18:01:35.000   272   272 I WindowManager: Override config changes=10000000 {1.0 ?mcc?mnc [en_US] ldltr sw992dp w1707dp h992dp 180dpi xlrg long land night finger qwerty/v/v -nav/h winConfig={ mBounds=Rect(0, 0 - 1920, 1116) mAppBounds=Rect(0, 0 - 1920, 1116) mMaxBounds=Rect(0, 0 - 1920, 1116) mDisplayRotation=ROTATION_0 mWindowingMode=fullscreen mDisplayWindowingMode=fullscreen mActivityType=undefined mAlwaysOnTop=undefined mRotation=ROTATION_0} s.8 fontWeightAdjustment=0} for displayId=0
02-21 18:01:35.000   272   272 V SystemServerTiming: retrieveSettings took to complete: 1ms
02-21 18:01:35.000   272   272 D SystemServerTiming: Ugm.onSystemReady
02-21 18:01:35.000   272   272 V SystemServerTiming: Ugm.onSystemReady took to complete: 0ms
02-21 18:01:35.000   272   272 D SystemServerTiming: updateForceBackgroundCheck
02-21 18:01:35.000   272   272 V SystemServerTiming: updateForceBackgroundCheck took to complete: 0ms
02-21 18:01:35.000   272   272 I SystemServer: Making services ready
02-21 18:01:35.000   272   272 D SystemServerTiming: StartActivityManagerReadyPhase
02-21 18:01:35.000   272   272 I SystemServiceManager: Starting phase 550
02-21 18:01:35.000   272   272 D SystemServerTiming: OnBootPhase_550
02-21 18:01:35.000   272   272 D SystemServerTiming: OnBootPhase_550_com.android.server.security.FileIntegrityService
02-21 18:01:35.000   272   272 V SystemServerTiming: OnBootPhase_550_com.android.server.security.FileIntegrityService took to complete: 0ms
02-21 18:01:35.000   272   272 D SystemServerTiming: OnBootPhase_550_com.android.server.pm.Installer
02-21 18:01:35.000   272   272 V SystemServerTiming: OnBootPhase_550_com.android.server.pm.Installer took to complete: 0ms
02-21 18:01:35.000   272   272 D SystemServerTiming: OnBootPhase_550_com.android.server.os.DeviceIdentifiersPolicyService
02-21 18:01:35.000   272   272 V SystemServerTiming: OnBootPhase_550_com.android.server.os.DeviceIdentifiersPolicyService took to complete: 0ms
02-21 18:01:35.000   272   272 D SystemServerTiming: OnBootPhase_550_com.android.server.uri.UriGrantsManagerService$Lifecycle
02-21 18:01:35.000   272   272 V SystemServerTiming: OnBootPhase_550_com.android.server.uri.UriGrantsManagerService$Lifecycle took to complete: 0ms
02-21 18:01:35.000   272   272 D SystemServerTiming: OnBootPhase_550_com.android.server.powerstats.PowerStatsService
02-21 18:01:35.000   272   272 V SystemServerTiming: OnBootPhase_550_com.android.server.powerstats.PowerStatsService took to complete: 0ms
02-21 18:01:35.000   272   272 D SystemServerTiming: OnBootPhase_550_com.android.server.wm.ActivityTaskManagerService$Lifecycle
02-21 18:01:35.000   272   272 V SystemServerTiming: OnBootPhase_550_com.android.server.wm.ActivityTaskManagerService$Lifecycle took to complete: 0ms
02-21 18:01:35.000   272   272 D SystemServerTiming: OnBootPhase_550_com.android.server.am.ActivityManagerService$Lifecycle
02-21 18:01:35.000   272   272 V SystemServerTiming: OnBootPhase_550_com.android.server.am.ActivityManagerService$Lifecycle took to complete: 0ms
02-21 18:01:35.000   272   272 D SystemServerTiming: OnBootPhase_550_com.android.server.pm.DataLoaderManagerService
02-21 18:01:35.000   272   272 V SystemServerTiming: OnBootPhase_550_com.android.server.pm.DataLoaderManagerService took to complete: 0ms
02-21 18:01:35.000   272   272 D SystemServerTiming: OnBootPhase_550_com.android.server.power.PowerManagerService
02-21 18:01:35.000   272   272 V SystemServerTiming: OnBootPhase_550_com.android.server.power.PowerManagerService took to complete: 0ms
02-21 18:01:35.000   272   272 D SystemServerTiming: OnBootPhase_550_com.android.server.power.ThermalManagerService
02-21 18:01:35.000    32    32 I hwservicemanager: getTransport: Cannot find entry android.hardware.thermal@2.0::IThermal/default in either framework or device VINTF manifest.
02-21 18:01:35.000   272   272 E ThermalHalWrapper: Thermal HAL 2.0 service not connected.
02-21 18:01:35.001    32    32 I hwservicemanager: getTransport: Cannot find entry android.hardware.thermal@1.1::IThermal/default in either framework or device VINTF manifest.
02-21 18:01:35.001   272   272 E ThermalHalWrapper: Thermal HAL 1.1 service not connected.
02-21 18:01:35.001    32    32 I hwservicemanager: getTransport: Cannot find entry android.hardware.thermal@1.0::IThermal/default in either framework or device VINTF manifest.
02-21 18:01:35.001   272   272 E ThermalHalWrapper: Thermal HAL 1.0 service not connected.
02-21 18:01:35.001   272   272 W ThermalManagerService: No Thermal HAL service on this device
02-21 18:01:35.001   272   272 V SystemServerTiming: OnBootPhase_550_com.android.server.power.ThermalManagerService took to complete: 1ms
02-21 18:01:35.001   272   272 D SystemServerTiming: OnBootPhase_550_com.android.server.power.hint.HintManagerService
02-21 18:01:35.001   272   272 V SystemServerTiming: OnBootPhase_550_com.android.server.power.hint.HintManagerService took to complete: 0ms
02-21 18:01:35.001   272   272 D SystemServerTiming: OnBootPhase_550_com.android.server.recoverysystem.RecoverySystemService$Lifecycle
02-21 18:01:35.001   272   272 V SystemServerTiming: OnBootPhase_550_com.android.server.recoverysystem.RecoverySystemService$Lifecycle took to complete: 0ms
02-21 18:01:35.001   272   272 D SystemServerTiming: OnBootPhase_550_com.android.server.lights.LightsService
02-21 18:01:35.001   272   272 V SystemServerTiming: OnBootPhase_550_com.android.server.lights.LightsService took to complete: 0ms
02-21 18:01:35.001   272   272 D SystemServerTiming: OnBootPhase_550_com.android.server.display.DisplayManagerService
02-21 18:01:35.001   272   272 V SystemServerTiming: OnBootPhase_550_com.android.server.display.DisplayManagerService took to complete: 0ms
02-21 18:01:35.001   272   272 D SystemServerTiming: OnBootPhase_550_com.android.server.pm.verify.domain.DomainVerificationService
02-21 18:01:35.001   272   272 V SystemServerTiming: OnBootPhase_550_com.android.server.pm.verify.domain.DomainVerificationService took to complete: 0ms
02-21 18:01:35.001   272   272 D SystemServerTiming: OnBootPhase_550_com.android.server.pm.PackageInstallerService$Lifecycle
02-21 18:01:35.001   272   272 V SystemServerTiming: OnBootPhase_550_com.android.server.pm.PackageInstallerService$Lifecycle took to complete: 0ms
02-21 18:01:35.001   272   272 D SystemServerTiming: OnBootPhase_550_com.android.server.pm.UserManagerService$LifeCycle
02-21 18:01:35.001   272   272 V SystemServerTiming: OnBootPhase_550_com.android.server.pm.UserManagerService$LifeCycle took to complete: 0ms
02-21 18:01:35.001   272   272 D SystemServerTiming: OnBootPhase_550_com.android.server.om.OverlayManagerService
02-21 18:01:35.001   272   272 V SystemServerTiming: OnBootPhase_550_com.android.server.om.OverlayManagerService took to complete: 0ms
02-21 18:01:35.001   272   272 D SystemServerTiming: OnBootPhase_550_com.android.server.resources.ResourcesManagerService
02-21 18:01:35.001   272   272 V SystemServerTiming: OnBootPhase_550_com.android.server.resources.ResourcesManagerService took to complete: 0ms
02-21 18:01:35.001   272   272 D SystemServerTiming: OnBootPhase_550_com.android.server.sensorprivacy.SensorPrivacyService
02-21 18:01:35.001   272   272 V SystemServerTiming: OnBootPhase_550_com.android.server.sensorprivacy.SensorPrivacyService took to complete: 0ms
02-21 18:01:35.001   272   272 D SystemServerTiming: OnBootPhase_550_com.android.server.sensors.SensorService
02-21 18:01:35.001   272   272 V SystemServerTiming: OnBootPhase_550_com.android.server.sensors.SensorService took to complete: 0ms
02-21 18:01:35.001   272   272 D SystemServerTiming: OnBootPhase_550_com.android.server.SystemConfigService
02-21 18:01:35.001   272   272 V SystemServerTiming: OnBootPhase_550_com.android.server.SystemConfigService took to complete: 0ms
02-21 18:01:35.001   272   272 D SystemServerTiming: OnBootPhase_550_com.android.server.BatteryService
02-21 18:01:35.001   272   272 V SystemServerTiming: OnBootPhase_550_com.android.server.BatteryService took to complete: 0ms
02-21 18:01:35.001   272   272 D SystemServerTiming: OnBootPhase_550_com.android.server.usage.UsageStatsService
02-21 18:01:35.001   272   272 V SystemServerTiming: OnBootPhase_550_com.android.server.usage.UsageStatsService took to complete: 0ms
02-21 18:01:35.001   272   272 D SystemServerTiming: OnBootPhase_550_com.android.server.webkit.WebViewUpdateService
02-21 18:01:35.001   272   272 V SystemServerTiming: OnBootPhase_550_com.android.server.webkit.WebViewUpdateService took to complete: 0ms
02-21 18:01:35.001   272   272 D SystemServerTiming: OnBootPhase_550_com.android.server.CachedDeviceStateService
02-21 18:01:35.001   272   272 V SystemServerTiming: OnBootPhase_550_com.android.server.CachedDeviceStateService took to complete: 0ms
02-21 18:01:35.001   272   272 D SystemServerTiming: OnBootPhase_550_com.android.server.BinderCallsStatsService$LifeCycle
02-21 18:01:35.001   272   272 V SystemServerTiming: OnBootPhase_550_com.android.server.BinderCallsStatsService$LifeCycle took to complete: 0ms
02-21 18:01:35.001   272   272 D SystemServerTiming: OnBootPhase_550_com.android.server.LooperStatsService$Lifecycle
02-21 18:01:35.001   272   272 V SystemServerTiming: OnBootPhase_550_com.android.server.LooperStatsService$Lifecycle took to complete: 0ms
02-21 18:01:35.001   272   272 D SystemServerTiming: OnBootPhase_550_com.android.server.rollback.RollbackManagerService
02-21 18:01:35.001   272   272 V SystemServerTiming: OnBootPhase_550_com.android.server.rollback.RollbackManagerService took to complete: 0ms
02-21 18:01:35.001   272   272 D SystemServerTiming: OnBootPhase_550_com.android.server.os.NativeTombstoneManagerService
02-21 18:01:35.001   272   272 V SystemServerTiming: OnBootPhase_550_com.android.server.os.NativeTombstoneManagerService took to complete: 0ms
02-21 18:01:35.001   272   272 D SystemServerTiming: OnBootPhase_550_com.android.server.os.BugreportManagerService
02-21 18:01:35.001   272   272 V SystemServerTiming: OnBootPhase_550_com.android.server.os.BugreportManagerService took to complete: 0ms
02-21 18:01:35.001   272   272 D SystemServerTiming: OnBootPhase_550_com.android.server.gpu.GpuService
02-21 18:01:35.001   272   272 V SystemServerTiming: OnBootPhase_550_com.android.server.gpu.GpuService took to complete: 0ms
02-21 18:01:35.001   272   272 D SystemServerTiming: OnBootPhase_550_com.android.server.security.KeyChainSystemService
02-21 18:01:35.001   272   272 V SystemServerTiming: OnBootPhase_550_com.android.server.security.KeyChainSystemService took to complete: 0ms
02-21 18:01:35.001   272   272 D SystemServerTiming: OnBootPhase_550_com.android.server.BinaryTransparencyService
02-21 18:01:35.001   272   272 V SystemServerTiming: OnBootPhase_550_com.android.server.BinaryTransparencyService took to complete: 0ms
02-21 18:01:35.001   272   272 D SystemServerTiming: OnBootPhase_550_com.android.server.telecom.TelecomLoaderService
02-21 18:01:35.001   272   272 W ActivityManager: Too early to start/bind service in system_server: Phase=550 ComponentInfo{com.android.server.telecom/com.android.server.telecom.components.TelecomService}
02-21 18:01:35.001   272   272 D CompatibilityChangeReporter: Compat change id reported: 168419799; UID 1000; state: DISABLED
02-21 18:01:35.001   272   272 D CompatibilityChangeReporter: Compat change id reported: 273564678; UID 1000; state: DISABLED
02-21 18:01:35.001   272   272 W ActivityManager: Too early to start/bind service in system_server: Phase=550 ComponentInfo{com.android.server.telecom/com.android.server.telecom.components.TelecomService}
02-21 18:01:35.001   272   272 V SystemServerTiming: OnBootPhase_550_com.android.server.telecom.TelecomLoaderService took to complete: 1ms
02-21 18:01:35.001   272   272 D SystemServerTiming: OnBootPhase_550_com.android.server.accounts.AccountManagerService$Lifecycle
02-21 18:01:35.001   272   272 V SystemServerTiming: OnBootPhase_550_com.android.server.accounts.AccountManagerService$Lifecycle took to complete: 0ms
02-21 18:01:35.001   272   272 D SystemServerTiming: OnBootPhase_550_com.android.server.content.ContentService$Lifecycle
02-21 18:01:35.002   272   412 E NativeTombstoneManager: Tombstone's UID (1000) not an app, ignoring
02-21 18:01:35.002   272   272 I SyncManager: No initial accounts
02-21 18:01:35.003   272   272 V SystemServerTiming: OnBootPhase_550_com.android.server.content.ContentService$Lifecycle took to complete: 1ms
02-21 18:01:35.003   272   272 D SystemServerTiming: OnBootPhase_550_com.android.server.DropBoxManagerService
02-21 18:01:35.003   272   272 V SystemServerTiming: OnBootPhase_550_com.android.server.DropBoxManagerService took to complete: 0ms
02-21 18:01:35.003   272   272 D SystemServerTiming: OnBootPhase_550_com.android.role.RoleService
02-21 18:01:35.003   272   272 V SystemServerTiming: OnBootPhase_550_com.android.role.RoleService took to complete: 0ms
02-21 18:01:35.003   272   272 D SystemServerTiming: OnBootPhase_550_com.android.server.vibrator.VibratorManagerService$Lifecycle
02-21 18:01:35.003   272   272 V SystemServerTiming: OnBootPhase_550_com.android.server.vibrator.VibratorManagerService$Lifecycle took to complete: 0ms
02-21 18:01:35.003   272   272 D SystemServerTiming: OnBootPhase_550_com.android.server.tare.InternalResourceService
02-21 18:01:35.003   272   272 V SystemServerTiming: OnBootPhase_550_com.android.server.tare.InternalResourceService took to complete: 0ms
02-21 18:01:35.003   272   272 D SystemServerTiming: OnBootPhase_550_com.android.server.alarm.AlarmManagerService
02-21 18:01:35.003   272   272 V SystemServerTiming: OnBootPhase_550_com.android.server.alarm.AlarmManagerService took to complete: 0ms
02-21 18:01:35.003   272   272 D SystemServerTiming: OnBootPhase_550_com.android.server.devicestate.DeviceStateManagerService
02-21 18:01:35.003   272   272 V SystemServerTiming: OnBootPhase_550_com.android.server.devicestate.DeviceStateManagerService took to complete: 0ms
02-21 18:01:35.003   272   272 D SystemServerTiming: OnBootPhase_550_com.android.server.camera.CameraServiceProxy
02-21 18:01:35.003   272   272 V SystemServerTiming: OnBootPhase_550_com.android.server.camera.CameraServiceProxy took to complete: 0ms
02-21 18:01:35.003   272   272 D SystemServerTiming: OnBootPhase_550_com.android.server.bluetooth.BluetoothService
02-21 18:01:35.003   272   272 V SystemServerTiming: OnBootPhase_550_com.android.server.bluetooth.BluetoothService took to complete: 0ms
02-21 18:01:35.003   272   272 D SystemServerTiming: OnBootPhase_550_com.android.server.connectivity.IpConnectivityMetrics
02-21 18:01:35.003   272   272 V SystemServerTiming: OnBootPhase_550_com.android.server.connectivity.IpConnectivityMetrics took to complete: 0ms
02-21 18:01:35.003   272   272 D SystemServerTiming: OnBootPhase_550_com.android.server.net.watchlist.NetworkWatchlistService$Lifecycle
02-21 18:01:35.003   272   272 V SystemServerTiming: OnBootPhase_550_com.android.server.net.watchlist.NetworkWatchlistService$Lifecycle took to complete: 0ms
02-21 18:01:35.003   272   272 D SystemServerTiming: OnBootPhase_550_com.android.server.PinnerService
02-21 18:01:35.003   272   272 V SystemServerTiming: OnBootPhase_550_com.android.server.PinnerService took to complete: 0ms
02-21 18:01:35.003   272   272 D SystemServerTiming: OnBootPhase_550_com.android.server.integrity.AppIntegrityManagerService
02-21 18:01:35.003   272   272 V SystemServerTiming: OnBootPhase_550_com.android.server.integrity.AppIntegrityManagerService took to complete: 0ms
02-21 18:01:35.003   272   272 D SystemServerTiming: OnBootPhase_550_com.android.server.logcat.LogcatManagerService
02-21 18:01:35.003   272   272 V SystemServerTiming: OnBootPhase_550_com.android.server.logcat.LogcatManagerService took to complete: 0ms
02-21 18:01:35.003   272   272 D SystemServerTiming: OnBootPhase_550_com.android.server.inputmethod.InputMethodManagerService$Lifecycle
02-21 18:01:35.003    32    32 I hwservicemanager: getTransport: Cannot find entry vendor.lineage.touch@1.0::IStylusMode/default in either framework or device VINTF manifest.
02-21 18:01:35.003    32    32 I hwservicemanager: getTransport: Cannot find entry vendor.lineage.touch@1.0::IHighTouchPollingRate/default in either framework or device VINTF manifest.
02-21 18:01:35.003    32    32 I hwservicemanager: getTransport: Cannot find entry vendor.lineage.touch@1.0::IGloveMode/default in either framework or device VINTF manifest.
02-21 18:01:35.003   272   414 D SystemServerTimingAsync: InitThreadPoolExec:Lazily initialize IMMS#mImeDrawsImeNavBarRes
02-21 18:01:35.005   272   412 E NativeTombstoneManager: Tombstone's UID (1000) not an app, ignoring
02-21 18:01:35.008   272   412 E NativeTombstoneManager: Tombstone's UID (1046) not an app, ignoring
02-21 18:01:35.011   272   412 E NativeTombstoneManager: Tombstone's UID (1000) not an app, ignoring
02-21 18:01:35.014   272   412 E NativeTombstoneManager: Tombstone's UID (1000) not an app, ignoring
