02-21 18:01:34.969   272   272 V SystemServerTiming: OnBootPhase_500_com.android.server.accessibility.AccessibilityManagerService$Lifecycle took to complete: 0ms
02-21 18:01:34.969   272   272 D SystemServerTiming: OnBootPhase_500_com.android.server.StorageManagerService$Lifecycle
02-21 18:01:34.969   272   272 V SystemServerTiming: OnBootPhase_500_com.android.server.StorageManagerService$Lifecycle took to complete: 0ms
02-21 18:01:34.969   272   272 D SystemServerTiming: OnBootPhase_500_com.android.server.usage.StorageStatsService$Lifecycle
02-21 18:01:34.969   272   272 V SystemServerTiming: OnBootPhase_500_com.android.server.usage.StorageStatsService$Lifecycle took to complete: 0ms
02-21 18:01:34.969   272   272 D SystemServerTiming: OnBootPhase_500_com.android.server.UiModeManagerService
02-21 18:01:34.969   272   272 I ActivityTaskManager: Config changes=200 {1.0 ?mcc?mnc [en_US] ldltr sw992dp w1707dp h992dp 180dpi xlrg long land night finger qwerty/v/v -nav/h winConfig={ mBounds=Rect(0, 0 - 1920, 1116) mAppBounds=Rect(0, 0 - 1920, 1116) mMaxBounds=Rect(0, 0 - 1920, 1116) mDisplayRotation=ROTATION_0 mWindowingMode=fullscreen mDisplayWindowingMode=fullscreen mActivityType=undefined mAlwaysOnTop=undefined mRotation=ROTATION_0} s.6 ?fontWeightAdjustment}
02-21 18:01:34.970   272   272 I WindowManager: Override config changes=200 {1.0 ?mcc?mnc [en_US] ldltr sw992dp w1707dp h992dp 180dpi xlrg long land night finger qwerty/v/v -nav/h winConfig={ mBounds=Rect(0, 0 - 1920, 1116) mAppBounds=Rect(0, 0 - 1920, 1116) mMaxBounds=Rect(0, 0 - 1920, 1116) mDisplayRotation=ROTATION_0 mWindowingMode=fullscreen mDisplayWindowingMode=fullscreen mActivityType=undefined mAlwaysOnTop=undefined mRotation=ROTATION_0} s.6 ?fontWeightAdjustment} for displayId=0
02-21 18:01:34.970   272   272 V SystemServerTiming: OnBootPhase_500_com.android.server.UiModeManagerService took to complete: 1ms
02-21 18:01:34.970   272   272 D SystemServerTiming: OnBootPhase_500_com.android.server.locales.LocaleManagerService
02-21 18:01:34.970   272   272 V SystemServerTiming: OnBootPhase_500_com.android.server.locales.LocaleManagerService took to complete: 0ms
02-21 18:01:34.970   272   272 D SystemServerTiming: OnBootPhase_500_com.android.server.locksettings.LockSettingsService$Lifecycle
02-21 18:01:34.970   272   272 V SystemServerTiming: OnBootPhase_500_com.android.server.locksettings.LockSettingsService$Lifecycle took to complete: 0ms
02-21 18:01:34.970   272   272 D SystemServerTiming: OnBootPhase_500_com.android.server.testharness.TestHarnessModeService
02-21 18:01:34.970   272   272 D TestHarnessModeService: Setting up test harness mode
02-21 18:01:34.970   272   272 D TestHarnessModeService: Getting PersistentDataBlockManagerInternal from LocalServices
02-21 18:01:34.970   272   272 E TestHarnessModeService: Failed to start Test Harness Mode; no implementation of PersistentDataBlockManagerInternal was bound!
02-21 18:01:34.970   272   272 V SystemServerTiming: OnBootPhase_500_com.android.server.testharness.TestHarnessModeService took to complete: 0ms
02-21 18:01:34.970   272   272 D SystemServerTiming: OnBootPhase_500_com.android.server.DeviceIdleController
02-21 18:01:34.970   272   272 V HistoricalRegistry: Interaction before persistence initialized
02-21 18:01:34.970   272   272 V SystemServerTiming: OnBootPhase_500_com.android.server.DeviceIdleController took to complete: 0ms
02-21 18:01:34.970   272   272 D SystemServerTiming: OnBootPhase_500_com.android.server.devicepolicy.DevicePolicyManagerService$Lifecycle
02-21 18:01:34.970   272   272 V SystemServerTiming: OnBootPhase_500_com.android.server.devicepolicy.DevicePolicyManagerService$Lifecycle took to complete: 0ms
02-21 18:01:34.970   272   272 D SystemServerTiming: OnBootPhase_500_com.android.server.texttospeech.TextToSpeechManagerService
02-21 18:01:34.970   272   272 V SystemServerTiming: OnBootPhase_500_com.android.server.texttospeech.TextToSpeechManagerService took to complete: 0ms
02-21 18:01:34.970   272   272 D SystemServerTiming: OnBootPhase_500_com.android.server.ambientcontext.AmbientContextManagerService
02-21 18:01:34.970   272   272 V SystemServerTiming: OnBootPhase_500_com.android.server.ambientcontext.AmbientContextManagerService took to complete: 0ms
02-21 18:01:34.970   272   272 D SystemServerTiming: OnBootPhase_500_com.android.server.speech.SpeechRecognitionManagerService
02-21 18:01:34.970   272   272 V SystemServerTiming: OnBootPhase_500_com.android.server.speech.SpeechRecognitionManagerService took to complete: 0ms
02-21 18:01:34.970   272   272 D SystemServerTiming: OnBootPhase_500_com.android.server.searchui.SearchUiManagerService
02-21 18:01:34.970   272   272 V SystemServerTiming: OnBootPhase_500_com.android.server.searchui.SearchUiManagerService took to complete: 0ms
02-21 18:01:34.970   272   272 D SystemServerTiming: OnBootPhase_500_com.android.server.smartspace.SmartspaceManagerService
02-21 18:01:34.970   272   272 V SystemServerTiming: OnBootPhase_500_com.android.server.smartspace.SmartspaceManagerService took to complete: 0ms
02-21 18:01:34.970   272   272 D SystemServerTiming: OnBootPhase_500_com.android.server.graphics.fonts.FontManagerService$Lifecycle
02-21 18:01:34.970   272   272 V SystemServerTiming: OnBootPhase_500_com.android.server.graphics.fonts.FontManagerService$Lifecycle took to complete: 0ms
02-21 18:01:34.970   272   272 D SystemServerTiming: OnBootPhase_500_com.android.server.textservices.TextServicesManagerService$Lifecycle
02-21 18:01:34.970   272   272 V SystemServerTiming: OnBootPhase_500_com.android.server.textservices.TextServicesManagerService$Lifecycle took to complete: 0ms
02-21 18:01:34.970   272   272 D SystemServerTiming: OnBootPhase_500_com.android.server.textclassifier.TextClassificationManagerService$Lifecycle
02-21 18:01:34.970   272   272 V SystemServerTiming: OnBootPhase_500_com.android.server.textclassifier.TextClassificationManagerService$Lifecycle took to complete: 0ms
02-21 18:01:34.970   272   272 D SystemServerTiming: OnBootPhase_500_com.android.server.NetworkScoreService$Lifecycle
02-21 18:01:34.970   272   272 V SystemServerTiming: OnBootPhase_500_com.android.server.NetworkScoreService$Lifecycle took to complete: 0ms
02-21 18:01:34.970   272   272 D SystemServerTiming: OnBootPhase_500_com.android.server.NetworkStatsServiceInitializer
02-21 18:01:34.970   272   272 V SystemServerTiming: OnBootPhase_500_com.android.server.NetworkStatsServiceInitializer took to complete: 0ms
02-21 18:01:34.970   272   272 D SystemServerTiming: OnBootPhase_500_com.android.server.wifi.WifiService
02-21 18:01:34.970   272   272 V SystemServerTiming: OnBootPhase_500_com.android.server.wifi.WifiService took to complete: 0ms
02-21 18:01:34.970   272   272 D SystemServerTiming: OnBootPhase_500_com.android.server.wifi.scanner.WifiScanningService
02-21 18:01:34.970   272   272 I WifiScanningService: Starting wifiscanner
02-21 18:01:34.970   272   272 V SystemServerTiming: OnBootPhase_500_com.android.server.wifi.scanner.WifiScanningService took to complete: 0ms
02-21 18:01:34.970   272   272 D SystemServerTiming: OnBootPhase_500_com.android.server.ConnectivityServiceInitializer
02-21 18:01:34.970   272   272 I EthernetServiceImpl: Starting Ethernet service
02-21 18:01:34.970   272   477 D ConnectivityService: Got NetworkProvider Messenger for EthernetNetworkFactory
02-21 18:01:34.971   272   272 V SystemServerTiming: OnBootPhase_500_com.android.server.ConnectivityServiceInitializer took to complete: 1ms
02-21 18:01:34.971   272   272 D SystemServerTiming: OnBootPhase_500_com.android.server.notification.NotificationManagerService
02-21 18:01:34.971   272   476 I EthernetTracker: maybeTrackInterface: eth0
02-21 18:01:34.971   272   469 D WifiConfigStore: Reading from all stores completed in 1 ms.
02-21 18:01:34.971   272   469 W WifiConfigManager: No stored networks found.
02-21 18:01:34.971   272   272 V SystemServerTiming: OnBootPhase_500_com.android.server.notification.NotificationManagerService took to complete: 0ms
02-21 18:01:34.971   272   272 D SystemServerTiming: OnBootPhase_500_com.android.server.storage.DeviceStorageMonitorService
02-21 18:01:34.971   272   272 V SystemServerTiming: OnBootPhase_500_com.android.server.storage.DeviceStorageMonitorService took to complete: 0ms
02-21 18:01:34.971   272   272 D SystemServerTiming: OnBootPhase_500_com.android.server.location.LocationManagerService$Lifecycle
02-21 18:01:34.971   272   272 V HistoricalRegistry: Interaction before persistence initialized
02-21 18:01:34.972   272   469 I WifiInjector: enableVerboseLogging false hal false
02-21 18:01:34.972   272   272 V SystemServerTiming: OnBootPhase_500_com.android.server.location.LocationManagerService$Lifecycle took to complete: 1ms
02-21 18:01:34.972   272   272 D SystemServerTiming: OnBootPhase_500_com.android.server.timedetector.TimeDetectorService$Lifecycle
02-21 18:01:34.972   272   272 V SystemServerTiming: OnBootPhase_500_com.android.server.timedetector.TimeDetectorService$Lifecycle took to complete: 0ms
02-21 18:01:34.972   272   272 D SystemServerTiming: OnBootPhase_500_com.android.server.timezonedetector.TimeZoneDetectorService$Lifecycle
02-21 18:01:34.972   272   272 V SystemServerTiming: OnBootPhase_500_com.android.server.timezonedetector.TimeZoneDetectorService$Lifecycle took to complete: 0ms
02-21 18:01:34.972   272   272 D SystemServerTiming: OnBootPhase_500_com.android.server.timezonedetector.location.LocationTimeZoneManagerService$Lifecycle
02-21 18:01:34.972   272   469 D WifiNative: enableVerboseLogging false hal false
02-21 18:01:34.972   272   272 V SystemServerTiming: OnBootPhase_500_com.android.server.timezonedetector.location.LocationTimeZoneManagerService$Lifecycle took to complete: 0ms
02-21 18:01:34.972   272   272 D SystemServerTiming: OnBootPhase_500_com.android.server.search.SearchManagerService$Lifecycle
02-21 18:01:34.972   272   272 V SystemServerTiming: OnBootPhase_500_com.android.server.search.SearchManagerService$Lifecycle took to complete: 0ms
02-21 18:01:34.972   272   272 D SystemServerTiming: OnBootPhase_500_com.android.server.wallpaper.WallpaperManagerService$Lifecycle
02-21 18:01:34.972   272   272 V SystemServerTiming: OnBootPhase_500_com.android.server.wallpaper.WallpaperManagerService$Lifecycle took to complete: 0ms
02-21 18:01:34.972   272   272 D SystemServerTiming: OnBootPhase_500_com.android.server.wallpapereffectsgeneration.WallpaperEffectsGenerationManagerService
02-21 18:01:34.972   272   272 V SystemServerTiming: OnBootPhase_500_com.android.server.wallpapereffectsgeneration.WallpaperEffectsGenerationManagerService took to complete: 0ms
02-21 18:01:34.972   272   272 D SystemServerTiming: OnBootPhase_500_com.android.server.audio.AudioService$Lifecycle
02-21 18:01:34.972   272   272 V SystemServerTiming: OnBootPhase_500_com.android.server.audio.AudioService$Lifecycle took to complete: 0ms
02-21 18:01:34.972   272   469 I WifiService: WifiService starting up with Wi-Fi enabled
02-21 18:01:34.972   272   272 D SystemServerTiming: OnBootPhase_500_com.android.server.soundtrigger_middleware.SoundTriggerMiddlewareService$Lifecycle
02-21 18:01:34.972   272   272 V SystemServerTiming: OnBootPhase_500_com.android.server.soundtrigger_middleware.SoundTriggerMiddlewareService$Lifecycle took to complete: 0ms
02-21 18:01:34.972   272   272 D SystemServerTiming: OnBootPhase_500_com.android.server.DockObserver
02-21 18:01:34.972   272   272 V SystemServerTiming: OnBootPhase_500_com.android.server.DockObserver took to complete: 0ms
02-21 18:01:34.972   272   272 D SystemServerTiming: OnBootPhase_500_com.android.server.adb.AdbService$Lifecycle
02-21 18:01:34.972   272   272 V SystemServerTiming: OnBootPhase_500_com.android.server.adb.AdbService$Lifecycle took to complete: 0ms
02-21 18:01:34.972   272   272 D SystemServerTiming: OnBootPhase_500_com.android.server.usb.UsbService$Lifecycle
02-21 18:01:34.972   272   272 V SystemServerTiming: OnBootPhase_500_com.android.server.usb.UsbService$Lifecycle took to complete: 0ms
02-21 18:01:34.972   272   272 D SystemServerTiming: OnBootPhase_500_com.android.server.twilight.TwilightService
02-21 18:01:34.972   272   272 V SystemServerTiming: OnBootPhase_500_com.android.server.twilight.TwilightService took to complete: 0ms
02-21 18:01:34.972   272   272 D SystemServerTiming: OnBootPhase_500_com.android.server.display.color.ColorDisplayService
02-21 18:01:34.972   272   272 V SystemServerTiming: OnBootPhase_500_com.android.server.display.color.ColorDisplayService took to complete: 0ms
02-21 18:01:34.972   272   272 D SystemServerTiming: OnBootPhase_500_com.android.server.job.JobSchedulerService
02-21 18:01:34.972   272   476 D EthernetTracker: Tracking interface in client mode: eth0
02-21 18:01:34.972   272   476 D EthernetNetworkFactory: addInterface, iface: eth0, capabilities: [ Transports: ETHERNET Capabilities: NOT_METERED&INTERNET&NOT_RESTRICTED&TRUSTED&NOT_VPN&NOT_ROAMING&NOT_CONGESTED&NOT_SUSPENDED&NOT_VCN_MANAGED LinkUpBandwidth>=100000Kbps LinkDnBandwidth>=100000Kbps Specifier: <EthernetNetworkSpecifier (eth0)> UnderlyingNetworks: Null]
02-21 18:01:34.972   272   476 D EthernetNetworkFactory: updateInterfaceLinkState, iface: eth0, up: true
02-21 18:01:34.972   272   477 D ConnectivityService: register offer from providerId 1 : NetworkOffer [ Provider Id (1) Score(-2147483648 ; KeepConnected : 0 ; Policies : EVER_VALIDATED_NOT_AVOIDED_WHEN_BAD&IS_UNMETERED&IS_VALIDATED) Caps [ Transports: ETHERNET Capabilities: NOT_METERED&INTERNET&NOT_RESTRICTED&TRUSTED&NOT_VPN&NOT_ROAMING&NOT_CONGESTED&NOT_SUSPENDED&NOT_VCN_MANAGED LinkUpBandwidth>=100000Kbps LinkDnBandwidth>=100000Kbps Specifier: <EthernetNetworkSpecifier (eth0)> UnderlyingNetworks: Null] Needed by []]
02-21 18:01:34.972   272   476 D EthernetNetworkFactory: eth0: onNetworkNeeded for request: NetworkRequest [ REQUEST id=7, [ Capabilities: INTERNET&NOT_RESTRICTED&TRUSTED&NOT_VCN_MANAGED Uid: 1000 RequestorUid: 1000 RequestorPkg: android UnderlyingNetworks: Null] ]
02-21 18:01:34.972   272   476 D EthernetNetworkFactory: Starting Ethernet IpClient(eth0)
02-21 18:01:34.972   272   272 V HistoricalRegistry: Interaction before persistence initialized
02-21 18:01:34.972   272   272 V SystemServerTiming: OnBootPhase_500_com.android.server.job.JobSchedulerService took to complete: 1ms
02-21 18:01:34.972   272   272 D SystemServerTiming: OnBootPhase_500_com.android.server.soundtrigger.SoundTriggerService
02-21 18:01:34.972   272   272 D SoundTriggerService: onBootPhase: 500 : false
02-21 18:01:34.972   272   272 V SystemServerTiming: OnBootPhase_500_com.android.server.soundtrigger.SoundTriggerService took to complete: 0ms
02-21 18:01:34.972   272   272 D SystemServerTiming: OnBootPhase_500_com.android.server.trust.TrustManagerService
02-21 18:01:34.973   272   272 V SystemServerTiming: OnBootPhase_500_com.android.server.trust.TrustManagerService took to complete: 0ms
02-21 18:01:34.973   272   272 D SystemServerTiming: OnBootPhase_500_com.android.server.backup.BackupManagerService$Lifecycle
02-21 18:01:34.973   272   272 V SystemServerTiming: OnBootPhase_500_com.android.server.backup.BackupManagerService$Lifecycle took to complete: 0ms
02-21 18:01:34.973   272   272 D SystemServerTiming: OnBootPhase_500_com.android.server.appwidget.AppWidgetService
02-21 18:01:34.973   272   272 V SystemServerTiming: OnBootPhase_500_com.android.server.appwidget.AppWidgetService took to complete: 0ms
02-21 18:01:34.973   272   272 D SystemServerTiming: OnBootPhase_500_com.android.server.voiceinteraction.VoiceInteractionManagerService
02-21 18:01:34.973   272   272 V SystemServerTiming: OnBootPhase_500_com.android.server.voiceinteraction.VoiceInteractionManagerService took to complete: 0ms
02-21 18:01:34.973   272   272 D SystemServerTiming: OnBootPhase_500_com.android.server.apphibernation.AppHibernationService
02-21 18:01:34.973   272   272 V SystemServerTiming: OnBootPhase_500_com.android.server.apphibernation.AppHibernationService took to complete: 0ms
02-21 18:01:34.973   272   272 D SystemServerTiming: OnBootPhase_500_com.android.server.GestureLauncherService
02-21 18:01:34.973   272   272 V SystemServerTiming: OnBootPhase_500_com.android.server.GestureLauncherService took to complete: 0ms
02-21 18:01:34.973   272   272 D SystemServerTiming: OnBootPhase_500_com.android.server.SensorNotificationService
02-21 18:01:34.973   272   272 V SystemServerTiming: OnBootPhase_500_com.android.server.SensorNotificationService took to complete: 0ms
02-21 18:01:34.973   272   272 D SystemServerTiming: OnBootPhase_500_com.android.server.emergency.EmergencyAffordanceService
02-21 18:01:34.973   272   272 V SystemServerTiming: OnBootPhase_500_com.android.server.emergency.EmergencyAffordanceService took to complete: 0ms
02-21 18:01:34.973   272   272 D SystemServerTiming: OnBootPhase_500_com.android.server.blob.BlobStoreManagerService
02-21 18:01:34.973   272   272 V SystemServerTiming: OnBootPhase_500_com.android.server.blob.BlobStoreManagerService took to complete: 0ms
02-21 18:01:34.973   272   272 D SystemServerTiming: OnBootPhase_500_com.android.server.dreams.DreamManagerService
02-21 18:01:34.973   272   272 V SystemServerTiming: OnBootPhase_500_com.android.server.dreams.DreamManagerService took to complete: 0ms
02-21 18:01:34.973   272   272 D SystemServerTiming: OnBootPhase_500_com.android.server.print.PrintManagerService
02-21 18:01:34.973   272   272 V SystemServerTiming: OnBootPhase_500_com.android.server.print.PrintManagerService took to complete: 0ms
02-21 18:01:34.973   272   272 D SystemServerTiming: OnBootPhase_500_com.android.server.security.AttestationVerificationManagerService
02-21 18:01:34.973   272   272 V SystemServerTiming: OnBootPhase_500_com.android.server.security.AttestationVerificationManagerService took to complete: 0ms
02-21 18:01:34.973   272   272 D SystemServerTiming: OnBootPhase_500_com.android.server.companion.CompanionDeviceManagerService
02-21 18:01:34.973   272   272 D BluetoothAdapter: registerBluetoothConnectionCallback()
02-21 18:01:34.973   272   272 D BluetoothAdapter: isLeEnabled(): OFF
02-21 18:01:34.973   272   272 V SystemServerTiming: OnBootPhase_500_com.android.server.companion.CompanionDeviceManagerService took to complete: 0ms
02-21 18:01:34.973   272   272 D SystemServerTiming: OnBootPhase_500_com.android.server.companion.virtual.VirtualDeviceManagerService
02-21 18:01:34.973   272   272 V SystemServerTiming: OnBootPhase_500_com.android.server.companion.virtual.VirtualDeviceManagerService took to complete: 0ms
02-21 18:01:34.973   272   272 D SystemServerTiming: OnBootPhase_500_com.android.server.restrictions.RestrictionsManagerService
02-21 18:01:34.973   272   272 V SystemServerTiming: OnBootPhase_500_com.android.server.restrictions.RestrictionsManagerService took to complete: 0ms
02-21 18:01:34.973   272   272 D SystemServerTiming: OnBootPhase_500_com.android.server.media.MediaSessionService
02-21 18:01:34.973   272   272 V SystemServerTiming: OnBootPhase_500_com.android.server.media.MediaSessionService took to complete: 0ms
02-21 18:01:34.973   272   272 D SystemServerTiming: OnBootPhase_500_com.android.server.media.MediaResourceMonitorService
02-21 18:01:34.973   272   272 V SystemServerTiming: OnBootPhase_500_com.android.server.media.MediaResourceMonitorService took to complete: 0ms
02-21 18:01:34.973   272   272 D SystemServerTiming: OnBootPhase_500_com.android.server.biometrics.BiometricService
02-21 18:01:34.973   272   272 V SystemServerTiming: OnBootPhase_500_com.android.server.biometrics.BiometricService took to complete: 0ms
02-21 18:01:34.973   272   272 D SystemServerTiming: OnBootPhase_500_com.android.server.biometrics.AuthService
02-21 18:01:34.973   272   272 V SystemServerTiming: OnBootPhase_500_com.android.server.biometrics.AuthService took to complete: 0ms
02-21 18:01:34.973   272   272 D SystemServerTiming: OnBootPhase_500_com.android.server.pm.ShortcutService$Lifecycle
02-21 18:01:34.973   272   272 V SystemServerTiming: OnBootPhase_500_com.android.server.pm.ShortcutService$Lifecycle took to complete: 0ms
02-21 18:01:34.973   272   272 D SystemServerTiming: OnBootPhase_500_com.android.server.pm.LauncherAppsService
02-21 18:01:34.973   272   272 V SystemServerTiming: OnBootPhase_500_com.android.server.pm.LauncherAppsService took to complete: 0ms
02-21 18:01:34.973   272   272 D SystemServerTiming: OnBootPhase_500_com.android.server.pm.CrossProfileAppsService
02-21 18:01:34.973   272   272 V SystemServerTiming: OnBootPhase_500_com.android.server.pm.CrossProfileAppsService took to complete: 0ms
02-21 18:01:34.973   272   272 D SystemServerTiming: OnBootPhase_500_com.android.server.people.PeopleService
02-21 18:01:34.973   272   272 V SystemServerTiming: OnBootPhase_500_com.android.server.people.PeopleService took to complete: 0ms
02-21 18:01:34.973   272   272 D SystemServerTiming: OnBootPhase_500_com.android.server.media.metrics.MediaMetricsManagerService
02-21 18:01:34.973   272   272 V SystemServerTiming: OnBootPhase_500_com.android.server.media.metrics.MediaMetricsManagerService took to complete: 0ms
02-21 18:01:34.973   272   272 D SystemServerTiming: OnBootPhase_500_com.android.server.media.projection.MediaProjectionManagerService
02-21 18:01:34.973   272   272 V SystemServerTiming: OnBootPhase_500_com.android.server.media.projection.MediaProjectionManagerService took to complete: 0ms
02-21 18:01:34.973   272   272 D SystemServerTiming: OnBootPhase_500_com.android.server.slice.SliceManagerService$Lifecycle
02-21 18:01:34.973   272   272 V SystemServerTiming: OnBootPhase_500_com.android.server.slice.SliceManagerService$Lifecycle took to complete: 0ms
02-21 18:01:34.973   272   272 D SystemServerTiming: OnBootPhase_500_com.android.server.stats.StatsCompanion$Lifecycle
02-21 18:01:34.973   272   272 V SystemServerTiming: OnBootPhase_500_com.android.server.stats.StatsCompanion$Lifecycle took to complete: 0ms
02-21 18:01:34.973   272   272 D SystemServerTiming: OnBootPhase_500_com.android.server.scheduling.RebootReadinessManagerService$Lifecycle
02-21 18:01:34.973   272   272 V SystemServerTiming: OnBootPhase_500_com.android.server.scheduling.RebootReadinessManagerService$Lifecycle took to complete: 0ms
02-21 18:01:34.973   272   272 D SystemServerTiming: OnBootPhase_500_com.android.server.stats.pull.StatsPullAtomService
02-21 18:01:34.973   272   272 V SystemServerTiming: OnBootPhase_500_com.android.server.stats.pull.StatsPullAtomService took to complete: 0ms
02-21 18:01:34.973   272   272 D SystemServerTiming: OnBootPhase_500_com.android.server.stats.bootstrap.StatsBootstrapAtomService$Lifecycle
02-21 18:01:34.973   272   272 V SystemServerTiming: OnBootPhase_500_com.android.server.stats.bootstrap.StatsBootstrapAtomService$Lifecycle took to complete: 0ms
02-21 18:01:34.973   272   272 D SystemServerTiming: OnBootPhase_500_com.android.server.incident.IncidentCompanionService
02-21 18:01:34.973   272   272 V SystemServerTiming: OnBootPhase_500_com.android.server.incident.IncidentCompanionService took to complete: 0ms
02-21 18:01:34.973   272   272 D SystemServerTiming: OnBootPhase_500_com.android.server.sdksandbox.SdkSandboxManagerService$Lifecycle
02-21 18:01:34.973   272   272 V SystemServerTiming: OnBootPhase_500_com.android.server.sdksandbox.SdkSandboxManagerService$Lifecycle took to complete: 0ms
02-21 18:01:34.973   272   272 D SystemServerTiming: OnBootPhase_500_com.android.server.adservices.AdServicesManagerService$Lifecycle
02-21 18:01:34.973   272   272 V SystemServerTiming: OnBootPhase_500_com.android.server.adservices.AdServicesManagerService$Lifecycle took to complete: 0ms
02-21 18:01:34.973   272   272 D SystemServerTiming: OnBootPhase_500_com.android.server.autofill.AutofillManagerService
02-21 18:01:34.973   272   272 V SystemServerTiming: OnBootPhase_500_com.android.server.autofill.AutofillManagerService took to complete: 0ms
02-21 18:01:34.973   272   272 D SystemServerTiming: OnBootPhase_500_com.android.server.clipboard.ClipboardService
02-21 18:01:34.973   272   272 V SystemServerTiming: OnBootPhase_500_com.android.server.clipboard.ClipboardService took to complete: 0ms
02-21 18:01:34.973   272   272 D SystemServerTiming: OnBootPhase_500_com.android.server.appbinding.AppBindingService$Lifecycle
02-21 18:01:34.973   272   272 V SystemServerTiming: OnBootPhase_500_com.android.server.appbinding.AppBindingService$Lifecycle took to complete: 0ms
02-21 18:01:34.973   272   272 D SystemServerTiming: OnBootPhase_500_com.android.server.tracing.TracingServiceProxy
02-21 18:01:34.973   272   272 V SystemServerTiming: OnBootPhase_500_com.android.server.tracing.TracingServiceProxy took to complete: 0ms
02-21 18:01:34.973   272   272 D SystemServerTiming: OnBootPhase_500_org.lineageos.platform.internal.ProfileManagerService
02-21 18:01:34.973   272   272 V SystemServerTiming: OnBootPhase_500_org.lineageos.platform.internal.ProfileManagerService took to complete: 0ms
02-21 18:01:34.973   272   272 D SystemServerTiming: OnBootPhase_500_org.lineageos.platform.internal.LineageHardwareService
02-21 18:01:34.973   272   272 V SystemServerTiming: OnBootPhase_500_org.lineageos.platform.internal.LineageHardwareService took to complete: 0ms
02-21 18:01:34.973   272   272 D SystemServerTiming: OnBootPhase_500_org.lineageos.platform.internal.display.LiveDisplayService
02-21 18:01:34.973   272   272 V SystemServerTiming: OnBootPhase_500_org.lineageos.platform.internal.display.LiveDisplayService took to complete: 0ms
02-21 18:01:34.973   272   272 D SystemServerTiming: OnBootPhase_500_org.lineageos.platform.internal.LineageSettingsService
02-21 18:01:34.973   272   272 V SystemServerTiming: OnBootPhase_500_org.lineageos.platform.internal.LineageSettingsService took to complete: 0ms
02-21 18:01:34.973   272   272 D SystemServerTiming: OnBootPhase_500_org.lineageos.platform.internal.LineageGlobalActionsService
02-21 18:01:34.973   272   272 V SystemServerTiming: OnBootPhase_500_org.lineageos.platform.internal.LineageGlobalActionsService took to complete: 0ms
02-21 18:01:34.973   272   272 D SystemServerTiming: OnBootPhase_500_org.lineageos.platform.internal.health.HealthInterfaceService
02-21 18:01:34.973   272   272 V SystemServerTiming: OnBootPhase_500_org.lineageos.platform.internal.health.HealthInterfaceService took to complete: 0ms
02-21 18:01:34.973   272   272 D SystemServerTiming: OnBootPhase_500_org.lineageos.platform.internal.WayDroidService
02-21 18:01:34.973   272   272 V SystemServerTiming: OnBootPhase_500_org.lineageos.platform.internal.WayDroidService took to complete: 0ms
02-21 18:01:34.973   272   272 V SystemServerTiming: OnBootPhase_500 took to complete: 9ms
02-21 18:01:34.973   272   272 V SystemServerTiming: StartBootPhaseSystemServicesReady took to complete: 9ms
02-21 18:01:34.973   272   272 D SystemServerTiming: MakeWindowManagerServiceReady
02-21 18:01:34.973   272   311 E KernelCpuThreadReader: Failed to initialize KernelCpuThreadReader
02-21 18:01:34.973   272   311 E KernelCpuThreadReader: java.nio.file.NoSuchFileException: /proc/self/time_in_state
02-21 18:01:34.973   272   311 E KernelCpuThreadReader: 	at sun.nio.fs.UnixFileSystemProvider.newByteChannel(UnixFileSystemProvider.java:214)
02-21 18:01:34.973   272   311 E KernelCpuThreadReader: 	at java.nio.file.Files.newByteChannel(Files.java:361)
02-21 18:01:34.973   272   311 E KernelCpuThreadReader: 	at java.nio.file.Files.newByteChannel(Files.java:407)
02-21 18:01:34.973   272   311 E KernelCpuThreadReader: 	at java.nio.file.Files.readAllBytes(Files.java:3152)
02-21 18:01:34.973   272   311 E KernelCpuThreadReader: 	at com.android.internal.os.ProcTimeInStateReader.initializeTimeInStateFormat(ProcTimeInStateReader.java:159)
02-21 18:01:34.973   272   311 E KernelCpuThreadReader: 	at com.android.internal.os.ProcTimeInStateReader.<init>(ProcTimeInStateReader.java:106)
02-21 18:01:34.973   272   311 E KernelCpuThreadReader: 	at com.android.internal.os.KernelCpuThreadReader.<init>(KernelCpuThreadReader.java:138)
02-21 18:01:34.973   272   311 E KernelCpuThreadReader: 	at com.android.internal.os.KernelCpuThreadReader.create(KernelCpuThreadReader.java:151)
02-21 18:01:34.973   272   311 E KernelCpuThreadReader: 	at com.android.internal.os.KernelCpuThreadReaderSettingsObserver.<init>(KernelCpuThreadReaderSettingsObserver.java:95)
02-21 18:01:34.973   272   311 E KernelCpuThreadReader: 	at com.android.internal.os.KernelCpuThreadReaderSettingsObserver.getSettingsModifiedReader(KernelCpuThreadReaderSettingsObserver.java:80)
02-21 18:01:34.973   272   311 E KernelCpuThreadReader: 	at com.android.server.stats.pull.StatsPullAtomService.initializePullersState(StatsPullAtomService.java:806)
02-21 18:01:34.973   272   311 E KernelCpuThreadReader: 	at com.android.server.stats.pull.StatsPullAtomService.lambda$onBootPhase$0$com-android-server-stats-pull-StatsPullAtomService(StatsPullAtomService.java:765)
02-21 18:01:34.973   272   311 E KernelCpuThreadReader: 	at com.android.server.stats.pull.StatsPullAtomService$$ExternalSyntheticLambda4.run(Unknown Source:2)
02-21 18:01:34.973   272   311 E KernelCpuThreadReader: 	at android.os.Handler.handleCallback(Handler.java:942)
02-21 18:01:34.973   272   311 E KernelCpuThreadReader: 	at android.os.Handler.dispatchMessage(Handler.java:99)
02-21 18:01:34.973   272   311 E KernelCpuThreadReader: 	at android.os.Looper.loopOnce(Looper.java:201)
02-21 18:01:34.973   272   311 E KernelCpuThreadReader: 	at android.os.Looper.loop(Looper.java:288)
02-21 18:01:34.973   272   311 E KernelCpuThreadReader: 	at android.os.HandlerThread.run(HandlerThread.java:67)
02-21 18:01:34.973   272   469 D WifiController: isAirplaneModeOn = false, isWifiEnabled = true, isScanningAvailable = false, isLocationModeActive = true
02-21 18:01:34.974    31    31 I servicemanager: Could not find android.hardware.health.IHealth/default in the VINTF manifest.
02-21 18:01:34.974   272   469 D WifiActiveModeWarden: Starting primary ClientModeManager in connect mode
02-21 18:01:34.974    32    32 I hwservicemanager: getTransport: Cannot find entry vendor.lineage.touch@1.0::IKeyDisabler/default in either framework or device VINTF manifest.
02-21 18:01:34.974   272   311 I android_os_HwBinder: HwBinder: Starting hwbinderthread pool for getting: android.hardware.health@2.0::IHealth/default
02-21 18:01:34.974   272   469 I android_os_HwBinder: HwBinder: Starting hwbinderthread pool for getting: android.hidl.manager@1.2::IServiceManager/default
02-21 18:01:34.974   272   311 I android_os_HwBinder: HwBinder: Starting hwbinderthread pool for getting: android.hidl.manager@1.0::IServiceManager/default
02-21 18:01:34.974   272   469 D WifiNl80211Manager: tearing down interfaces in wificond
02-21 18:01:34.974   272   311 I HealthServiceWrapperHidl: health: HealthServiceWrapper listening to instance default
02-21 18:01:34.975   272   519 I android_os_HwBinder: HwBinder: Starting hwbinderthread pool for getting: android.hardware.health@2.0::IHealth/default
02-21 18:01:34.975   272   272 I android_os_HwBinder: HwBinder: Starting hwbinderthread pool for getting: android.hardware.configstore@1.1::ISurfaceFlingerConfigs/default
02-21 18:01:34.975   272   311 D StatsPullAtomService: Registering pullers with statsd
02-21 18:01:34.975   272   272 I android_os_HwBinder: HwBinder: Starting hwbinderthread pool for getting: android.hardware.configstore@1.1::ISurfaceFlingerConfigs/default
02-21 18:01:34.975   272   272 V SystemServerTiming: MakeWindowManagerServiceReady took to complete: 2ms
02-21 18:01:34.975   272   272 D SystemServerTiming: StartPermissionPolicyService
02-21 18:01:34.975   272   272 I SystemServiceManager: Starting com.android.server.policy.PermissionPolicyService
02-21 18:01:34.975   272   469 D WifiAdaptConnObserver: Adaptive connectivity status initialized to: true
02-21 18:01:34.975   272   469 D WifiController: EnabledState.enter()
02-21 18:01:34.975   272   469 D WifiClientModeManager[unknown]: entering IdleState
02-21 18:01:34.975   272   469 I WifiNative: Vendor Hal not supported, ignoring start.
02-21 18:01:34.975   272   469 I WifiNative: Vendor Hal not supported, ignoring createStaIface.
02-21 18:01:34.975   272   477 D ConnectivityService: NetReassign [no changes]
02-21 18:01:34.975   272   311 I StatsPullAtomService: register thermal listener successfully
02-21 18:01:34.975   272   469 D WifiNl80211Manager: Setting up interface for client mode: wlan0
02-21 18:01:34.975   272   272 V SystemServerTiming: StartPermissionPolicyService took to complete: 0ms
02-21 18:01:34.975   272   272 D SystemServerTiming: MakePackageManagerServiceReady
02-21 18:01:34.977   133   133 E wificond: Can't get wlan0 index: No such device
02-21 18:01:34.977   133   133 E wificond: Failed to get wiphy index
02-21 18:01:34.977   272   469 E WifiNl80211Manager: Could not get IClientInterface instance from wificond
02-21 18:01:34.977   272   469 E WifiNative: Failed to setup iface in wificond=wlan0
02-21 18:01:34.977   272   469 I WifiNative: Vendor Hal not supported, ignoring removeStaIface.
02-21 18:01:34.977   272   469 E WifiNative: Failed to unregister network observer on Iface:{Name=wlan0,Id=0,Type=STA_SCAN}
02-21 18:01:34.977   272   469 E WifiNl80211Manager: No valid wificond client interface handler for iface=wlan0
02-21 18:01:34.977   272   469 E WifiNative: Failed to teardown iface in wificond on Iface:{Name=wlan0,Id=0,Type=STA_SCAN}
02-21 18:01:34.977   272   469 D WifiNl80211Manager: tearing down interfaces in wificond
02-21 18:01:34.977   272   469 I WifiNative: Vendor Hal not supported, ignoring stop.
02-21 18:01:34.977   272   469 I WifiNative: Successfully torn down Iface:{Name=wlan0,Id=0,Type=STA_SCAN}
02-21 18:01:34.977   272   469 I WifiNative: Successfully initiated teardown for iface=wlan0
02-21 18:01:34.977   272   469 E WifiClientModeManager[unknown]: Failed to create ClientInterface. Sit in Idle
02-21 18:01:34.977   272   469 E WifiActiveModeWarden: ClientModeManager start failed!ConcreteClientModeManager{id=38998 iface=null role=null}
02-21 18:01:34.977   272   469 D WifiScanRequestProxy: Sending scan available broadcast: false
02-21 18:01:34.977   272   469 I WifiScanRequestProxy: Scanning is disabled
02-21 18:01:34.977   272   473 I WifiScanningService: Received a request to disable scanning, UID = 1000
02-21 18:01:34.977   272   473 I WifiScanningService: wifi driver unloaded
02-21 18:01:34.977   272   469 I WifiCountryCode: No active mode, call onDriverCountryCodeChanged with Null
02-21 18:01:34.977   272   469 D WifiController: STA disabled, return to DisabledState.
02-21 18:01:34.977   272   469 D WifiController: EnabledState.exit()
02-21 18:01:34.977   272   469 D WifiController: DisabledState.enter()
02-21 18:01:34.978   272   272 V UserDataPreparer: Found /data/user_de/0 with serial number 0
02-21 18:01:34.978   272   272 V UserDataPreparer: Found /data/user/0 with serial number 0
02-21 18:01:34.978   272   272 V UserDataPreparer: Found /data/system_de/0 with serial number 0
02-21 18:01:34.978   272   272 W UserDataPreparer: Invalid user directory /data/system_de/usagestats
02-21 18:01:34.978   272   272 V UserDataPreparer: Found /data/system_ce/0 with serial number 0
02-21 18:01:34.978   272   272 V UserDataPreparer: Found /data/misc_ce/0 with serial number 0
02-21 18:01:34.978   272   272 I PackageManager: Permission ownership changed. Updating all permissions.
02-21 18:01:34.983    32    32 I hwservicemanager: getTransport: Cannot find entry android.hardware.boot@1.0::IBootControl/default in either framework or device VINTF manifest.
02-21 18:01:34.983   272   272 V StagingManagerTiming: restoreSessions took to complete: 0ms
02-21 18:01:34.983   272   272 V SystemServerTiming: MakePackageManagerServiceReady took to complete: 9ms
02-21 18:01:34.983   272   272 D SystemServerTiming: MakeDisplayManagerServiceReady
02-21 18:01:34.984   272   305 E DisplayModeDirector: Asked about unknown display, returning empty display mode specs!(id=0)
02-21 18:01:34.984   272   305 E DisplayModeDirector: Asked about unknown display, returning empty display mode specs!(id=0)
02-21 18:01:34.984   272   272 I BrightnessSynchronizer: Initial brightness readings: 102(int), 0.39763778(float)
02-21 18:01:34.984   272   272 V SystemServerTiming: MakeDisplayManagerServiceReady took to complete: 0ms
02-21 18:01:34.984   272   272 D SystemServerTiming: StartDeviceSpecificServices
02-21 18:01:34.984   272   272 V SystemServerTiming: StartDeviceSpecificServices took to complete: 0ms
02-21 18:01:34.984   272   272 D SystemServerTiming: GameManagerService
02-21 18:01:34.984   272   272 I SystemServiceManager: Starting com.android.server.app.GameManagerService$Lifecycle
02-21 18:01:34.984   272   272 V HistoricalRegistry: Interaction before persistence initialized
02-21 18:01:34.985   272   272 V SystemServerTiming: GameManagerService took to complete: 1ms
02-21 18:01:34.985   272   272 D SystemServerTiming: ArtManagerLocal
02-21 18:01:34.985   272   272 V SystemServerTiming: ArtManagerLocal took to complete: 0ms
02-21 18:01:34.985   272   272 D SystemServerTiming: StartBootPhaseDeviceSpecificServicesReady
02-21 18:01:34.985   272   272 I SystemServiceManager: Starting phase 520
02-21 18:01:34.985   272   272 D SystemServerTiming: OnBootPhase_520
02-21 18:01:34.985   272   272 D SystemServerTiming: OnBootPhase_520_com.android.server.security.FileIntegrityService
02-21 18:01:34.985   272   272 V SystemServerTiming: OnBootPhase_520_com.android.server.security.FileIntegrityService took to complete: 0ms
02-21 18:01:34.985   272   272 D SystemServerTiming: OnBootPhase_520_com.android.server.pm.Installer
02-21 18:01:34.985   272   272 V SystemServerTiming: OnBootPhase_520_com.android.server.pm.Installer took to complete: 0ms
02-21 18:01:34.985   272   272 D SystemServerTiming: OnBootPhase_520_com.android.server.os.DeviceIdentifiersPolicyService
02-21 18:01:34.985   272   272 V SystemServerTiming: OnBootPhase_520_com.android.server.os.DeviceIdentifiersPolicyService took to complete: 0ms
02-21 18:01:34.985   272   272 D SystemServerTiming: OnBootPhase_520_com.android.server.uri.UriGrantsManagerService$Lifecycle
02-21 18:01:34.985   272   272 V SystemServerTiming: OnBootPhase_520_com.android.server.uri.UriGrantsManagerService$Lifecycle took to complete: 0ms
02-21 18:01:34.985   272   272 D SystemServerTiming: OnBootPhase_520_com.android.server.powerstats.PowerStatsService
02-21 18:01:34.985   272   272 V SystemServerTiming: OnBootPhase_520_com.android.server.powerstats.PowerStatsService took to complete: 0ms
02-21 18:01:34.985   272   272 D SystemServerTiming: OnBootPhase_520_com.android.server.wm.ActivityTaskManagerService$Lifecycle
02-21 18:01:34.985   272   272 V SystemServerTiming: OnBootPhase_520_com.android.server.wm.ActivityTaskManagerService$Lifecycle took to complete: 0ms
02-21 18:01:34.985   272   272 D SystemServerTiming: OnBootPhase_520_com.android.server.am.ActivityManagerService$Lifecycle
02-21 18:01:34.985   272   272 V SystemServerTiming: OnBootPhase_520_com.android.server.am.ActivityManagerService$Lifecycle took to complete: 0ms
02-21 18:01:34.985   272   272 D SystemServerTiming: OnBootPhase_520_com.android.server.pm.DataLoaderManagerService
02-21 18:01:34.985   272   272 V SystemServerTiming: OnBootPhase_520_com.android.server.pm.DataLoaderManagerService took to complete: 0ms
02-21 18:01:34.985   272   272 D SystemServerTiming: OnBootPhase_520_com.android.server.power.PowerManagerService
02-21 18:01:34.985   272   272 V SystemServerTiming: OnBootPhase_520_com.android.server.power.PowerManagerService took to complete: 0ms
02-21 18:01:34.985   272   272 D SystemServerTiming: OnBootPhase_520_com.android.server.power.ThermalManagerService
02-21 18:01:34.985   272   272 V SystemServerTiming: OnBootPhase_520_com.android.server.power.ThermalManagerService took to complete: 0ms
02-21 18:01:34.985   272   272 D SystemServerTiming: OnBootPhase_520_com.android.server.power.hint.HintManagerService
02-21 18:01:34.985   272   272 V SystemServerTiming: OnBootPhase_520_com.android.server.power.hint.HintManagerService took to complete: 0ms
02-21 18:01:34.985   272   272 D SystemServerTiming: OnBootPhase_520_com.android.server.recoverysystem.RecoverySystemService$Lifecycle
02-21 18:01:34.985   272   272 V SystemServerTiming: OnBootPhase_520_com.android.server.recoverysystem.RecoverySystemService$Lifecycle took to complete: 0ms
02-21 18:01:34.985   272   272 D SystemServerTiming: OnBootPhase_520_com.android.server.lights.LightsService
02-21 18:01:34.985   272   272 V SystemServerTiming: OnBootPhase_520_com.android.server.lights.LightsService took to complete: 0ms
02-21 18:01:34.985   272   272 D SystemServerTiming: OnBootPhase_520_com.android.server.display.DisplayManagerService
02-21 18:01:34.985   272   272 V SystemServerTiming: OnBootPhase_520_com.android.server.display.DisplayManagerService took to complete: 0ms
02-21 18:01:34.985   272   272 D SystemServerTiming: OnBootPhase_520_com.android.server.pm.verify.domain.DomainVerificationService
02-21 18:01:34.985   272   272 V SystemServerTiming: OnBootPhase_520_com.android.server.pm.verify.domain.DomainVerificationService took to complete: 0ms
02-21 18:01:34.985   272   272 D SystemServerTiming: OnBootPhase_520_com.android.server.pm.PackageInstallerService$Lifecycle
02-21 18:01:34.985   272   272 V SystemServerTiming: OnBootPhase_520_com.android.server.pm.PackageInstallerService$Lifecycle took to complete: 0ms
02-21 18:01:34.985   272   272 D SystemServerTiming: OnBootPhase_520_com.android.server.pm.UserManagerService$LifeCycle
02-21 18:01:34.985   272   272 V SystemServerTiming: OnBootPhase_520_com.android.server.pm.UserManagerService$LifeCycle took to complete: 0ms
02-21 18:01:34.985   272   272 D SystemServerTiming: OnBootPhase_520_com.android.server.om.OverlayManagerService
02-21 18:01:34.985   272   272 V SystemServerTiming: OnBootPhase_520_com.android.server.om.OverlayManagerService took to complete: 0ms
02-21 18:01:34.985   272   272 D SystemServerTiming: OnBootPhase_520_com.android.server.resources.ResourcesManagerService
02-21 18:01:34.985   272   272 V SystemServerTiming: OnBootPhase_520_com.android.server.resources.ResourcesManagerService took to complete: 0ms
02-21 18:01:34.985   272   272 D SystemServerTiming: OnBootPhase_520_com.android.server.sensorprivacy.SensorPrivacyService
02-21 18:01:34.985   272   272 V SystemServerTiming: OnBootPhase_520_com.android.server.sensorprivacy.SensorPrivacyService took to complete: 0ms
02-21 18:01:34.985   272   272 D SystemServerTiming: OnBootPhase_520_com.android.server.sensors.SensorService
02-21 18:01:34.985   272   272 V SystemServerTiming: OnBootPhase_520_com.android.server.sensors.SensorService took to complete: 0ms
02-21 18:01:34.985   272   272 D SystemServerTiming: OnBootPhase_520_com.android.server.SystemConfigService
02-21 18:01:34.985   272   272 V SystemServerTiming: OnBootPhase_520_com.android.server.SystemConfigService took to complete: 0ms
02-21 18:01:34.985   272   272 D SystemServerTiming: OnBootPhase_520_com.android.server.BatteryService
02-21 18:01:34.985   272   272 V SystemServerTiming: OnBootPhase_520_com.android.server.BatteryService took to complete: 0ms
02-21 18:01:34.985   272   272 D SystemServerTiming: OnBootPhase_520_com.android.server.usage.UsageStatsService
02-21 18:01:34.985   272   272 V SystemServerTiming: OnBootPhase_520_com.android.server.usage.UsageStatsService took to complete: 0ms
02-21 18:01:34.985   272   272 D SystemServerTiming: OnBootPhase_520_com.android.server.webkit.WebViewUpdateService
02-21 18:01:34.985   272   272 V SystemServerTiming: OnBootPhase_520_com.android.server.webkit.WebViewUpdateService took to complete: 0ms
02-21 18:01:34.985   272   272 D SystemServerTiming: OnBootPhase_520_com.android.server.CachedDeviceStateService
02-21 18:01:34.985   272   272 V SystemServerTiming: OnBootPhase_520_com.android.server.CachedDeviceStateService took to complete: 0ms
02-21 18:01:34.985   272   272 D SystemServerTiming: OnBootPhase_520_com.android.server.BinderCallsStatsService$LifeCycle
02-21 18:01:34.985   272   272 V SystemServerTiming: OnBootPhase_520_com.android.server.BinderCallsStatsService$LifeCycle took to complete: 0ms
02-21 18:01:34.985   272   272 D SystemServerTiming: OnBootPhase_520_com.android.server.LooperStatsService$Lifecycle
02-21 18:01:34.985   272   272 V SystemServerTiming: OnBootPhase_520_com.android.server.LooperStatsService$Lifecycle took to complete: 0ms
02-21 18:01:34.985   272   272 D SystemServerTiming: OnBootPhase_520_com.android.server.rollback.RollbackManagerService
02-21 18:01:34.985   272   272 V SystemServerTiming: OnBootPhase_520_com.android.server.rollback.RollbackManagerService took to complete: 0ms
02-21 18:01:34.985   272   272 D SystemServerTiming: OnBootPhase_520_com.android.server.os.NativeTombstoneManagerService
02-21 18:01:34.985   272   272 V SystemServerTiming: OnBootPhase_520_com.android.server.os.NativeTombstoneManagerService took to complete: 0ms
02-21 18:01:34.985   272   272 D SystemServerTiming: OnBootPhase_520_com.android.server.os.BugreportManagerService
02-21 18:01:34.985   272   272 V SystemServerTiming: OnBootPhase_520_com.android.server.os.BugreportManagerService took to complete: 0ms
02-21 18:01:34.985   272   272 D SystemServerTiming: OnBootPhase_520_com.android.server.gpu.GpuService
02-21 18:01:34.985   272   272 V SystemServerTiming: OnBootPhase_520_com.android.server.gpu.GpuService took to complete: 0ms
02-21 18:01:34.985   272   272 D SystemServerTiming: OnBootPhase_520_com.android.server.security.KeyChainSystemService
02-21 18:01:34.985   272   272 V SystemServerTiming: OnBootPhase_520_com.android.server.security.KeyChainSystemService took to complete: 0ms
02-21 18:01:34.985   272   272 D SystemServerTiming: OnBootPhase_520_com.android.server.BinaryTransparencyService
02-21 18:01:34.985   272   272 V SystemServerTiming: OnBootPhase_520_com.android.server.BinaryTransparencyService took to complete: 0ms
02-21 18:01:34.985   272   272 D SystemServerTiming: OnBootPhase_520_com.android.server.telecom.TelecomLoaderService
02-21 18:01:34.985   272   272 V SystemServerTiming: OnBootPhase_520_com.android.server.telecom.TelecomLoaderService took to complete: 0ms
02-21 18:01:34.985   272   272 D SystemServerTiming: OnBootPhase_520_com.android.server.accounts.AccountManagerService$Lifecycle
02-21 18:01:34.985   272   272 V SystemServerTiming: OnBootPhase_520_com.android.server.accounts.AccountManagerService$Lifecycle took to complete: 0ms
02-21 18:01:34.985   272   272 D SystemServerTiming: OnBootPhase_520_com.android.server.content.ContentService$Lifecycle
02-21 18:01:34.985   272   272 V SystemServerTiming: OnBootPhase_520_com.android.server.content.ContentService$Lifecycle took to complete: 0ms
02-21 18:01:34.985   272   272 D SystemServerTiming: OnBootPhase_520_com.android.server.DropBoxManagerService
02-21 18:01:34.985   272   272 V SystemServerTiming: OnBootPhase_520_com.android.server.DropBoxManagerService took to complete: 0ms
02-21 18:01:34.985   272   272 D SystemServerTiming: OnBootPhase_520_com.android.role.RoleService
02-21 18:01:34.985   272   272 V SystemServerTiming: OnBootPhase_520_com.android.role.RoleService took to complete: 0ms
02-21 18:01:34.985   272   272 D SystemServerTiming: OnBootPhase_520_com.android.server.vibrator.VibratorManagerService$Lifecycle
02-21 18:01:34.985   272   272 V SystemServerTiming: OnBootPhase_520_com.android.server.vibrator.VibratorManagerService$Lifecycle took to complete: 0ms
02-21 18:01:34.985   272   272 D SystemServerTiming: OnBootPhase_520_com.android.server.tare.InternalResourceService
02-21 18:01:34.985   272   272 V SystemServerTiming: OnBootPhase_520_com.android.server.tare.InternalResourceService took to complete: 0ms
02-21 18:01:34.985   272   272 D SystemServerTiming: OnBootPhase_520_com.android.server.alarm.AlarmManagerService
02-21 18:01:34.985   272   272 V SystemServerTiming: OnBootPhase_520_com.android.server.alarm.AlarmManagerService took to complete: 0ms
02-21 18:01:34.985   272   272 D SystemServerTiming: OnBootPhase_520_com.android.server.devicestate.DeviceStateManagerService
02-21 18:01:34.985   272   272 V SystemServerTiming: OnBootPhase_520_com.android.server.devicestate.DeviceStateManagerService took to complete: 0ms
02-21 18:01:34.985   272   272 D SystemServerTiming: OnBootPhase_520_com.android.server.camera.CameraServiceProxy
02-21 18:01:34.985   272   272 V SystemServerTiming: OnBootPhase_520_com.android.server.camera.CameraServiceProxy took to complete: 0ms
02-21 18:01:34.985   272   272 D SystemServerTiming: OnBootPhase_520_com.android.server.bluetooth.BluetoothService
02-21 18:01:34.985   272   272 V SystemServerTiming: OnBootPhase_520_com.android.server.bluetooth.BluetoothService took to complete: 0ms
02-21 18:01:34.985   272   272 D SystemServerTiming: OnBootPhase_520_com.android.server.connectivity.IpConnectivityMetrics
02-21 18:01:34.985   272   272 V SystemServerTiming: OnBootPhase_520_com.android.server.connectivity.IpConnectivityMetrics took to complete: 0ms
02-21 18:01:34.985   272   272 D SystemServerTiming: OnBootPhase_520_com.android.server.net.watchlist.NetworkWatchlistService$Lifecycle
02-21 18:01:34.985   272   272 V SystemServerTiming: OnBootPhase_520_com.android.server.net.watchlist.NetworkWatchlistService$Lifecycle took to complete: 0ms
02-21 18:01:34.985   272   272 D SystemServerTiming: OnBootPhase_520_com.android.server.PinnerService
02-21 18:01:34.985   272   272 V SystemServerTiming: OnBootPhase_520_com.android.server.PinnerService took to complete: 0ms
02-21 18:01:34.985   272   272 D SystemServerTiming: OnBootPhase_520_com.android.server.integrity.AppIntegrityManagerService
02-21 18:01:34.985   272   272 V SystemServerTiming: OnBootPhase_520_com.android.server.integrity.AppIntegrityManagerService took to complete: 0ms
