02-21 18:01:31.574   272   309 I SystemConfig: Reading permissions from /system/etc/permissions/com.android.future.usb.accessory.xml
02-21 18:01:31.574   272   272 D CompatConfig: Adding: com.android.server.compat.config.Change@fcca2d5
02-21 18:01:31.574   272   272 D CompatConfig: Adding: com.android.server.compat.config.Change@97c6aea
02-21 18:01:31.574   272   272 D CompatConfig: Adding: com.android.server.compat.config.Change@d8901db
02-21 18:01:31.574   272   272 D CompatConfig: Adding: com.android.server.compat.config.Change@c48b478
02-21 18:01:31.574   272   272 D CompatConfig: Adding: com.android.server.compat.config.Change@ec19751
02-21 18:01:31.574   272   272 D CompatConfig: Adding: com.android.server.compat.config.Change@e2e4bb6
02-21 18:01:31.574   272   272 D CompatConfig: Adding: com.android.server.compat.config.Change@98be0b7
02-21 18:01:31.574   272   272 D CompatConfig: Adding: com.android.server.compat.config.Change@390a024
02-21 18:01:31.574   272   272 D CompatConfig: Adding: com.android.server.compat.config.Change@537578d
02-21 18:01:31.574   272   272 D CompatConfig: Adding: com.android.server.compat.config.Change@94b6d42
02-21 18:01:31.574   272   272 D CompatConfig: Adding: com.android.server.compat.config.Change@373d153
02-21 18:01:31.574   272   272 D CompatConfig: Adding: com.android.server.compat.config.Change@b499a90
02-21 18:01:31.574   272   272 D CompatConfig: Adding: com.android.server.compat.config.Change@6cedf89
02-21 18:01:31.574   272   272 D CompatConfig: Adding: com.android.server.compat.config.Change@b271b8e
02-21 18:01:31.574   272   272 D CompatConfig: Adding: com.android.server.compat.config.Change@7e02faf
02-21 18:01:31.574   272   272 D CompatConfig: Adding: com.android.server.compat.config.Change@955cfbc
02-21 18:01:31.574   272   272 D CompatConfig: Adding: com.android.server.compat.config.Change@63ceb45
02-21 18:01:31.574   272   272 D CompatConfig: Adding: com.android.server.compat.config.Change@3fd629a
02-21 18:01:31.574   272   272 D CompatConfig: Adding: com.android.server.compat.config.Change@d8e2ba8
02-21 18:01:31.574   272   272 D CompatConfig: Adding: com.android.server.compat.config.Change@2c5f6c1
02-21 18:01:31.574   272   272 D CompatConfig: Adding: com.android.server.compat.config.Change@9bf0e66
02-21 18:01:31.574   272   309 I SystemConfig: Reading permissions from /system/etc/permissions/com.android.mediadrm.signer.xml
02-21 18:01:31.574   272   272 D CompatConfig: Adding: com.android.server.compat.config.Change@5a065a7
02-21 18:01:31.574   272   272 D CompatConfig: Adding: com.android.server.compat.config.Change@a6e5a54
02-21 18:01:31.574   272   272 D CompatConfig: Adding: com.android.server.compat.config.Change@17a3dfd
02-21 18:01:31.574   272   272 D CompatConfig: Adding: com.android.server.compat.config.Change@e9daaf2
02-21 18:01:31.574   272   272 D CompatConfig: Adding: com.android.server.compat.config.Change@c63b543
02-21 18:01:31.574   272   272 D CompatConfig: Adding: com.android.server.compat.config.Change@c80c7c0
02-21 18:01:31.574   272   272 D CompatConfig: Adding: com.android.server.compat.config.Change@e31bcf9
02-21 18:01:31.574   272   272 D CompatConfig: Adding: com.android.server.compat.config.Change@457843e
02-21 18:01:31.574   272   272 D CompatConfig: Adding: com.android.server.compat.config.Change@982629f
02-21 18:01:31.574   272   272 D CompatConfig: Adding: com.android.server.compat.config.Change@c8a9fec
02-21 18:01:31.574   272   272 D CompatConfig: Adding: com.android.server.compat.config.Change@482fb5
02-21 18:01:31.574   272   272 D CompatConfig: Adding: com.android.server.compat.config.Change@843a64a
02-21 18:01:31.574   272   272 D CompatConfig: Adding: com.android.server.compat.config.Change@8b489bb
02-21 18:01:31.574   272   272 D CompatConfig: Adding: com.android.server.compat.config.Change@877ced8
02-21 18:01:31.574   272   272 D CompatConfig: Adding: com.android.server.compat.config.Change@f191231
02-21 18:01:31.574   272   272 D CompatConfig: Adding: com.android.server.compat.config.Change@41ddd16
02-21 18:01:31.574   272   272 D CompatConfig: Adding: com.android.server.compat.config.Change@f180697
02-21 18:01:31.574   272   272 D CompatConfig: Adding: com.android.server.compat.config.Change@f070084
02-21 18:01:31.574   272   272 D CompatConfig: Adding: com.android.server.compat.config.Change@23ba06d
02-21 18:01:31.574   272   272 D CompatConfig: Adding: com.android.server.compat.config.Change@f92b4a2
02-21 18:01:31.574   272   272 D CompatConfig: Adding: com.android.server.compat.config.Change@bcc7533
02-21 18:01:31.574   272   272 D CompatConfig: Adding: com.android.server.compat.config.Change@a35a0f0
02-21 18:01:31.574   272   272 D CompatConfig: Adding: com.android.server.compat.config.Change@97ed669
02-21 18:01:31.574   272   272 D CompatConfig: Adding: com.android.server.compat.config.Change@e8b78ee
02-21 18:01:31.574   272   272 D CompatConfig: Adding: com.android.server.compat.config.Change@64f318f
02-21 18:01:31.574   272   272 D CompatConfig: Adding: com.android.server.compat.config.Change@8a57025
02-21 18:01:31.574   272   272 D CompatConfig: Adding: com.android.server.compat.config.Change@83a35fa
02-21 18:01:31.574   272   309 I SystemConfig: Reading permissions from /system/etc/permissions/com.android.networkstack.xml
02-21 18:01:31.574   272   272 D CompatConfig: Adding: com.android.server.compat.config.Change@69757ab
02-21 18:01:31.574   272   272 D CompatConfig: Adding: com.android.server.compat.config.Change@4689e08
02-21 18:01:31.574   272   272 D CompatConfig: Adding: com.android.server.compat.config.Change@2e1e9a1
02-21 18:01:31.574   272   272 D CompatConfig: Adding: com.android.server.compat.config.Change@2e5b7c6
02-21 18:01:31.574   272   272 D CompatConfig: Adding: com.android.server.compat.config.Change@2f1c387
02-21 18:01:31.574   272   272 D CompatConfig: Adding: com.android.server.compat.config.Change@bed92b4
02-21 18:01:31.574   272   272 D CompatConfig: Adding: com.android.server.compat.config.Change@2127edd
02-21 18:01:31.574   272   272 D CompatConfig: Adding: com.android.server.compat.config.Change@758a52
02-21 18:01:31.574   272   272 D CompatConfig: Adding: com.android.server.compat.config.Change@f9d1123
02-21 18:01:31.574   272   272 D CompatConfig: Adding: com.android.server.compat.config.Change@52b2620
02-21 18:01:31.574   272   272 D CompatConfig: Adding: com.android.server.compat.config.Change@5bd2bd9
02-21 18:01:31.574   272   272 D CompatConfig: Adding: com.android.server.compat.config.Change@7bdf99e
02-21 18:01:31.574   272   272 D CompatConfig: Adding: com.android.server.compat.config.Change@c259c7f
02-21 18:01:31.574   272   272 D CompatConfig: Adding: com.android.server.compat.config.Change@aec844c
02-21 18:01:31.574   272   272 D CompatConfig: Adding: com.android.server.compat.config.Change@5cbac95
02-21 18:01:31.574   272   272 D CompatConfig: Adding: com.android.server.compat.config.Change@68c11aa
02-21 18:01:31.574   272   272 D CompatConfig: Adding: com.android.server.compat.config.Change@a81819b
02-21 18:01:31.574   272   272 D CompatConfig: Adding: com.android.server.compat.config.Change@7839938
02-21 18:01:31.574   272   272 D CompatConfig: Adding: com.android.server.compat.config.Change@5077d11
02-21 18:01:31.574   272   272 D CompatConfig: Adding: com.android.server.compat.config.Change@8719e76
02-21 18:01:31.574   272   272 D CompatConfig: Adding: com.android.server.compat.config.Change@bec9c77
02-21 18:01:31.574   272   272 D CompatConfig: Adding: com.android.server.compat.config.Change@67510e4
02-21 18:01:31.574   272   272 D CompatConfig: Adding: com.android.server.compat.config.Change@f55d94d
02-21 18:01:31.574   272   272 D CompatConfig: Adding: com.android.server.compat.config.Change@e512c02
02-21 18:01:31.574   272   272 D CompatConfig: Adding: com.android.server.compat.config.Change@f848913
02-21 18:01:31.574   272   272 D CompatConfig: Adding: com.android.server.compat.config.Change@4e45750
02-21 18:01:31.574   272   272 D CompatConfig: Adding: com.android.server.compat.config.Change@fb3bd49
02-21 18:01:31.574   272   272 D CompatConfig: Adding: com.android.server.compat.config.Change@2aa064e
02-21 18:01:31.574   272   272 D CompatConfig: Adding: com.android.server.compat.config.Change@ea4a36f
02-21 18:01:31.574   272   272 D CompatConfig: Adding: com.android.server.compat.config.Change@cbf987c
02-21 18:01:31.574   272   272 D CompatConfig: Adding: com.android.server.compat.config.Change@9f1e505
02-21 18:01:31.574   272   272 D CompatConfig: Adding: com.android.server.compat.config.Change@6a4395a
02-21 18:01:31.574   272   272 D CompatConfig: Adding: com.android.server.compat.config.Change@302078b
02-21 18:01:31.574   272   272 D CompatConfig: Adding: com.android.server.compat.config.Change@6abc068
02-21 18:01:31.574   272   272 D CompatConfig: Adding: com.android.server.compat.config.Change@430cc81
02-21 18:01:31.574   272   272 D CompatConfig: Adding: com.android.server.compat.config.Change@3dc9126
02-21 18:01:31.574   272   272 D CompatConfig: Adding: com.android.server.compat.config.Change@2879167
02-21 18:01:31.574   272   272 D CompatConfig: Adding: com.android.server.compat.config.Change@eb07b14
02-21 18:01:31.574   272   272 D CompatConfig: Adding: com.android.server.compat.config.Change@c1cafbd
02-21 18:01:31.574   272   272 D CompatConfig: Adding: com.android.server.compat.config.Change@ef099b2
02-21 18:01:31.574   272   272 D CompatConfig: Adding: com.android.server.compat.config.Change@cf1dd03
02-21 18:01:31.574   272   272 D CompatConfig: Adding: com.android.server.compat.config.Change@7a43480
02-21 18:01:31.574   272   272 D CompatConfig: Adding: com.android.server.compat.config.Change@3e98ab9
02-21 18:01:31.574   272   272 D CompatConfig: Adding: com.android.server.compat.config.Change@72b465f
02-21 18:01:31.574   272   272 D CompatConfig: Adding: com.android.server.compat.config.Change@95818ac
02-21 18:01:31.574   272   272 D CompatConfig: Adding: com.android.server.compat.config.Change@30f1975
02-21 18:01:31.574   272   309 I SystemConfig: Reading permissions from /system/etc/permissions/android.test.base.xml
02-21 18:01:31.574   272   272 D CompatConfig: Adding: com.android.server.compat.config.Change@cadad0a
02-21 18:01:31.574   272   272 D CompatConfig: Adding: com.android.server.compat.config.Change@67e97b
02-21 18:01:31.574   272   272 D CompatConfig: Adding: com.android.server.compat.config.Change@5841398
02-21 18:01:31.574   272   272 D CompatConfig: Adding: com.android.server.compat.config.Change@6c4d7f1
02-21 18:01:31.574   272   272 D CompatConfig: Adding: com.android.server.compat.config.Change@1018fd6
02-21 18:01:31.574   272   272 D CompatConfig: Adding: com.android.server.compat.config.Change@d01a257
02-21 18:01:31.574   272   309 I SystemConfig: Reading permissions from /system/etc/permissions/org.apache.http.legacy.xml
02-21 18:01:31.574   272   309 I SystemConfig: Reading permissions from /system/etc/permissions/com.android.location.provider.xml
02-21 18:01:31.575   272   309 I SystemConfig: Reading permissions from /system/etc/permissions/privapp-permissions-platform.xml
02-21 18:01:31.575   272   272 D CompatConfig: Found a config file: /system/system_ext/etc/compatconfig/settings-platform-compat-config.xml
02-21 18:01:31.575   272   272 D CompatConfig: Adding: com.android.server.compat.config.Change@26dbdb0
02-21 18:01:31.576   272   309 I SystemConfig: Reading permissions from /system/etc/permissions/privapp_allowlist_com.android.adservices.api.xml
02-21 18:01:31.576   272   272 D CompatConfig: Found a config file: /apex/com.android.wifi/etc/compatconfig/wifi-compat-config.xml
02-21 18:01:31.577   272   309 I SystemConfig: Reading permissions from /system/etc/permissions/platform.xml
02-21 18:01:31.577   272   272 D CompatConfig: Adding: com.android.server.compat.config.Change@2e904dc
02-21 18:01:31.577   272   272 D CompatConfig: Adding: com.android.server.compat.config.Change@ada49e5
02-21 18:01:31.577   272   272 D CompatConfig: No directory /apex/com.android.vndk.v33/etc/compatconfig, skipping
02-21 18:01:31.577   272   272 D CompatConfig: No directory /apex/com.android.uwb/etc/compatconfig, skipping
02-21 18:01:31.577   272   272 D CompatConfig: No directory /apex/com.android.tzdata/etc/compatconfig, skipping
02-21 18:01:31.577   272   272 D CompatConfig: Found a config file: /apex/com.android.tethering/etc/compatconfig/connectivity-platform-compat-config.xml
02-21 18:01:31.577   272   272 D CompatConfig: Adding: com.android.server.compat.config.Change@4c2276b
02-21 18:01:31.578   272   272 D CompatConfig: No directory /apex/com.android.sdkext/etc/compatconfig, skipping
02-21 18:01:31.578   272   272 D CompatConfig: No directory /apex/com.android.scheduling/etc/compatconfig, skipping
02-21 18:01:31.578   272   272 D CompatConfig: No directory /apex/com.android.runtime/etc/compatconfig, skipping
02-21 18:01:31.578   272   272 D CompatConfig: No directory /apex/com.android.resolv/etc/compatconfig, skipping
02-21 18:01:31.578   272   272 D CompatConfig: No directory /apex/com.android.permission/etc/compatconfig, skipping
02-21 18:01:31.578   272   272 D CompatConfig: No directory /apex/com.android.os.statsd/etc/compatconfig, skipping
02-21 18:01:31.578   272   272 D CompatConfig: No directory /apex/com.android.ondevicepersonalization/etc/compatconfig, skipping
02-21 18:01:31.578   272   272 D CompatConfig: No directory /apex/com.android.neuralnetworks/etc/compatconfig, skipping
02-21 18:01:31.578   272   272 D CompatConfig: Found a config file: /apex/com.android.mediaprovider/etc/compatconfig/media-provider-platform-compat-config.xml
02-21 18:01:31.578   272   272 D CompatConfig: Adding: com.android.server.compat.config.Change@aea9f61
02-21 18:01:31.578   272   272 D CompatConfig: Adding: com.android.server.compat.config.Change@87b9a86
02-21 18:01:31.578   272   272 D CompatConfig: Adding: com.android.server.compat.config.Change@f59cf47
02-21 18:01:31.578   272   272 D CompatConfig: Adding: com.android.server.compat.config.Change@e4f1374
02-21 18:01:31.578   272   272 D CompatConfig: Adding: com.android.server.compat.config.Change@f50d09d
02-21 18:01:31.578   272   272 D CompatConfig: Adding: com.android.server.compat.config.Change@b66d912
02-21 18:01:31.578   272   272 D CompatConfig: Adding: com.android.server.compat.config.Change@6da18e3
02-21 18:01:31.578   272   272 D CompatConfig: No directory /apex/com.android.media.swcodec/etc/compatconfig, skipping
02-21 18:01:31.578   272   272 D CompatConfig: No directory /apex/com.android.media/etc/compatconfig, skipping
02-21 18:01:31.578   272   272 D CompatConfig: No directory /apex/com.android.ipsec/etc/compatconfig, skipping
02-21 18:01:31.578   272   272 D CompatConfig: No directory /apex/com.android.i18n/etc/compatconfig, skipping
02-21 18:01:31.578   272   272 D CompatConfig: No directory /apex/com.android.extservices/etc/compatconfig, skipping
02-21 18:01:31.578   272   272 D CompatConfig: No directory /apex/com.android.conscrypt/etc/compatconfig, skipping
02-21 18:01:31.578   272   272 D CompatConfig: Found a config file: /apex/com.android.btservices/etc/compatconfig/bluetooth-compat-config.xml
02-21 18:01:31.578   272   309 I SystemConfig: Reading permissions from /vendor/etc/permissions/android.hardware.audio.low_latency.xml
02-21 18:01:31.578   272   272 D CompatConfig: Adding: com.android.server.compat.config.Change@55745e
02-21 18:01:31.578   272   272 D CompatConfig: Found a config file: /apex/com.android.art/etc/compatconfig/libcore-platform-compat-config.xml
02-21 18:01:31.578   272   309 I SystemConfig: Reading permissions from /vendor/etc/permissions/android.hardware.sensor.barometer.xml
02-21 18:01:31.578   272   272 D CompatConfig: Adding: com.android.server.compat.config.Change@6ca7655
02-21 18:01:31.578   272   272 D CompatConfig: Adding: com.android.server.compat.config.Change@f00786a
02-21 18:01:31.578   272   272 D CompatConfig: Adding: com.android.server.compat.config.Change@3dfc15b
02-21 18:01:31.578   272   272 D CompatConfig: Adding: com.android.server.compat.config.Change@a913df8
02-21 18:01:31.578   272   272 D CompatConfig: Adding: com.android.server.compat.config.Change@68922d1
02-21 18:01:31.578   272   272 D CompatConfig: Adding: com.android.server.compat.config.Change@fa5b136
02-21 18:01:31.578   272   272 D CompatConfig: No directory /apex/com.android.appsearch/etc/compatconfig, skipping
02-21 18:01:31.578   272   272 D CompatConfig: No directory /apex/com.android.adservices/etc/compatconfig, skipping
02-21 18:01:31.578   272   272 D CompatConfig: No directory /apex/com.android.adbd/etc/compatconfig, skipping
02-21 18:01:31.578   272   309 I SystemConfig: Reading permissions from /vendor/etc/permissions/android.hardware.usb.accessory.xml
02-21 18:01:31.579   272   309 I SystemConfig: Reading permissions from /vendor/etc/permissions/android.hardware.vulkan.level.xml
02-21 18:01:31.579   272   309 I SystemConfig: Reading permissions from /vendor/etc/permissions/android.hardware.touchscreen.xml
02-21 18:01:31.579   272   309 I SystemConfig: Reading permissions from /vendor/etc/permissions/handheld_core_hardware.xml
02-21 18:01:31.579   272   272 V SystemServerTiming: PlatformCompat took to complete: 10ms
02-21 18:01:31.579   272   272 D SystemServerTiming: StartFileIntegrityService
02-21 18:01:31.579   272   272 I SystemServiceManager: Starting com.android.server.security.FileIntegrityService
02-21 18:01:31.579   272   309 I SystemConfig: Reading permissions from /vendor/etc/permissions/android.hardware.sensor.proximity.xml
02-21 18:01:31.579   272   309 I SystemConfig: Reading permissions from /vendor/etc/permissions/android.hardware.camera.flash-autofocus.xml
02-21 18:01:31.579   272   309 I SystemConfig: Reading permissions from /vendor/etc/permissions/android.hardware.opengles.aep.xml
02-21 18:01:31.579   272   309 I SystemConfig: Reading permissions from /vendor/etc/permissions/android.hardware.ethernet.xml
02-21 18:01:31.579   272   309 I SystemConfig: Reading permissions from /vendor/etc/permissions/android.hardware.location.gps.xml
02-21 18:01:31.579   272   309 I SystemConfig: Reading permissions from /vendor/etc/permissions/android.hardware.sensor.ambient_temperature.xml
02-21 18:01:31.579   272   309 I SystemConfig: Reading permissions from /vendor/etc/permissions/android.hardware.wifi.xml
02-21 18:01:31.580   272   309 I SystemConfig: Reading permissions from /vendor/etc/permissions/android.hardware.sensor.relative_humidity.xml
02-21 18:01:31.580   272   309 I SystemConfig: Reading permissions from /vendor/etc/permissions/android.software.sip.voip.xml
02-21 18:01:31.580   272   309 I SystemConfig: Reading permissions from /vendor/etc/permissions/android.hardware.camera.raw.xml
02-21 18:01:31.580   272   309 I SystemConfig: Reading permissions from /vendor/etc/permissions/android.software.verified_boot.xml
02-21 18:01:31.580   272   309 I SystemConfig: Reading permissions from /vendor/etc/permissions/android.hardware.sensor.light.xml
02-21 18:01:31.580   272   272 V SystemServerTiming: StartFileIntegrityService took to complete: 1ms
02-21 18:01:31.580   272   272 D SystemServerTiming: StartInstaller
02-21 18:01:31.580   272   272 I SystemServiceManager: Starting com.android.server.pm.Installer
02-21 18:01:31.580   272   309 I SystemConfig: Reading permissions from /vendor/etc/permissions/android.hardware.sensor.gyroscope.xml
02-21 18:01:31.580   272   309 I SystemConfig: Reading permissions from /vendor/etc/permissions/android.hardware.vulkan.version.xml
02-21 18:01:31.580   272   309 I SystemConfig: Reading permissions from /vendor/etc/permissions/android.hardware.camera.full.xml
02-21 18:01:31.580   272   309 I SystemConfig: Reading permissions from /vendor/etc/permissions/android.hardware.vulkan.compute.xml
02-21 18:01:31.580   272   309 I SystemConfig: Reading permissions from /vendor/etc/permissions/android.hardware.camera.front.xml
02-21 18:01:31.581   272   272 V SystemServerTiming: StartInstaller took to complete: 1ms
02-21 18:01:31.581   272   272 D SystemServerTiming: DeviceIdentifiersPolicyService
02-21 18:01:31.581   272   272 I SystemServiceManager: Starting com.android.server.os.DeviceIdentifiersPolicyService
02-21 18:01:31.581   272   272 V SystemServerTiming: DeviceIdentifiersPolicyService took to complete: 0ms
02-21 18:01:31.581   272   272 D SystemServerTiming: UriGrantsManagerService
02-21 18:01:31.581   272   272 I SystemServiceManager: Starting com.android.server.uri.UriGrantsManagerService$Lifecycle
02-21 18:01:31.581   272   309 I SystemConfig: Reading permissions from /product/etc/sysconfig/lineage-sysconfig.xml
02-21 18:01:31.582   272   272 V SystemServerTiming: UriGrantsManagerService took to complete: 1ms
02-21 18:01:31.582   272   272 D SystemServerTiming: StartPowerStatsService
02-21 18:01:31.582   272   272 I SystemServiceManager: Starting com.android.server.powerstats.PowerStatsService
02-21 18:01:31.582   272   309 I SystemConfig: Reading permissions from /product/etc/sysconfig/preinstalled-packages-platform-overlays.xml
02-21 18:01:31.582    31    31 I servicemanager: Could not find android.hardware.power.stats.IPowerStats/default in the VINTF manifest.
02-21 18:01:31.583   272   309 I SystemConfig: Reading permissions from /product/etc/sysconfig/org.lineageos.etar.allowlist.xml
02-21 18:01:31.583   272   309 I SystemConfig: Reading permissions from /product/etc/sysconfig/preinstalled-packages-platform-handheld-product.xml
02-21 18:01:31.583    32    32 I hwservicemanager: getTransport: Cannot find entry android.hardware.power.stats@1.0::IPowerStats/default in either framework or device VINTF manifest.
02-21 18:01:31.583   272   272 E PowerStatsService: Unable to get power.stats HAL service.
02-21 18:01:31.583   272   272 E PowerStatsService: nativeInit failed to connect to power.stats HAL
02-21 18:01:31.583   272   309 I SystemConfig: Reading permissions from /product/etc/sysconfig/com.android.deskclock_allowlist.xml
02-21 18:01:31.583   272   272 V SystemServerTiming: StartPowerStatsService took to complete: 1ms
02-21 18:01:31.583   272   272 D SystemServerTiming: StartIStatsService
02-21 18:01:31.583   272   272 I HidlServiceManagement: Registered android.frameworks.stats@1.0::IStats/default
02-21 18:01:31.583   272   309 I SystemConfig: Reading permissions from /product/etc/permissions/org.lineageos.profiles.xml
02-21 18:01:31.584    31    31 I servicemanager: Found android.frameworks.stats.IStats/default in framework VINTF manifest.
02-21 18:01:31.584   272   272 V SystemServerTiming: StartIStatsService took to complete: 1ms
02-21 18:01:31.584   272   272 D SystemServerTiming: MemtrackProxyService
02-21 18:01:31.584    31    31 I servicemanager: Could not find android.hardware.memtrack.IMemtrack/default in the VINTF manifest.
02-21 18:01:31.584   272   272 I Stability: Interface set with vintf stability downgraded to system stability stability
02-21 18:01:31.584   272   272 V SystemServerTiming: MemtrackProxyService took to complete: 0ms
02-21 18:01:31.584   272   272 D SystemServerTiming: StartActivityManager
02-21 18:01:31.584   272   272 I SystemServiceManager: Starting com.android.server.wm.ActivityTaskManagerService$Lifecycle
02-21 18:01:31.584   272   309 I SystemConfig: Reading permissions from /product/etc/permissions/android.software.sip.voip.xml
02-21 18:01:31.584   272   309 I SystemConfig: Reading permissions from /product/etc/permissions/org.lineageos.health.xml
02-21 18:01:31.584   272   309 I SystemConfig: Reading permissions from /product/etc/permissions/org.lineageos.livedisplay.xml
02-21 18:01:31.585   272   309 I SystemConfig: Reading permissions from /product/etc/permissions/privapp_whitelist_org.lineageos.eleven.xml
02-21 18:01:31.585   272   309 I SystemConfig: Reading permissions from /product/etc/permissions/android.software.nfc.beam.xml
02-21 18:01:31.585   272   309 I SystemConfig: Reading permissions from /product/etc/permissions/com.android.contacts.xml
02-21 18:01:31.586   272   309 I SystemConfig: Reading permissions from /product/etc/permissions/org.lineageos.android.xml
02-21 18:01:31.587   272   272 I SystemServiceManager: Starting com.android.server.am.ActivityManagerService$Lifecycle
02-21 18:01:31.587   272   309 I SystemConfig: Reading permissions from /product/etc/permissions/com.android.settings.intelligence.xml
02-21 18:01:31.587   272   309 I SystemConfig: Reading permissions from /product/etc/permissions/org.lineageos.settings.xml
02-21 18:01:31.587   272   309 I SystemConfig: Reading permissions from /product/etc/permissions/org.lineageos.hardware.xml
02-21 18:01:31.588   272   309 I SystemConfig: Reading permissions from /product/etc/permissions/org.lineageos.globalactions.xml
02-21 18:01:31.589   272   272 I ActivityManager: Memory class: 192
02-21 18:01:31.589   272   309 I SystemConfig: Reading permissions from /system_ext/etc/sysconfig/allowlist_com.stevesoltys.seedvault.xml
02-21 18:01:31.589   272   312 I Binder  : Setting heavy hitter watcher config: false, 0, 0.0
02-21 18:01:31.590   272   309 I SystemConfig: Reading permissions from /system_ext/etc/permissions/privapp_whitelist_org.lineageos.lineagesettings.xml
02-21 18:01:31.591   272   309 I SystemConfig: Reading permissions from /system_ext/etc/permissions/permissions_com.stevesoltys.seedvault.xml
02-21 18:01:31.591   272   309 I SystemConfig: Reading permissions from /system_ext/etc/permissions/com.android.systemui.xml
02-21 18:01:31.592   272   309 I SystemConfig: Reading permissions from /system_ext/etc/permissions/privapp_whitelist_org.lineageos.lineageparts.xml
02-21 18:01:31.592   272   309 I SystemConfig: Reading permissions from /system_ext/etc/permissions/androidx.window.extensions.xml
02-21 18:01:31.593   272   309 I SystemConfig: Reading permissions from /system_ext/etc/permissions/com.android.emergency.xml
02-21 18:01:31.593   272   309 I SystemConfig: Reading permissions from /system_ext/etc/permissions/com.android.launcher3.xml
02-21 18:01:31.594   272   309 I SystemConfig: Reading permissions from /system_ext/etc/permissions/privapp_whitelist_org.lineageos.waydroidupdater.xml
02-21 18:01:31.594   272   309 I SystemConfig: Reading permissions from /system_ext/etc/permissions/androidx.window.sidecar.xml
02-21 18:01:31.594   272   309 I SystemConfig: Reading permissions from /system_ext/etc/permissions/com.android.provision.xml
02-21 18:01:31.595   272   309 I SystemConfig: Reading permissions from /system_ext/etc/permissions/privapp_whitelist_com.android.wallpaper.xml
02-21 18:01:31.595   272   309 I SystemConfig: Reading permissions from /system_ext/etc/permissions/com.android.settings.xml
02-21 18:01:31.595   272   309 I SystemConfig: Reading permissions from /system_ext/etc/permissions/com.android.storagemanager.xml
02-21 18:01:31.596   272   309 I SystemConfig: Reading permissions from /apex/com.android.tethering/etc/permissions/permissions.xml
02-21 18:01:31.597   272   309 I SystemConfig: Reading permissions from /apex/com.android.permission/etc/permissions/privapp_allowlist_com.android.permissioncontroller.xml
02-21 18:01:31.597   272   309 I SystemConfig: Reading permissions from /apex/com.android.mediaprovider/etc/permissions/privapp_allowlist_com.android.providers.media.module.xml
02-21 18:01:31.598   272   309 I SystemConfig: Reading permissions from /apex/com.android.ipsec/etc/permissions/android.net.ipsec.ike.xml
02-21 18:01:31.598   272   309 I SystemConfig: Reading permissions from /apex/com.android.extservices/etc/permissions/privapp_allowlist_android.ext.services.xml
02-21 18:01:31.598   272   309 I SystemConfig: Reading permissions from /apex/com.android.btservices/etc/permissions/privapp_allowlist_com.android.bluetooth.xml
02-21 18:01:31.598   272   309 I SystemConfig: Reading permissions from /apex/com.android.adservices/etc/permissions/privapp_allowlist_com.android.adservices.api.xml
02-21 18:01:31.599   272   309 W SystemConfig: Failed to read public libraries file /vendor/etc/public.libraries.txt
02-21 18:01:31.599   272   309 W SystemConfig: java.io.FileNotFoundException: /vendor/etc/public.libraries.txt: open failed: ENOENT (No such file or directory)
02-21 18:01:31.599   272   309 W SystemConfig: 	at libcore.io.IoBridge.open(IoBridge.java:574)
02-21 18:01:31.599   272   309 W SystemConfig: 	at java.io.FileInputStream.<init>(FileInputStream.java:160)
02-21 18:01:31.599   272   309 W SystemConfig: 	at java.io.FileReader.<init>(FileReader.java:75)
02-21 18:01:31.599   272   309 W SystemConfig: 	at com.android.server.SystemConfig.readPublicLibrariesListFile(SystemConfig.java:1827)
02-21 18:01:31.599   272   309 W SystemConfig: 	at com.android.server.SystemConfig.readPublicNativeLibrariesList(SystemConfig.java:1809)
02-21 18:01:31.599   272   309 W SystemConfig: 	at com.android.server.SystemConfig.<init>(SystemConfig.java:605)
02-21 18:01:31.599   272   309 W SystemConfig: 	at com.android.server.SystemConfig.getInstance(SystemConfig.java:369)
02-21 18:01:31.599   272   309 W SystemConfig: 	at com.android.server.SystemServer$$ExternalSyntheticLambda1.run(Unknown Source:0)
02-21 18:01:31.599   272   309 W SystemConfig: 	at com.android.server.SystemServerInitThreadPool.lambda$submitTask$0$com-android-server-SystemServerInitThreadPool(SystemServerInitThreadPool.java:106)
02-21 18:01:31.599   272   309 W SystemConfig: 	at com.android.server.SystemServerInitThreadPool$$ExternalSyntheticLambda0.run(Unknown Source:6)
02-21 18:01:31.599   272   309 W SystemConfig: 	at java.util.concurrent.Executors$RunnableAdapter.call(Executors.java:463)
02-21 18:01:31.599   272   309 W SystemConfig: 	at java.util.concurrent.FutureTask.run(FutureTask.java:264)
02-21 18:01:31.599   272   309 W SystemConfig: 	at java.util.concurrent.ThreadPoolExecutor.runWorker(ThreadPoolExecutor.java:1137)
02-21 18:01:31.599   272   309 W SystemConfig: 	at java.util.concurrent.ThreadPoolExecutor$Worker.run(ThreadPoolExecutor.java:637)
02-21 18:01:31.599   272   309 W SystemConfig: 	at com.android.internal.util.ConcurrentUtils$1$1.run(ConcurrentUtils.java:65)
02-21 18:01:31.599   272   309 W SystemConfig: Caused by: android.system.ErrnoException: open failed: ENOENT (No such file or directory)
02-21 18:01:31.599   272   309 W SystemConfig: 	at libcore.io.Linux.open(Native Method)
02-21 18:01:31.599   272   309 W SystemConfig: 	at libcore.io.ForwardingOs.open(ForwardingOs.java:563)
02-21 18:01:31.599   272   309 W SystemConfig: 	at libcore.io.BlockGuardOs.open(BlockGuardOs.java:274)
02-21 18:01:31.599   272   309 W SystemConfig: 	at libcore.io.IoBridge.open(IoBridge.java:560)
02-21 18:01:31.599   272   309 W SystemConfig: 	... 14 more
02-21 18:01:31.599   272   309 V SystemConfig: readAllPermissions took to complete: 30ms
02-21 18:01:31.599   272   309 V SystemServerTimingAsync: InitThreadPoolExec:ReadingSystemConfig took to complete: 30ms
02-21 18:01:31.601   272   272 E libpsi  : /proc/pressure/memory write failed for psi stall type 'some'; errno=22
02-21 18:01:31.601   272   272 E LowMemDetector: Failed to register psi trigger
02-21 18:01:31.603   272   272 I PackageWatchdog: Updated health check state for package com.android.systemui: INACTIVE -> PASSED
02-21 18:01:31.606   272   272 E KernelSingleProcCpuThreadRdr: Failed to start tracking process CPU times for 272
02-21 18:01:31.606   272   272 D BatteryStatsImpl: Reading daily items from /data/system/batterystats-daily.xml
02-21 18:01:31.609    32    32 I hwservicemanager: getTransport: Cannot find entry android.hardware.power.stats@1.0::IPowerStats/default in either framework or device VINTF manifest.
02-21 18:01:31.609   272   318 E BatteryStatsService: Unable to load Power.Stats.HAL. Setting rail availability to false
02-21 18:01:31.609   272   318 E BluetoothAdapter: Bluetooth service is null
02-21 18:01:31.610   272   318 E KernelCpuUidFreqTimeReader: Failed to read /proc/uid_time_in_state: java.nio.file.NoSuchFileException: /proc/uid_time_in_state
02-21 18:01:31.610   272   318 W KernelCpuProcStringReader: File not found. It's normal if not implemented: /proc/uid_cputime/show_uid_stat
02-21 18:01:31.610   272   318 W KernelCpuUidFreqTimeBpfMapReader: Failed to start tracking
02-21 18:01:31.610   272   318 W KernelCpuProcStringReader: File not found. It's normal if not implemented: /proc/uid_time_in_state
02-21 18:01:31.610   272   318 W KernelCpuUidActiveTimeBpfMapReader: Failed to start tracking
02-21 18:01:31.610   272   318 W KernelCpuProcStringReader: File not found. It's normal if not implemented: /proc/uid_concurrent_active_time
02-21 18:01:31.610   272   318 W KernelCpuUidClusterTimeBpfMapReader: Failed to start tracking
02-21 18:01:31.610   272   318 W KernelCpuProcStringReader: File not found. It's normal if not implemented: /proc/uid_concurrent_policy_time
02-21 18:01:31.610   272   318 E KernelCpuSpeedReader: Failed to read cpu-freq: /sys/devices/system/cpu/cpu0/cpufreq/stats/time_in_state: open failed: ENOENT (No such file or directory)
02-21 18:01:31.610   272   318 E system_server: Cannot obtain CPU frequency count
02-21 18:01:31.610   272   318 E system_server: Cannot obtain CPU frequency count
02-21 18:01:31.610   272   318 E system_server: Cannot obtain CPU frequency count
02-21 18:01:31.610   272   318 E system_server: Cannot read thread CPU times for PID 272
02-21 18:01:31.615   272   318 W KernelMemoryBandwidthStats: No kernel memory bandwidth stats available
02-21 18:01:31.636   272   272 I IntentFirewall: Read new rules (A:0 B:0 S:0)
02-21 18:01:31.638   272   272 D OomAdjuster: Not killing cached processes
02-21 18:01:31.639   272   272 D AppOps  : AppOpsService published
02-21 18:01:31.640   272   272 V SystemServerTiming: StartActivityManager took to complete: 56ms
02-21 18:01:31.640   272   272 D SystemServerTiming: StartDataLoaderManagerService
02-21 18:01:31.640   272   272 I SystemServiceManager: Starting com.android.server.pm.DataLoaderManagerService
02-21 18:01:31.640   272   272 V SystemServerTiming: StartDataLoaderManagerService took to complete: 0ms
02-21 18:01:31.640   272   272 D SystemServerTiming: StartIncrementalService
02-21 18:01:31.641   272   272 V SystemServerTiming: StartIncrementalService took to complete: 1ms
02-21 18:01:31.641   272   272 D SystemServerTiming: StartPowerManager
02-21 18:01:31.641   272   272 I SystemServiceManager: Starting com.android.server.power.PowerManagerService
02-21 18:01:31.643    31    31 I servicemanager: Could not find android.hardware.power.IPower/default in the VINTF manifest.
02-21 18:01:31.644   272   272 V SystemServerTiming: StartPowerManager took to complete: 3ms
02-21 18:01:31.644   272   272 D SystemServerTiming: StartThermalManager
02-21 18:01:31.644   272   272 I SystemServiceManager: Starting com.android.server.power.ThermalManagerService
02-21 18:01:31.644   272   272 V SystemServerTiming: StartThermalManager took to complete: 0ms
02-21 18:01:31.644   272   272 D SystemServerTiming: StartHintManager
02-21 18:01:31.644   272   272 I SystemServiceManager: Starting com.android.server.power.hint.HintManagerService
02-21 18:01:31.644   272   272 V SystemServerTiming: StartHintManager took to complete: 0ms
02-21 18:01:31.644   272   272 D SystemServerTiming: InitPowerManagement
02-21 18:01:31.644   272   272 V SystemServerTiming: InitPowerManagement took to complete: 0ms
02-21 18:01:31.644   272   272 D SystemServerTiming: StartRecoverySystemService
02-21 18:01:31.644   272   272 I SystemServiceManager: Starting com.android.server.recoverysystem.RecoverySystemService$Lifecycle
02-21 18:01:31.645   272   272 V SystemServerTiming: StartRecoverySystemService took to complete: 1ms
02-21 18:01:31.645   272   272 D SystemServerTiming: StartLightsService
02-21 18:01:31.645   272   272 I SystemServiceManager: Starting com.android.server.lights.LightsService
02-21 18:01:31.646    31    31 I servicemanager: Could not find android.hardware.light.ILights/default in the VINTF manifest.
02-21 18:01:31.646   272   272 V SystemServerTiming: StartLightsService took to complete: 1ms
02-21 18:01:31.646   272   272 D SystemServerTiming: StartDisplayOffloadService
02-21 18:01:31.646   272   272 V SystemServerTiming: StartDisplayOffloadService took to complete: 0ms
02-21 18:01:31.646   272   272 D SystemServerTiming: StartSidekickService
02-21 18:01:31.646   272   272 V SystemServerTiming: StartSidekickService took to complete: 0ms
02-21 18:01:31.646   272   272 D SystemServerTiming: StartDisplayManager
02-21 18:01:31.646   272   272 I SystemServiceManager: Starting com.android.server.display.DisplayManagerService
02-21 18:01:31.650    31    31 I servicemanager: Since 'SurfaceFlinger' could not be found, trying to start it as a lazy AIDL service
02-21 18:01:31.651    31   327 W libc    : Unable to set property "ctl.interface_start" to "aidl/SurfaceFlinger": error code: 0x20
02-21 18:01:31.651    31   327 I servicemanager: Tried to start aidl service SurfaceFlinger as a lazy service, but was unable to. Usually this happens when a service is not installed, but if the service is intended to be used as a lazy service, then it may be configured incorrectly.
02-21 18:01:32.110   105   105 W HidlServiceManagement: Waited one second for android.hardware.graphics.composer@2.1::IComposer/default
02-21 18:01:32.110    32    32 I hwservicemanager: Since android.hardware.graphics.composer@2.1::IComposer/default is not registered, trying to start it as a lazy HAL.
02-21 18:01:32.110   105   105 I HidlServiceManagement: getService: Trying again for android.hardware.graphics.composer@2.1::IComposer/default...
02-21 18:01:32.110    32   328 W libc    : Unable to set property "ctl.interface_start" to "android.hardware.graphics.composer@2.1::IComposer/default": error code: 0x20
02-21 18:01:32.110    32   328 I hwservicemanager: Tried to start android.hardware.graphics.composer@2.1::IComposer/default as a lazy service, but was unable to. Usually this happens when a service is not installed, but if the service is intended to be used as a lazy service, then it may be configured incorrectly.
02-21 18:01:32.650   272   272 W ServiceManager: Waited one second for SurfaceFlinger (is service started? are binder threads started and available?)
02-21 18:01:32.651    31    31 I servicemanager: Since 'SurfaceFlinger' could not be found, trying to start it as a lazy AIDL service
02-21 18:01:32.651    31   329 W libc    : Unable to set property "ctl.interface_start" to "aidl/SurfaceFlinger": error code: 0x20
02-21 18:01:32.651    31   329 I servicemanager: Tried to start aidl service SurfaceFlinger as a lazy service, but was unable to. Usually this happens when a service is not installed, but if the service is intended to be used as a lazy service, then it may be configured incorrectly.
02-21 18:01:33.110   105   105 W HidlServiceManagement: Waited one second for android.hardware.graphics.composer@2.1::IComposer/default
02-21 18:01:33.110    32    32 I hwservicemanager: Since android.hardware.graphics.composer@2.1::IComposer/default is not registered, trying to start it as a lazy HAL.
02-21 18:01:33.110   105   105 I HidlServiceManagement: getService: Trying again for android.hardware.graphics.composer@2.1::IComposer/default...
02-21 18:01:33.111    32   330 W libc    : Unable to set property "ctl.interface_start" to "android.hardware.graphics.composer@2.1::IComposer/default": error code: 0x20
02-21 18:01:33.111    32   330 I hwservicemanager: Tried to start android.hardware.graphics.composer@2.1::IComposer/default as a lazy service, but was unable to. Usually this happens when a service is not installed, but if the service is intended to be used as a lazy service, then it may be configured incorrectly.
02-21 18:01:33.651   272   272 W ServiceManager: Waited one second for SurfaceFlinger (is service started? are binder threads started and available?)
02-21 18:01:33.651    31    31 I servicemanager: Since 'SurfaceFlinger' could not be found, trying to start it as a lazy AIDL service
02-21 18:01:33.651    31   331 W libc    : Unable to set property "ctl.interface_start" to "aidl/SurfaceFlinger": error code: 0x20
02-21 18:01:33.651    31   331 I servicemanager: Tried to start aidl service SurfaceFlinger as a lazy service, but was unable to. Usually this happens when a service is not installed, but if the service is intended to be used as a lazy service, then it may be configured incorrectly.
02-21 18:01:34.110   105   105 W HidlServiceManagement: Waited one second for android.hardware.graphics.composer@2.1::IComposer/default
02-21 18:01:34.111    32    32 I hwservicemanager: Since android.hardware.graphics.composer@2.1::IComposer/default is not registered, trying to start it as a lazy HAL.
02-21 18:01:34.111   105   105 I HidlServiceManagement: getService: Trying again for android.hardware.graphics.composer@2.1::IComposer/default...
02-21 18:01:34.111    32   332 W libc    : Unable to set property "ctl.interface_start" to "android.hardware.graphics.composer@2.1::IComposer/default": error code: 0x20
02-21 18:01:34.111    32   332 I hwservicemanager: Tried to start android.hardware.graphics.composer@2.1::IComposer/default as a lazy service, but was unable to. Usually this happens when a service is not installed, but if the service is intended to be used as a lazy service, then it may be configured incorrectly.
02-21 18:01:34.363   333   333 I hwcomposer: WAYLAND_DISPLAY: wayland-0
02-21 18:01:34.363   333   333 I hwcomposer: XDG_RUNTIME_DIR: /run/xdg
02-21 18:01:34.363   333   333 E hwcomposer: *** presentation_clock_id: clk_id 1 CLOCK_MONOTONIC 1
02-21 18:01:34.367   333   333 E hwcomposer: wayland display 0x7d1956e07d20
02-21 18:01:34.379   333   333 E HWC2On1Adapter: Setting active config to 0 for HWC1 config 0
02-21 18:01:34.380   333   333 I HidlServiceManagement: Registered android.hardware.graphics.composer@2.1::IComposer/default
02-21 18:01:34.380   333   338 I HidlServiceManagement: Registered vendor.waydroid.display@1.2::IWaydroidDisplay/default
02-21 18:01:34.380   333   333 I HidlServiceManagement: Removing namespace from process name android.hardware.graphics.composer@2.1-service to composer@2.1-service.
02-21 18:01:34.380   333   338 I HidlServiceManagement: Registered vendor.waydroid.window@1.2::IWaydroidWindow/default
02-21 18:01:34.380    32    32 I hw-BpHwBinder: onLastStrongRef automatically unlinking death recipients
02-21 18:01:34.380   333   338 I HidlServiceManagement: Registered vendor.waydroid.clipboard@1.0::IWaydroidClipboard/default
02-21 18:01:34.380   333   338 I hwcomposer: Waydroid hwcomposer services are ready.
02-21 18:01:34.395   333   339 D libEGL  : loaded /vendor/lib64/egl/libEGL_mesa.so
02-21 18:01:34.395   333   339 D libEGL  : loaded /vendor/lib64/egl/libGLESv1_CM_mesa.so
02-21 18:01:34.395   105   105 I SurfaceFlinger: Connecting HAL display 1
02-21 18:01:34.395   105   105 I HWComposer: Switching to legacy multi-display mode
02-21 18:01:34.396   105   105 E HWComposer: getDisplayConnectionType: getDisplayConnectionType failed for display 0: Unsupported (8)
02-21 18:01:34.396   333   339 D libEGL  : loaded /vendor/lib64/egl/libGLESv2_mesa.so
02-21 18:01:34.397   333   339 I MESA    : Using gralloc0 CrOS API
02-21 18:01:34.398   333   339 W EGL-MAIN: failed to get driver name for fd -1
02-21 18:01:34.398   333   339 W EGL-MAIN: MESA-LOADER: failed to retrieve device information
02-21 18:01:34.398   333   339 W EGL-MAIN: failed to get driver name for fd -1
02-21 18:01:34.398    31    31 I servicemanager: Could not find android.hardware.graphics.allocator.IAllocator/default in the VINTF manifest.
02-21 18:01:34.398    95    95 I [minigbm:gbm_mesa_internals.cpp(213)]: Using device /dev/dri/renderD128 as requested by gralloc.gbm.device
02-21 18:01:34.405   333   339 I hwcomposer: eglInitialize: EGL_SUCCESS
02-21 18:01:34.405   333   339 I hwcomposer: eglChooseConfig: EGL_SUCCESS
02-21 18:01:34.407   333   339 I hwcomposer: eglCreateContext: EGL_SUCCESS
02-21 18:01:34.407   333   339 I hwcomposer: eglCreatePbufferSurface: EGL_SUCCESS
02-21 18:01:34.411    83    83 W ServiceManager: Service statscompanion didn't start. Returning NULL
02-21 18:01:34.412    83    83 I statsd  : Statsd starts to listen to socket.
02-21 18:01:34.429    95    95 V [minigbm:gbm_mesa_internals.cpp(382)]: Allocated: 1920x1116, stride: 7680, map_stride: 0
02-21 18:01:34.430    95    95 V [minigbm:gbm_mesa_internals.cpp(382)]: Allocated: 1920x1116, stride: 7680, map_stride: 0
02-21 18:01:34.432    95    95 V [minigbm:gbm_mesa_internals.cpp(382)]: Allocated: 1920x1116, stride: 7680, map_stride: 0
02-21 18:01:34.435   105   360 W EventThread: Ignoring VSYNC request while display is disconnected
02-21 18:01:34.435   105   360 W EventThread: Ignoring VSYNC request while display is disconnected
02-21 18:01:34.435   105   361 W EventThread: Ignoring VSYNC request while display is disconnected
02-21 18:01:34.435   105   361 W EventThread: Ignoring VSYNC request while display is disconnected
02-21 18:01:34.435   105   360 W EventThread: Ignoring VSYNC request while display is disconnected
02-21 18:01:34.435   105   360 W EventThread: Ignoring VSYNC request while display is disconnected
02-21 18:01:34.435   105   105 I SurfaceFlinger: Dispatching display hotplug event displayId=0, connected=1
02-21 18:01:34.435   105   364 W SurfaceFlinger: Failed to set thread name on dispatch thread
02-21 18:01:34.435    95    95 V [minigbm:gbm_mesa_internals.cpp(382)]: Allocated: 128x128, stride: 512, map_stride: 0
02-21 18:01:34.435    31    31 I BpBinder: onLastStrongRef automatically unlinking death recipients: <uncached descriptor>
02-21 18:01:34.435   105   105 I HidlServiceManagement: Registered android.frameworks.displayservice@1.0::IDisplayService/default
02-21 18:01:34.435   105   105 D SurfaceFlinger: Setting power mode 2 on display 0
02-21 18:01:34.435   105   105 I SurfaceFlinger: Active display is 0
02-21 18:01:34.437   105   105 D SurfaceFlinger: Finished setting power mode 2 on display 0
02-21 18:01:34.440    95    95 V [minigbm:gbm_mesa_internals.cpp(382)]: Allocated: 128x128, stride: 512, map_stride: 0
02-21 18:01:34.440   272   272 V SystemServerTiming: StartDisplayManager took to complete: 2794ms
02-21 18:01:34.440   272   272 D SystemServerTiming: WaitForDisplay
02-21 18:01:34.440   272   272 I SystemServiceManager: Starting phase 100
02-21 18:01:34.440   272   272 D SystemServerTiming: OnBootPhase_100
02-21 18:01:34.440   272   272 D SystemServerTiming: OnBootPhase_100_com.android.server.security.FileIntegrityService
02-21 18:01:34.440   272   272 V SystemServerTiming: OnBootPhase_100_com.android.server.security.FileIntegrityService took to complete: 0ms
02-21 18:01:34.440   272   272 D SystemServerTiming: OnBootPhase_100_com.android.server.pm.Installer
02-21 18:01:34.440   272   272 V SystemServerTiming: OnBootPhase_100_com.android.server.pm.Installer took to complete: 0ms
02-21 18:01:34.440   272   272 D SystemServerTiming: OnBootPhase_100_com.android.server.os.DeviceIdentifiersPolicyService
02-21 18:01:34.440   272   272 V SystemServerTiming: OnBootPhase_100_com.android.server.os.DeviceIdentifiersPolicyService took to complete: 0ms
02-21 18:01:34.440   272   272 D SystemServerTiming: OnBootPhase_100_com.android.server.uri.UriGrantsManagerService$Lifecycle
02-21 18:01:34.440   272   272 V SystemServerTiming: OnBootPhase_100_com.android.server.uri.UriGrantsManagerService$Lifecycle took to complete: 0ms
02-21 18:01:34.440   272   272 D SystemServerTiming: OnBootPhase_100_com.android.server.powerstats.PowerStatsService
02-21 18:01:34.440   272   272 V SystemServerTiming: OnBootPhase_100_com.android.server.powerstats.PowerStatsService took to complete: 0ms
02-21 18:01:34.440   272   272 D SystemServerTiming: OnBootPhase_100_com.android.server.wm.ActivityTaskManagerService$Lifecycle
02-21 18:01:34.440   272   272 V SystemServerTiming: OnBootPhase_100_com.android.server.wm.ActivityTaskManagerService$Lifecycle took to complete: 0ms
02-21 18:01:34.440   272   272 D SystemServerTiming: OnBootPhase_100_com.android.server.am.ActivityManagerService$Lifecycle
02-21 18:01:34.440   272   272 V SystemServerTiming: OnBootPhase_100_com.android.server.am.ActivityManagerService$Lifecycle took to complete: 0ms
02-21 18:01:34.440   272   272 D SystemServerTiming: OnBootPhase_100_com.android.server.pm.DataLoaderManagerService
02-21 18:01:34.440   272   272 V SystemServerTiming: OnBootPhase_100_com.android.server.pm.DataLoaderManagerService took to complete: 0ms
02-21 18:01:34.440   272   272 D SystemServerTiming: OnBootPhase_100_com.android.server.power.PowerManagerService
02-21 18:01:34.440   272   272 V SystemServerTiming: OnBootPhase_100_com.android.server.power.PowerManagerService took to complete: 0ms
02-21 18:01:34.440   272   272 D SystemServerTiming: OnBootPhase_100_com.android.server.power.ThermalManagerService
02-21 18:01:34.440   272   272 V SystemServerTiming: OnBootPhase_100_com.android.server.power.ThermalManagerService took to complete: 0ms
02-21 18:01:34.440   272   272 D SystemServerTiming: OnBootPhase_100_com.android.server.power.hint.HintManagerService
02-21 18:01:34.440   272   272 V SystemServerTiming: OnBootPhase_100_com.android.server.power.hint.HintManagerService took to complete: 0ms
02-21 18:01:34.440   272   272 D SystemServerTiming: OnBootPhase_100_com.android.server.recoverysystem.RecoverySystemService$Lifecycle
02-21 18:01:34.440   272   272 V SystemServerTiming: OnBootPhase_100_com.android.server.recoverysystem.RecoverySystemService$Lifecycle took to complete: 0ms
02-21 18:01:34.440   272   272 D SystemServerTiming: OnBootPhase_100_com.android.server.lights.LightsService
02-21 18:01:34.440   272   272 V SystemServerTiming: OnBootPhase_100_com.android.server.lights.LightsService took to complete: 0ms
