02-21 18:01:34.440   272   272 D SystemServerTiming: OnBootPhase_100_com.android.server.display.DisplayManagerService
02-21 18:01:34.442   105   190 E HWComposer: getSupportedContentTypes: getSupportedContentTypes failed for display 0: Unsupported (8)
02-21 18:01:34.445   272   305 E LocalDisplayAdapter: Can't find display mode with id -1
02-21 18:01:34.445   272   305 W LocalDisplayAdapter: DisplayModeSpecs base mode no longer available, using currently active mode.
02-21 18:01:34.452   272   305 I DisplayDeviceRepository: Display device added: DisplayDeviceInfo{"Built-in Screen": uniqueId="local:0", 1920 x 1116, modeId 1, defaultModeId 1, supportedModes [{id=1, width=1920, height=1116, fps=60.000004, alternativeRefreshRates=[]}], colorMode 0, supportedColorModes [0], hdrCapabilities HdrCapabilities{mSupportedHdrTypes=[], mMaxLuminance=500.0, mMaxAverageLuminance=500.0, mMinLuminance=0.0}, allmSupported false, gameContentTypeSupported false, density 180, 180.0 x 180.0 dpi, appVsyncOff 2000000, presDeadline 11666666, touch INTERNAL, rotation 0, type INTERNAL, address {port=0}, deviceProductInfo null, state UNKNOWN, committedState UNKNOWN, frameRateOverride , brightnessMinimum 0.0, brightnessMaximum 1.0, brightnessDefault 0.39763778, FLAG_ALLOWED_TO_BE_DEFAULT_DISPLAY, FLAG_ROTATES_WITH_CONTENT, FLAG_SECURE, FLAG_SUPPORTS_PROTECTED_BUFFERS, installOrientation 0}
02-21 18:01:34.452   272   305 I LogicalDisplayMapper: Applying layout: [{addr: {port=0}, dispId: 0(ON)}], Previous layout: null
02-21 18:01:34.452   272   305 I LogicalDisplayMapper: Adding new display: 0: DisplayInfo{"Built-in Screen", displayId 0", displayGroupId -1, FLAG_SECURE, FLAG_SUPPORTS_PROTECTED_BUFFERS, FLAG_TRUSTED, real 1920 x 1116, largest app 1920 x 1116, smallest app 1920 x 1116, appVsyncOff 2000000, presDeadline 11666666, mode 1, defaultMode 1, modes [{id=1, width=1920, height=1116, fps=60.000004, alternativeRefreshRates=[]}], hdrCapabilities HdrCapabilities{mSupportedHdrTypes=[], mMaxLuminance=500.0, mMaxAverageLuminance=500.0, mMinLuminance=0.0}, userDisabledHdrTypes [], minimalPostProcessingSupported false, rotation 0, state UNKNOWN, committedState UNKNOWN, type INTERNAL, uniqueId "local:0", app 1920 x 1116, density 180 (180.0 x 180.0) dpi, layerStack 0, colorMode 0, supportedColorModes [0], address {port=0}, deviceProductInfo null, removeMode 0, refreshRateOverride 0.0, brightnessMinimum 0.0, brightnessMaximum 1.0, brightnessDefault 0.39763778, installOrientation ROTATION_0}
02-21 18:01:34.452   272   305 I LogicalDisplayMapper: Setting new display group 0 for display 0, from previous group: null
02-21 18:01:34.453   272   305 W android.permission.PermissionManager: Missing ActivityManager; assuming 1000 holds android.permission.READ_DEVICE_CONFIG
02-21 18:01:34.453   272   272 V SystemServerTiming: OnBootPhase_100_com.android.server.display.DisplayManagerService took to complete: 13ms
02-21 18:01:34.453   272   272 V SystemServerTiming: OnBootPhase_100 took to complete: 13ms
02-21 18:01:34.453   272   272 V SystemServerTiming: WaitForDisplay took to complete: 13ms
02-21 18:01:34.453   272   272 D SystemServerTiming: StartDomainVerificationService
02-21 18:01:34.458   272   272 V SystemServerTiming: StartDomainVerificationService took to complete: 5ms
02-21 18:01:34.458   272   272 D SystemServerTiming: StartPackageManagerService
02-21 18:01:34.458   272   272 I Watchdog: Pausing HandlerChecker: main thread for reason: packagemanagermain. Pause count: 1
02-21 18:01:34.464   272   272 D PackageManagerTiming: create package manager
02-21 18:01:34.473   367   367 D BootAnimation: BootAnimationStartTiming start time: 38497ms
02-21 18:01:34.473   272   272 D PackageManagerTiming: createSubComponents
02-21 18:01:34.473   367   367 D BootAnimation: BootAnimationPreloadTiming start time: 38497ms
02-21 18:01:34.476   367   367 D BootAnimation: /product/media/bootanimation.zip is loaded successfully
02-21 18:01:34.481   272   272 V PackageManagerTiming: createSubComponents took to complete: 8ms
02-21 18:01:34.481   272   272 D PackageManagerTiming: addSharedUsers
02-21 18:01:34.481   272   272 V PackageManagerTiming: addSharedUsers took to complete: 0ms
02-21 18:01:34.481   272   272 W BackgroundDexOptService: SysProp pm.dexopt.downgrade_after_inactive_days not set
02-21 18:01:34.481   272   272 D PackageManagerTiming: get system config
02-21 18:01:34.481   272   272 V PackageManagerTiming: get system config took to complete: 0ms
02-21 18:01:34.482   272   272 D SELinuxMMAC: Using policy file /system/etc/selinux/plat_mac_permissions.xml
02-21 18:01:34.483   272   272 D SELinuxMMAC: Using policy file /system_ext/etc/selinux/system_ext_mac_permissions.xml
02-21 18:01:34.485   272   272 D SELinuxMMAC: Using policy file /vendor/etc/selinux/vendor_mac_permissions.xml
02-21 18:01:34.485   272   272 D PackageManagerTiming: loadFallbacks
02-21 18:01:34.486   272   272 D FallbackCategoryProvider: Found 1 fallback categories
02-21 18:01:34.486   272   272 V PackageManagerTiming: loadFallbacks took to complete: 1ms
02-21 18:01:34.486   272   272 D PackageManagerTiming: read user settings
02-21 18:01:34.501   272   272 E PackageManager: Package com.android.providers.telephony was user id 0 but is now user SharedUserSetting{39ad990 android.uid.phone/1001} with id 1001; I am not changing its files so it will probably fail!
02-21 18:01:34.502   272   272 E PackageManager: Package com.android.dynsystem was user id 0 but is now user SharedUserSetting{695baaf android.uid.system/1000} with id 1000; I am not changing its files so it will probably fail!
02-21 18:01:34.502   272   272 E PackageManager: Package com.android.providers.calendar was user id 0 but is now user SharedUserSetting{b6ca99a android.uid.calendar/10060} with id 10060; I am not changing its files so it will probably fail!
02-21 18:01:34.503   272   272 E PackageManager: Package com.android.providers.media was user id 0 but is now user SharedUserSetting{79729c1 android.media/10058} with id 10058; I am not changing its files so it will probably fail!
02-21 18:01:34.503   272   272 E PackageManager: Package com.android.mms.service was user id 0 but is now user SharedUserSetting{39ad990 android.uid.phone/1001} with id 1001; I am not changing its files so it will probably fail!
02-21 18:01:34.503   272   272 E PackageManager: Package com.android.providers.downloads was user id 0 but is now user SharedUserSetting{79729c1 android.media/10058} with id 10058; I am not changing its files so it will probably fail!
02-21 18:01:34.503   272   272 E PackageManager: Package com.android.providers.downloads.ui was user id 0 but is now user SharedUserSetting{79729c1 android.media/10058} with id 10058; I am not changing its files so it will probably fail!
02-21 18:01:34.503   272   272 E PackageManager: Package com.android.networkstack was user id 0 but is now user SharedUserSetting{2f41b3e android.uid.networkstack/1073} with id 1073; I am not changing its files so it will probably fail!
02-21 18:01:34.503   272   272 E PackageManager: Package android was user id 0 but is now user SharedUserSetting{695baaf android.uid.system/1000} with id 1000; I am not changing its files so it will probably fail!
02-21 18:01:34.503   272   272 E PackageManager: Package com.android.mtp was user id 0 but is now user SharedUserSetting{79729c1 android.media/10058} with id 10058; I am not changing its files so it will probably fail!
02-21 18:01:34.503   272   272 E PackageManager: Package com.android.nfc was user id 0 but is now user SharedUserSetting{1d0531 android.uid.nfc/1027} with id 1027; I am not changing its files so it will probably fail!
02-21 18:01:34.503   272   272 E PackageManager: Package com.android.providers.settings was user id 0 but is now user SharedUserSetting{695baaf android.uid.system/1000} with id 1000; I am not changing its files so it will probably fail!
02-21 18:01:34.503   272   272 E PackageManager: Package com.android.se was user id 0 but is now user SharedUserSetting{cdb9ba2 android.uid.se/1068} with id 1068; I am not changing its files so it will probably fail!
02-21 18:01:34.503   272   272 E PackageManager: Package com.android.inputdevices was user id 0 but is now user SharedUserSetting{695baaf android.uid.system/1000} with id 1000; I am not changing its files so it will probably fail!
02-21 18:01:34.503   272   272 E PackageManager: Package com.android.server.telecom was user id 0 but is now user SharedUserSetting{695baaf android.uid.system/1000} with id 1000; I am not changing its files so it will probably fail!
02-21 18:01:34.503   272   272 E PackageManager: Package com.android.keychain was user id 0 but is now user SharedUserSetting{695baaf android.uid.system/1000} with id 1000; I am not changing its files so it will probably fail!
02-21 18:01:34.503   272   272 E PackageManager: Package com.android.localtransport was user id 0 but is now user SharedUserSetting{695baaf android.uid.system/1000} with id 1000; I am not changing its files so it will probably fail!
02-21 18:01:34.503   272   272 E PackageManager: Package com.android.networkstack.tethering was user id 0 but is now user SharedUserSetting{2f41b3e android.uid.networkstack/1073} with id 1073; I am not changing its files so it will probably fail!
02-21 18:01:34.503   272   272 E PackageManager: Package com.android.soundpicker was user id 0 but is now user SharedUserSetting{79729c1 android.media/10058} with id 10058; I am not changing its files so it will probably fail!
02-21 18:01:34.503   272   272 E PackageManager: Package com.android.settings was user id 0 but is now user SharedUserSetting{695baaf android.uid.system/1000} with id 1000; I am not changing its files so it will probably fail!
02-21 18:01:34.503   272   272 E PackageManager: Package com.android.cts.ctsshim was user id 0 but is now user SharedUserSetting{5562c23 com.android.cts.ctsshim/10074} with id 10074; I am not changing its files so it will probably fail!
02-21 18:01:34.503   272   272 E PackageManager: Package org.lineageos.lineageparts was user id 0 but is now user SharedUserSetting{695baaf android.uid.system/1000} with id 1000; I am not changing its files so it will probably fail!
02-21 18:01:34.503   272   272 E PackageManager: Package org.lineageos.lineagesettings was user id 0 but is now user SharedUserSetting{695baaf android.uid.system/1000} with id 1000; I am not changing its files so it will probably fail!
02-21 18:01:34.503   272   272 E PackageManager: Package lineageos.platform was user id 0 but is now user SharedUserSetting{695baaf android.uid.system/1000} with id 1000; I am not changing its files so it will probably fail!
02-21 18:01:34.503   272   272 E PackageManager: Package com.android.phone was user id 0 but is now user SharedUserSetting{39ad990 android.uid.phone/1001} with id 1001; I am not changing its files so it will probably fail!
02-21 18:01:34.503   272   272 E PackageManager: Package com.android.shell was user id 0 but is now user SharedUserSetting{4b19576 android.uid.shell/2000} with id 2000; I am not changing its files so it will probably fail!
02-21 18:01:34.503   272   272 E PackageManager: Package com.android.wallpaperbackup was user id 0 but is now user SharedUserSetting{695baaf android.uid.system/1000} with id 1000; I am not changing its files so it will probably fail!
02-21 18:01:34.503   272   272 E PackageManager: Package com.android.providers.blockednumber was user id 0 but is now user SharedUserSetting{f3a6413 android.uid.shared/10052} with id 10052; I am not changing its files so it will probably fail!
02-21 18:01:34.503   272   272 E PackageManager: Package com.android.providers.userdictionary was user id 0 but is now user SharedUserSetting{f3a6413 android.uid.shared/10052} with id 10052; I am not changing its files so it will probably fail!
02-21 18:01:34.503   272   272 E PackageManager: Package com.android.emergency was user id 0 but is now user SharedUserSetting{bacc77c com.android.emergency.uid/10102} with id 10102; I am not changing its files so it will probably fail!
02-21 18:01:34.503   272   272 E PackageManager: Package com.android.location.fused was user id 0 but is now user SharedUserSetting{695baaf android.uid.system/1000} with id 1000; I am not changing its files so it will probably fail!
02-21 18:01:34.503   272   272 E PackageManager: Package com.android.systemui was user id 0 but is now user SharedUserSetting{6ecff81 android.uid.systemui/10108} with id 10108; I am not changing its files so it will probably fail!
02-21 18:01:34.503   272   272 E PackageManager: Package com.android.providers.contacts was user id 0 but is now user SharedUserSetting{f3a6413 android.uid.shared/10052} with id 10052; I am not changing its files so it will probably fail!
02-21 18:01:34.510   272   272 V SLog    : static_init took to complete: 0ms
02-21 18:01:34.510   272   272 W PackageSettings: Missing permission state for package com.android.uwb.resources on user 0
02-21 18:01:34.510   272   272 W PackageSettings: Missing permission state for package com.android.internal.display.cutout.emulation.corner on user 0
02-21 18:01:34.510   272   272 W PackageSettings: Missing permission state for package org.lineageos.overlay.customization.blacktheme on user 0
02-21 18:01:34.510   272   272 W PackageSettings: Missing permission state for package com.android.internal.display.cutout.emulation.double on user 0
02-21 18:01:34.510   272   272 W PackageSettings: Missing permission state for package com.android.theme.icon.pebble on user 0
02-21 18:01:34.510   272   272 W PackageSettings: Missing permission state for package com.android.theme.icon.square on user 0
02-21 18:01:34.510   272   272 W PackageSettings: Missing permission state for package com.android.internal.systemui.navbar.gestural_wide_back on user 0
02-21 18:01:34.510   272   272 W PackageSettings: Missing permission state for package com.android.theme.icon.vessel on user 0
02-21 18:01:34.510   272   272 W PackageSettings: Missing permission state for package com.android.theme.icon_pack.victor.settings on user 0
02-21 18:01:34.510   272   272 W PackageSettings: Missing permission state for package com.android.theme.icon_pack.rounded.systemui on user 0
02-21 18:01:34.510   272   272 W PackageSettings: Missing permission state for package com.android.theme.icon.taperedrect on user 0
02-21 18:01:34.510   272   272 W PackageSettings: Missing permission state for package com.android.htmlviewer on user 0
02-21 18:01:34.510   272   272 W PackageSettings: Missing permission state for package com.android.theme.icon_pack.rounded.android on user 0
02-21 18:01:34.510   272   272 W PackageSettings: Missing permission state for package com.android.theme.icon_pack.victor.systemui on user 0
02-21 18:01:34.510   272   272 W PackageSettings: Missing permission state for package com.android.connectivity.resources on user 0
02-21 18:01:34.510   272   272 W PackageSettings: Missing permission state for package com.android.internal.display.cutout.emulation.hole on user 0
02-21 18:01:34.510   272   272 W PackageSettings: Missing permission state for package com.android.internal.display.cutout.emulation.tall on user 0
02-21 18:01:34.510   272   272 W PackageSettings: Missing permission state for package com.android.networkstack.overlay on user 0
02-21 18:01:34.510   272   272 W PackageSettings: Missing permission state for package com.android.internal.systemui.navbar.threebutton on user 0
02-21 18:01:34.510   272   272 W PackageSettings: Missing permission state for package com.android.theme.icon_pack.rounded.launcher on user 0
02-21 18:01:34.510   272   272 W PackageSettings: Missing permission state for package com.android.theme.icon_pack.kai.settings on user 0
02-21 18:01:34.510   272   272 W PackageSettings: Missing permission state for package com.android.internal.systemui.navbar.twobutton on user 0
02-21 18:01:34.510   272   272 W PackageSettings: Missing permission state for package com.android.theme.icon_pack.sam.settings on user 0
02-21 18:01:34.510   272   272 W PackageSettings: Missing permission state for package com.android.internal.systemui.navbar.gestural_extra_wide_back on user 0
02-21 18:01:34.510   272   272 W PackageSettings: Missing permission state for package com.android.theme.icon_pack.victor.launcher on user 0
02-21 18:01:34.510   272   272 W PackageSettings: Missing permission state for package com.android.theme.icon_pack.filled.settings on user 0
02-21 18:01:34.510   272   272 W PackageSettings: Missing permission state for package com.android.dreams.basic on user 0
02-21 18:01:34.510   272   272 W PackageSettings: Missing permission state for package com.android.theme.icon_pack.kai.systemui on user 0
02-21 18:01:34.510   272   272 W PackageSettings: Missing permission state for package com.android.launcher3.overlay on user 0
02-21 18:01:34.510   272   272 W PackageSettings: Missing permission state for package com.android.theme.icon_pack.circular.settings on user 0
02-21 18:01:34.510   272   272 W PackageSettings: Missing permission state for package com.android.theme.icon_pack.sam.systemui on user 0
02-21 18:01:34.510   272   272 W PackageSettings: Missing permission state for package org.lineageos.overlay.font.rubik on user 0
02-21 18:01:34.510   272   272 W PackageSettings: Missing permission state for package com.android.theme.icon.teardrop on user 0
02-21 18:01:34.510   272   272 W PackageSettings: Missing permission state for package android.ext.shared on user 0
02-21 18:01:34.510   272   272 W PackageSettings: Missing permission state for package com.android.theme.icon_pack.filled.systemui on user 0
02-21 18:01:34.510   272   272 W PackageSettings: Missing permission state for package com.android.wifi.resources on user 0
02-21 18:01:34.510   272   272 W PackageSettings: Missing permission state for package com.android.cameraextensions on user 0
02-21 18:01:34.510   272   272 W PackageSettings: Missing permission state for package com.android.theme.icon_pack.sam.android on user 0
02-21 18:01:34.510   272   272 W PackageSettings: Missing permission state for package com.android.theme.font.notoserifsource on user 0
02-21 18:01:34.510   272   272 W PackageSettings: Missing permission state for package com.android.theme.icon_pack.filled.android on user 0
02-21 18:01:34.510   272   272 W PackageSettings: Missing permission state for package com.android.internal.display.cutout.emulation.waterfall on user 0
02-21 18:01:34.510   272   272 W PackageSettings: Missing permission state for package com.android.theme.icon_pack.circular.systemui on user 0
02-21 18:01:34.510   272   272 W PackageSettings: Missing permission state for package com.android.theme.icon_pack.kai.android on user 0
02-21 18:01:34.510   272   272 W PackageSettings: Missing permission state for package org.lineageos.overlay.customization.navbar.nohint on user 0
02-21 18:01:34.510   272   272 W PackageSettings: Missing permission state for package com.android.theme.icon_pack.kai.launcher on user 0
02-21 18:01:34.510   272   272 W PackageSettings: Missing permission state for package org.lineageos.overlay.font.lato on user 0
02-21 18:01:34.510   272   272 W PackageSettings: Missing permission state for package com.android.theme.icon_pack.sam.launcher on user 0
02-21 18:01:34.510   272   272 W PackageSettings: Missing permission state for package com.android.theme.icon.squircle on user 0
02-21 18:01:34.510   272   272 W PackageSettings: Missing permission state for package com.android.theme.icon_pack.victor.android on user 0
02-21 18:01:34.510   272   272 W PackageSettings: Missing permission state for package com.android.bookmarkprovider on user 0
02-21 18:01:34.510   272   272 W PackageSettings: Missing permission state for package com.android.theme.icon_pack.filled.launcher on user 0
02-21 18:01:34.510   272   272 W PackageSettings: Missing permission state for package com.google.android.apps.googlecamera.fishfood on user 0
02-21 18:01:34.510   272   272 W PackageSettings: Missing permission state for package com.android.theme.icon_pack.circular.launcher on user 0
02-21 18:01:34.510   272   272 W PackageSettings: Missing permission state for package com.android.internal.systemui.navbar.gestural on user 0
02-21 18:01:34.510   272   272 W PackageSettings: Missing permission state for package org.lineageos.backgrounds on user 0
02-21 18:01:34.510   272   272 W PackageSettings: Missing permission state for package com.android.documentsui.overlay on user 0
02-21 18:01:34.510   272   272 W PackageSettings: Missing permission state for package com.android.theme.icon.roundedrect on user 0
02-21 18:01:34.510   272   272 W PackageSettings: Missing permission state for package com.android.internal.systemui.navbar.gestural_narrow_back on user 0
02-21 18:01:34.510   272   272 W PackageSettings: Missing permission state for package com.android.theme.icon_pack.rounded.settings on user 0
02-21 18:01:34.510   272   272 W PackageSettings: Missing permission state for package com.android.theme.icon_pack.circular.android on user 0
02-21 18:01:34.510   272   272 W PackageSettings: Missing permission state for shared user: android.uid.log
02-21 18:01:34.510   272   272 W PackageSettings: Missing permission state for shared user: android.uid.uwb
02-21 18:01:34.510   272   272 W PackageSettings: Missing permission state for shared user: android.uid.bluetooth
02-21 18:01:34.511   272   272 V PackageManagerTiming: read user settings took to complete: 25ms
02-21 18:01:34.513   272   272 D PackageManager: Directories scanned as system partitions: [/system:0, /vendor:524288, /odm:4194304, /oem:262144, /system/product:1048576, /system/system_ext:2097152, /apex/com.android.wifi:8388608, /apex/com.android.vndk.v33:8388608, /apex/com.android.uwb:8388608, /apex/com.android.tzdata:8388608, /apex/com.android.tethering:8388608, /apex/com.android.sdkext:8388608, /apex/com.android.scheduling:8388608, /apex/com.android.runtime:8388608, /apex/com.android.resolv:8388608, /apex/com.android.permission:8388608, /apex/com.android.os.statsd:8388608, /apex/com.android.ondevicepersonalization:8388608, /apex/com.android.neuralnetworks:8388608, /apex/com.android.mediaprovider:8388608, /apex/com.android.media.swcodec:8388608, /apex/com.android.media:8388608, /apex/com.android.ipsec:8388608, /apex/com.android.i18n:8388608, /apex/com.android.extservices:8388608, /apex/com.android.conscrypt:8388608, /apex/com.android.btservices:8388608, /apex/com.android.art:8388608, /apex/com.android.appsearch:8388608, /apex/com.android.adservices:8388608, /apex/com.android.adbd:8388608]
02-21 18:01:34.513   272   272 D PackageManager: Keeping known cache 18
02-21 18:01:34.514   272   272 D PackageManager: No files in app dir /system/system_ext/overlay
02-21 18:01:34.517   272   272 I PackageBackwardCompatibility: Loaded android.content.pm.AndroidTestBaseUpdater
02-21 18:01:34.521   272   272 D CompatibilityChangeReporter: Compat change id reported: 143539591; UID -1; state: DISABLED
02-21 18:01:34.521   272   272 D CompatibilityChangeReporter: Compat change id reported: 168782947; UID -1; state: ENABLED
02-21 18:01:34.537   272   272 D PackageManager: No files in app dir /oem/overlay
02-21 18:01:34.537   272   272 D PackageManager: No files in app dir /odm/overlay
02-21 18:01:34.537   272   272 D PackageManager: No files in app dir /vendor/overlay
02-21 18:01:34.537   272   272 W PackageManager: Failed to parse /system/framework/x86: Missing base APK in /system/framework/x86
02-21 18:01:34.537   272   272 W PackageManager: Failed to parse /system/framework/oat: Missing base APK in /system/framework/oat
02-21 18:01:34.537   272   272 W PackageManager: Failed to parse /system/framework/x86_64: Missing base APK in /system/framework/x86_64
02-21 18:01:34.562   272   272 I PackageManager: /system/priv-app/NetworkStack changed; collecting certs
02-21 18:01:34.568   272   272 W PackageManager: Failed to scan /system/priv-app/NetworkStack: Application package com.android.networkstack already installed.  Skipping duplicate.
02-21 18:01:34.574   272   272 D CompatibilityChangeReporter: Compat change id reported: 168782947; UID -1; state: DISABLED
02-21 18:01:34.596   272   272 D PackageManager: No files in app dir /vendor/priv-app
02-21 18:01:34.596   272   272 D PackageManager: No files in app dir /vendor/app
02-21 18:01:34.596   272   272 D PackageManager: No files in app dir /odm/priv-app
02-21 18:01:34.596   272   272 D PackageManager: No files in app dir /odm/app
02-21 18:01:34.596   272   272 D PackageManager: No files in app dir /oem/app
02-21 18:01:34.597   333   339 I hwcomposer: eglMakeCurrent: EGL_SUCCESS
02-21 18:01:34.624   272   380 W PackageCacher: Failed to find APEX file backing /apex/com.android.wifi/priv-app/ServiceWifiResources@TQ3A.230901.001
02-21 18:01:34.624   272   381 W PackageCacher: Failed to find APEX file backing /apex/com.android.wifi/app/OsuLogin@TQ3A.230901.001
02-21 18:01:34.624   272   378 W PackageCacher: Failed to find APEX file backing /apex/com.android.wifi/app/WifiDialog@TQ3A.230901.001
02-21 18:01:34.625   272   272 D PackageManager: No files in app dir /apex/com.android.vndk.v33/priv-app
02-21 18:01:34.625   272   272 D PackageManager: No files in app dir /apex/com.android.vndk.v33/app
02-21 18:01:34.625   272   379 W PackageCacher: Failed to find APEX file backing /apex/com.android.uwb/priv-app/ServiceUwbResources@TQ3A.230901.001
02-21 18:01:34.626   272   272 D PackageManager: No files in app dir /apex/com.android.uwb/app
02-21 18:01:34.626   272   272 D PackageManager: No files in app dir /apex/com.android.tzdata/priv-app
02-21 18:01:34.626   272   272 D PackageManager: No files in app dir /apex/com.android.tzdata/app
02-21 18:01:34.627   272   378 W PackageCacher: Failed to find APEX file backing /apex/com.android.tethering/priv-app/TetheringNext@TQ3A.230901.001
02-21 18:01:34.627   272   380 W PackageCacher: Failed to find APEX file backing /apex/com.android.tethering/priv-app/ServiceConnectivityResources@TQ3A.230901.001
02-21 18:01:34.627   367   367 D BootAnimation: BootAnimationPreloadStopTiming start time: 38651ms
02-21 18:01:34.628   105   189 E HWComposer: getSupportedContentTypes: getSupportedContentTypes failed for display 0: Unsupported (8)
02-21 18:01:34.628   272   381 W PackageCacher: Failed to find APEX file backing /apex/com.android.tethering/app/HalfSheetUX@TQ3A.230901.001
02-21 18:01:34.628   272   272 D PackageManager: No files in app dir /apex/com.android.sdkext/priv-app
02-21 18:01:34.628   272   272 D PackageManager: No files in app dir /apex/com.android.sdkext/app
02-21 18:01:34.628   272   272 D PackageManager: No files in app dir /apex/com.android.scheduling/priv-app
02-21 18:01:34.628   272   272 D PackageManager: No files in app dir /apex/com.android.scheduling/app
02-21 18:01:34.628   272   272 D PackageManager: No files in app dir /apex/com.android.runtime/priv-app
02-21 18:01:34.628   272   272 D PackageManager: No files in app dir /apex/com.android.runtime/app
02-21 18:01:34.628   272   272 D PackageManager: No files in app dir /apex/com.android.resolv/priv-app
02-21 18:01:34.629   272   272 D PackageManager: No files in app dir /apex/com.android.resolv/app
02-21 18:01:34.629   272   379 W PackageCacher: Failed to find APEX file backing /apex/com.android.permission/priv-app/PermissionController@TQ3A.230901.001
02-21 18:01:34.629   272   378 W PackageCacher: Failed to find APEX file backing /apex/com.android.permission/priv-app/SafetyCenterResources@TQ3A.230901.001
02-21 18:01:34.630   272   272 D PackageManager: No files in app dir /apex/com.android.permission/app
02-21 18:01:34.630   272   272 D PackageManager: No files in app dir /apex/com.android.os.statsd/priv-app
02-21 18:01:34.630   272   272 D PackageManager: No files in app dir /apex/com.android.os.statsd/app
02-21 18:01:34.630   272   272 D PackageManager: No files in app dir /apex/com.android.ondevicepersonalization/priv-app
02-21 18:01:34.630   272   380 W PackageCacher: Failed to find APEX file backing /apex/com.android.ondevicepersonalization/app/OnDevicePersonalization@TQ3A.230901.001
02-21 18:01:34.631   272   272 D PackageManager: No files in app dir /apex/com.android.neuralnetworks/priv-app
02-21 18:01:34.631   272   272 D PackageManager: No files in app dir /apex/com.android.neuralnetworks/app
02-21 18:01:34.631   272   381 W PackageCacher: Failed to find APEX file backing /apex/com.android.mediaprovider/priv-app/MediaProvider@TQ3A.230901.001
02-21 18:01:34.631   272   272 D PackageManager: No files in app dir /apex/com.android.mediaprovider/app
02-21 18:01:34.631   272   272 D PackageManager: No files in app dir /apex/com.android.media.swcodec/priv-app
02-21 18:01:34.631   272   272 D PackageManager: No files in app dir /apex/com.android.media.swcodec/app
02-21 18:01:34.631   272   272 D PackageManager: No files in app dir /apex/com.android.media/priv-app
02-21 18:01:34.631   272   272 D PackageManager: No files in app dir /apex/com.android.media/app
02-21 18:01:34.631   272   272 D PackageManager: No files in app dir /apex/com.android.ipsec/priv-app
02-21 18:01:34.631   272   272 D PackageManager: No files in app dir /apex/com.android.ipsec/app
02-21 18:01:34.631   272   272 D PackageManager: No files in app dir /apex/com.android.i18n/priv-app
02-21 18:01:34.631   272   272 D PackageManager: No files in app dir /apex/com.android.i18n/app
02-21 18:01:34.631   272   379 W PackageCacher: Failed to find APEX file backing /apex/com.android.extservices/priv-app/ExtServices@TQ3A.230901.001
02-21 18:01:34.632   272   272 D PackageManager: No files in app dir /apex/com.android.extservices/app
02-21 18:01:34.632   272   272 D PackageManager: No files in app dir /apex/com.android.conscrypt/priv-app
02-21 18:01:34.632   272   272 D PackageManager: No files in app dir /apex/com.android.conscrypt/app
02-21 18:01:34.632   272   272 D PackageManager: No files in app dir /apex/com.android.btservices/priv-app
02-21 18:01:34.632   272   272 D PackageManager: No files in app dir /apex/com.android.btservices/app
02-21 18:01:34.632   272   272 D PackageManager: No files in app dir /apex/com.android.art/priv-app
02-21 18:01:34.632   272   272 D PackageManager: No files in app dir /apex/com.android.art/app
02-21 18:01:34.632   272   272 D PackageManager: No files in app dir /apex/com.android.appsearch/priv-app
02-21 18:01:34.632   272   272 D PackageManager: No files in app dir /apex/com.android.appsearch/app
02-21 18:01:34.632   272   378 W PackageCacher: Failed to find APEX file backing /apex/com.android.adservices/priv-app/AdServicesApk@TQ3A.230901.001
02-21 18:01:34.633   272   380 W PackageCacher: Failed to find APEX file backing /apex/com.android.adservices/app/SdkSandbox@TQ3A.230901.001
02-21 18:01:34.633   272   272 D PackageManager: No files in app dir /apex/com.android.adbd/priv-app
02-21 18:01:34.633   272   272 D PackageManager: No files in app dir /apex/com.android.adbd/app
02-21 18:01:34.635   272   272 I PackageManager: Finished scanning system apps. Time: 123 ms, packageCount: 152 , timePerPackage: 0 , cached: 153
02-21 18:01:34.636   272   272 D CompatibilityChangeReporter: Compat change id reported: 133396946; UID -1; state: ENABLED
02-21 18:01:34.636   272   272 I PackageManager: Finished scanning non-system apps. Time: 1 ms, packageCount: 1 , timePerPackage: 1 , cached: 1
02-21 18:01:34.636   272   272 W PackageManager: Missing required system package: .
02-21 18:01:34.637   272   272 I PackageManager: Time to scan packages: 0.125 seconds
02-21 18:01:34.637   272   272 I PackageManager: Permission ownership changed. Updating all permissions.
02-21 18:01:34.640   272   272 V PackageManager: reconcileAppsData for null u0 0x3 migrateAppData=true
02-21 18:01:34.652   367   385 D libEGL  : loaded /vendor/lib64/egl/libEGL_mesa.so
02-21 18:01:34.653   367   385 D libEGL  : loaded /vendor/lib64/egl/libGLESv1_CM_mesa.so
02-21 18:01:34.654   367   385 D libEGL  : loaded /vendor/lib64/egl/libGLESv2_mesa.so
02-21 18:01:34.655   272   272 V PackageManager: reconcileAppsData finished 24 packages
02-21 18:01:34.655   272   272 V PackageManager: Changing enabled state of com.android.vending/com.google.android.finsky.systemupdate.SystemUpdateSettingsContentProvider to false
02-21 18:01:34.655   272   272 W PackageManager: Unable to change enabled state of com.android.vending/com.google.android.finsky.systemupdate.SystemUpdateSettingsContentProvider to false
02-21 18:01:34.655   272   272 V PackageManager: Changing enabled state of com.android.vending/com.google.android.finsky.systemupdateactivity.SettingsSecurityEntryPoint to false
02-21 18:01:34.655   272   272 W PackageManager: Unable to change enabled state of com.android.vending/com.google.android.finsky.systemupdateactivity.SettingsSecurityEntryPoint to false
02-21 18:01:34.655   272   272 V PackageManager: Changing enabled state of com.android.vending/com.google.android.finsky.systemupdateactivity.SystemUpdateActivity to false
02-21 18:01:34.655   272   272 W PackageManager: Unable to change enabled state of com.android.vending/com.google.android.finsky.systemupdateactivity.SystemUpdateActivity to false
02-21 18:01:34.655   272   272 V PackageManager: Changing enabled state of com.google.android.gms/com.google.android.gms.update.phone.PopupDialog to false
02-21 18:01:34.655   272   272 W PackageManager: Unable to change enabled state of com.google.android.gms/com.google.android.gms.update.phone.PopupDialog to false
02-21 18:01:34.655   272   272 V PackageManager: Changing enabled state of com.google.android.gms/com.google.android.gms.update.OtaSuggestionActivity to false
02-21 18:01:34.655   272   272 W PackageManager: Unable to change enabled state of com.google.android.gms/com.google.android.gms.update.OtaSuggestionActivity to false
02-21 18:01:34.655   272   272 V PackageManager: Changing enabled state of com.google.android.gms/com.google.android.gms.update.OtaSuggestionSummaryProvider to false
02-21 18:01:34.655   272   386 D SystemServerTimingAsync: InitThreadPoolExec:prepareAppData
02-21 18:01:34.655   272   272 W PackageManager: Unable to change enabled state of com.google.android.gms/com.google.android.gms.update.OtaSuggestionSummaryProvider to false
02-21 18:01:34.655   272   272 V PackageManager: Changing enabled state of com.google.android.gms/com.google.android.gms.update.SystemUpdateActivity to false
02-21 18:01:34.655   272   272 W PackageManager: Unable to change enabled state of com.google.android.gms/com.google.android.gms.update.SystemUpdateActivity to false
02-21 18:01:34.655   272   272 V PackageManager: Changing enabled state of com.google.android.gms/com.google.android.gms.update.SystemUpdateGcmTaskService to false
02-21 18:01:34.655   272   272 W PackageManager: Unable to change enabled state of com.google.android.gms/com.google.android.gms.update.SystemUpdateGcmTaskService to false
02-21 18:01:34.655   272   272 V PackageManager: Changing enabled state of com.google.android.gms/com.google.android.gms.update.SystemUpdatePersistentListenerService to false
02-21 18:01:34.655   272   272 W PackageManager: Unable to change enabled state of com.google.android.gms/com.google.android.gms.update.SystemUpdatePersistentListenerService to false
02-21 18:01:34.655   272   272 V PackageManager: Changing enabled state of com.google.android.gms/com.google.android.gms.update.SystemUpdateService to false
02-21 18:01:34.655   272   272 W PackageManager: Unable to change enabled state of com.google.android.gms/com.google.android.gms.update.SystemUpdateService to false
02-21 18:01:34.655   272   272 V PackageManager: Changing enabled state of com.google.android.setupwizard/com.google.android.setupwizard.update.OtaUpdateActivity to false
02-21 18:01:34.655   272   272 W PackageManager: Unable to change enabled state of com.google.android.setupwizard/com.google.android.setupwizard.update.OtaUpdateActivity to false
02-21 18:01:34.655   272   272 D PackageManagerTiming: write settings
02-21 18:01:34.658   367   385 I MESA    : Using gralloc0 CrOS API
02-21 18:01:34.658   367   385 W EGL-MAIN: failed to get driver name for fd -1
02-21 18:01:34.658   367   385 W EGL-MAIN: MESA-LOADER: failed to retrieve device information
02-21 18:01:34.658   367   385 W EGL-MAIN: failed to get driver name for fd -1
02-21 18:01:34.660   272   272 E SELinuxJNI: fileSelabelLookup => SELinux is disabled
02-21 18:01:34.664   272   272 V PackageManagerTiming: write settings took to complete: 9ms
02-21 18:01:34.664   272   272 W PackageManager: There should probably be a verifier, but, none were found
02-21 18:01:34.664   272   272 W PackageManager: Domain verification agent not found
02-21 18:01:34.666   272   272 D PackageManagerTiming: GC
02-21 18:01:34.667   272   272 V PackageManagerTiming: GC took to complete: 0ms
02-21 18:01:34.667   272   272 I PackageManager: Fix for b/169414761 is applied
02-21 18:01:34.667   272   272 V PackageManagerTiming: create package manager took to complete: 203ms
02-21 18:01:34.667   272   272 V UserSystemPackageInstaller: Checking that all system packages are whitelisted.
02-21 18:01:34.669   272   272 W UserSystemPackageInstaller: checkWhitelistedSystemPackages(mode=ENFORCE|IMPLICIT_WHITELIST|IMPLICIT_WHITELIST_SYSTEM) has 21 warnings:
02-21 18:01:34.669   272   272 W UserSystemPackageInstaller: com.android.theme.color.amethyst is allowlisted but not present.
02-21 18:01:34.669   272   272 W UserSystemPackageInstaller: com.android.theme.color.sand is allowlisted but not present.
02-21 18:01:34.669   272   272 W UserSystemPackageInstaller: com.android.wallpapercropper is allowlisted but not present.
02-21 18:01:34.669   272   272 W UserSystemPackageInstaller: com.android.theme.color.cinnamon is allowlisted but not present.
02-21 18:01:34.669   272   272 W UserSystemPackageInstaller: com.android.internal.systemui.onehanded.gestural is allowlisted but not present.
02-21 18:01:34.669   272   272 W UserSystemPackageInstaller: com.android.theme.icon_pack.circular.themepicker is allowlisted but not present.
02-21 18:01:34.669   272   272 W UserSystemPackageInstaller: com.android.theme.color.tangerine is allowlisted but not present.
02-21 18:01:34.669   272   272 W UserSystemPackageInstaller: com.android.theme.color.aquamarine is allowlisted but not present.
02-21 18:01:34.669   272   272 W UserSystemPackageInstaller: com.android.theme.color.black is allowlisted but not present.
02-21 18:01:34.669   272   272 W UserSystemPackageInstaller: com.android.theme.color.green is allowlisted but not present.
02-21 18:01:34.669   272   272 W UserSystemPackageInstaller: com.android.theme.color.ocean is allowlisted but not present.
02-21 18:01:34.669   272   272 W UserSystemPackageInstaller: com.android.theme.color.space is allowlisted but not present.
02-21 18:01:34.669   272   272 W UserSystemPackageInstaller: com.android.theme.icon_pack.kai.themepicker is allowlisted but not present.
02-21 18:01:34.669   272   272 W UserSystemPackageInstaller: com.android.theme.icon_pack.rounded.themepicker is allowlisted but not present.
02-21 18:01:34.669   272   272 W UserSystemPackageInstaller: com.android.theme.color.palette is allowlisted but not present.
02-21 18:01:34.669   272   272 W UserSystemPackageInstaller: com.android.theme.color.carbon is allowlisted but not present.
02-21 18:01:34.669   272   272 W UserSystemPackageInstaller: com.android.theme.icon_pack.filled.themepicker is allowlisted but not present.
02-21 18:01:34.669   272   272 W UserSystemPackageInstaller: com.android.theme.icon_pack.victor.themepicker is allowlisted but not present.
02-21 18:01:34.669   272   272 W UserSystemPackageInstaller: com.android.theme.color.orchid is allowlisted but not present.
02-21 18:01:34.669   272   272 W UserSystemPackageInstaller: com.android.theme.color.purple is allowlisted but not present.
02-21 18:01:34.669   272   272 W UserSystemPackageInstaller: com.android.theme.icon_pack.sam.themepicker is allowlisted but not present.
02-21 18:01:34.669   272   272 I Watchdog: Resuming HandlerChecker: main thread for reason: packagemanagermain. Pause count: 0
02-21 18:01:34.669    31    31 I servicemanager: Could not find android.hardware.graphics.allocator.IAllocator/default in the VINTF manifest.
02-21 18:01:34.669   272   272 I SystemServerDexLoadReporter: Configuring system server dex reporter
02-21 18:01:34.670   272   272 V SystemServerTiming: StartPackageManagerService took to complete: 212ms
02-21 18:01:34.670   272   272 D SystemServerTiming: StartOtaDexOptService
02-21 18:01:34.670   272   272 I Watchdog: Pausing HandlerChecker: main thread for reason: moveab. Pause count: 1
02-21 18:01:34.670   272   272 D OTADexopt: No upgrade, skipping A/B artifacts check.
02-21 18:01:34.670   272   272 I Watchdog: Resuming HandlerChecker: main thread for reason: moveab. Pause count: 0
02-21 18:01:34.670   272   272 V SystemServerTiming: StartOtaDexOptService took to complete: 0ms
02-21 18:01:34.670   272   272 D SystemServerTiming: StartUserManagerService
02-21 18:01:34.670   272   272 I SystemServiceManager: Starting com.android.server.pm.UserManagerService$LifeCycle
02-21 18:01:34.670   272   272 V SystemServerTiming: StartUserManagerService took to complete: 0ms
02-21 18:01:34.670   272   272 D SystemServerTiming: InitAttributerCache
02-21 18:01:34.670   272   272 V SystemServerTiming: InitAttributerCache took to complete: 0ms
02-21 18:01:34.670   272   272 D SystemServerTiming: SetSystemProcess
02-21 18:01:34.671   272   314 I ActivityManager: Connection with lmkd established
02-21 18:01:34.671    30    30 I lowmemorykiller: lmkd data connection established
02-21 18:01:34.671   272   272 V SystemServerTiming: SetSystemProcess took to complete: 1ms
02-21 18:01:34.671   272   272 D CompatibilityChangeReporter: Compat change id reported: 161145287; UID 1000; state: DISABLED
02-21 18:01:34.671    95    95 V [minigbm:gbm_mesa_internals.cpp(382)]: Allocated: 1920x1116, stride: 7680, map_stride: 0
02-21 18:01:34.671   272   272 D SystemServerTiming: InitWatchdog
02-21 18:01:34.671   272   272 V SystemServerTiming: InitWatchdog took to complete: 0ms
02-21 18:01:34.671   272   272 D SystemServerTiming: StartOverlayManagerService
02-21 18:01:34.673   272   366 V HistoricalRegistry: Interaction before persistence initialized
02-21 18:01:34.673   272   288 V HistoricalRegistry: Interaction before persistence initialized
02-21 18:01:34.673   125   125 I cameraserver: Waiting for sensor privacy service
02-21 18:01:34.673   102   102 I audioserver: Waiting for sensor privacy service
02-21 18:01:34.685    95    95 V [minigbm:gbm_mesa_internals.cpp(382)]: Allocated: 128x128, stride: 512, map_stride: 0
02-21 18:01:34.685    95    95 E android.hardware.graphics.allocator@4.0-service.minigbm_gbm_mesa: Unsupported combination -- pixel format: RGBA_FP16, drm format:DRM_FOURCC_AB4H, usage: CPU_READ_NEVER | CPU_WRITE_NEVER | GPU_TEXTURE (0x100)
02-21 18:01:34.685   105   194 E GraphicBufferAllocator: Failed to allocate (128 x 128) layerCount 1 format 22 usage 100: 7
02-21 18:01:34.701   367   385 D BootAnimation: BootAnimationShownTiming start time: 38725ms
02-21 18:01:34.701   367   385 D BootAnimation: Playing files = /product/media/bootanimation.zip/part0, Requested repeat = 1, playUntilComplete = true
02-21 18:01:34.719   105   105 I SurfaceFlinger: Enter boot animation
02-21 18:01:34.721    95    95 V [minigbm:gbm_mesa_internals.cpp(382)]: Allocated: 1920x1116, stride: 7680, map_stride: 0
02-21 18:01:34.726   272   272 V SystemServerTiming: StartOverlayManagerService took to complete: 54ms
02-21 18:01:34.726   272   272 D SystemServerTiming: StartResourcesManagerService
02-21 18:01:34.726   272   272 V SystemServerTiming: StartResourcesManagerService took to complete: 0ms
02-21 18:01:34.726   272   272 D SystemServerTiming: StartSensorPrivacyService
02-21 18:01:34.726   272   302 W ActivityTaskManager: Skip updateConfiguration because mWindowManager isn't set
02-21 18:01:34.727   272   272 V SystemServerTiming: StartSensorPrivacyService took to complete: 1ms
02-21 18:01:34.727   272   272 D SystemServerTiming: StartSensorService
02-21 18:01:34.727   272   272 I SystemServiceManager: Starting com.android.server.sensors.SensorService
02-21 18:01:34.727   272   272 V SystemServerTiming: StartSensorService took to complete: 0ms
02-21 18:01:34.727   272   272 V SystemServerTiming: startBootstrapServices took to complete: 3163ms
02-21 18:01:34.727   272   272 D SystemServerTiming: startCoreServices
02-21 18:01:34.727   272   272 D SystemServerTiming: StartSystemConfigService
02-21 18:01:34.727   272   272 I SystemServiceManager: Starting com.android.server.SystemConfigService
02-21 18:01:34.727   272   272 V SystemServerTiming: StartSystemConfigService took to complete: 0ms
02-21 18:01:34.727   272   272 D SystemServerTiming: StartBatteryService
02-21 18:01:34.727   272   272 I SystemServiceManager: Starting com.android.server.BatteryService
02-21 18:01:34.727   272   404 D SystemServerTimingAsync: InitThreadPoolExec:StartNativeSensorService
02-21 18:01:34.727   272   404 D SystemServerTimingAsync: StartNativeSensorService
02-21 18:01:34.727   272   404 D SensorService: nuSensorService starting...
02-21 18:01:34.727    31    31 I servicemanager: Could not find android.hardware.sensors.ISensors/default in the VINTF manifest.
02-21 18:01:34.727    32    32 I hwservicemanager: getTransport: Cannot find entry android.hardware.sensors@2.1::ISensors/default in either framework or device VINTF manifest.
02-21 18:01:34.727    32    32 I hwservicemanager: getTransport: Cannot find entry android.hardware.sensors@2.0::ISensors/default in either framework or device VINTF manifest.
02-21 18:01:34.728    32    32 I hwservicemanager: getTransport: Cannot find entry motorola.hardware.health@1.0::IMotHealth/default in either framework or device VINTF manifest.
02-21 18:01:34.728   272   272 E BatteryService: mothealth: cannot get service. (no supported health HAL service)
02-21 18:01:34.728    31    31 I servicemanager: Could not find android.hardware.health.IHealth/default in the VINTF manifest.
02-21 18:01:34.728   272   272 I android_os_HwBinder: HwBinder: Starting hwbinderthread pool for getting: android.hardware.health@2.0::IHealth/default
02-21 18:01:34.728   272   404 V SystemServerTimingAsync: StartNativeSensorService took to complete: 1ms
02-21 18:01:34.728   272   404 V SystemServerTimingAsync: InitThreadPoolExec:StartNativeSensorService took to complete: 1ms
02-21 18:01:34.731   272   386 V SystemServerTimingAsync: AppDataFixup took to complete: 77ms
02-21 18:01:34.732   272   386 W PackageManager: Skipping preparing app data for com.android.sdksandbox
02-21 18:01:34.732   130   186 I ServiceManager: Waiting for service 'package_native' on '/dev/binder' successful after waiting 4822ms
02-21 18:01:34.732   128   143 E installd: Failed to mark default storage /data/data/com.android.sdksandbox: No such file or directory
02-21 18:01:34.732   272   386 W PackageManager: Failed to migrate com.android.sdksandbox: android.os.ServiceSpecificException: Failed to mark default storage /data/data/com.android.sdksandbox (code 2)
02-21 18:01:34.732   272   386 W PackageManager: Skipping preparing app data for com.android.sdksandbox
02-21 18:01:34.736   272   318 E KernelCpuUidFreqTimeReader: Failed to read /proc/uid_time_in_state: java.nio.file.NoSuchFileException: /proc/uid_time_in_state
02-21 18:01:34.736   272   318 W KernelCpuProcStringReader: File not found. It's normal if not implemented: /proc/uid_cputime/show_uid_stat
02-21 18:01:34.736   272   318 W KernelCpuProcStringReader: File not found. It's normal if not implemented: /proc/uid_time_in_state
02-21 18:01:34.736   272   318 W KernelCpuProcStringReader: File not found. It's normal if not implemented: /proc/uid_concurrent_active_time
02-21 18:01:34.736   272   318 W KernelCpuProcStringReader: File not found. It's normal if not implemented: /proc/uid_concurrent_policy_time
02-21 18:01:34.736   272   318 E KernelCpuSpeedReader: Failed to read cpu-freq: /sys/devices/system/cpu/cpu0/cpufreq/stats/time_in_state: open failed: ENOENT (No such file or directory)
02-21 18:01:34.736   272   318 E system_server: Cannot obtain CPU frequency count
02-21 18:01:34.736   272   318 E system_server: Cannot obtain CPU frequency count
02-21 18:01:34.736   272   318 E system_server: Cannot obtain CPU frequency count
02-21 18:01:34.736   272   318 E system_server: Cannot read thread CPU times for PID 272
02-21 18:01:34.736    95    95 V [minigbm:gbm_mesa_internals.cpp(382)]: Allocated: 1920x1116, stride: 7680, map_stride: 0
02-21 18:01:34.736   272   318 E KernelCpuUidFreqTimeReader: Failed to read /proc/uid_time_in_state: java.nio.file.NoSuchFileException: /proc/uid_time_in_state
02-21 18:01:34.737   272   318 E KernelCpuSpeedReader: Failed to read cpu-freq: /sys/devices/system/cpu/cpu0/cpufreq/stats/time_in_state: open failed: ENOENT (No such file or directory)
02-21 18:01:34.737   272   318 E system_server: Cannot obtain CPU frequency count
02-21 18:01:34.737   272   318 E system_server: Cannot obtain CPU frequency count
02-21 18:01:34.737   272   318 E system_server: Cannot obtain CPU frequency count
02-21 18:01:34.737   272   318 E system_server: Cannot read thread CPU times for PID 272
02-21 18:01:34.743   272   272 I android_os_HwBinder: HwBinder: Starting hwbinderthread pool for getting: android.hidl.manager@1.0::IServiceManager/default
02-21 18:01:34.743   272   272 I HealthServiceWrapperHidl: health: HealthServiceWrapper listening to instance default
02-21 18:01:34.743   272   272 I BatteryService: health: Waited 0ms and received the update.
02-21 18:01:34.743   272   272 V SystemServerTiming: StartBatteryService took to complete: 16ms
02-21 18:01:34.743   272   272 D SystemServerTiming: StartUsageService
